<!doctype html public "-//w3c//dtd html 4.0 transitional//en">
<html><head>
<title>Static Call Graph - [.\Flash\RTX_Blinky.axf]</title></head>
<body><HR>
<H1>Static Call Graph for image .\Flash\RTX_Blinky.axf</H1><HR>
<BR><P>#&#060CALLGRAPH&#062# ARM Linker, 5.03 [Build 24]: Last Updated: Mon Nov 30 16:27:05 2015
<BR><P>
<H3>Maximum Stack Usage =         80 bytes + Unknown(Cycles, Untraceable Function Pointers)</H3><H3>
Call chain for Maximum Stack Depth:</H3>
main &rArr; osKernelInitialize &rArr; svcKernelInitialize &rArr; svcThreadCreate &rArr; rt_tsk_create &rArr; rt_init_context &rArr; rt_init_stack
<P>
<H3>
Mutually Recursive functions
</H3> <LI><a href="#[1]">NMI_Handler</a>&nbsp;&nbsp;&nbsp;&rArr;&nbsp;&nbsp;&nbsp;<a href="#[1]">NMI_Handler</a><BR>
 <LI><a href="#[3]">MemManage_Handler</a>&nbsp;&nbsp;&nbsp;&rArr;&nbsp;&nbsp;&nbsp;<a href="#[3]">MemManage_Handler</a><BR>
 <LI><a href="#[4]">BusFault_Handler</a>&nbsp;&nbsp;&nbsp;&rArr;&nbsp;&nbsp;&nbsp;<a href="#[4]">BusFault_Handler</a><BR>
 <LI><a href="#[5]">UsageFault_Handler</a>&nbsp;&nbsp;&nbsp;&rArr;&nbsp;&nbsp;&nbsp;<a href="#[5]">UsageFault_Handler</a><BR>
 <LI><a href="#[7]">DebugMon_Handler</a>&nbsp;&nbsp;&nbsp;&rArr;&nbsp;&nbsp;&nbsp;<a href="#[7]">DebugMon_Handler</a><BR>
 <LI><a href="#[f]">Default_Handler</a>&nbsp;&nbsp;&nbsp;&rArr;&nbsp;&nbsp;&nbsp;<a href="#[f]">Default_Handler</a><BR>
</UL>
<P>
<H3>
Function Pointers
</H3><UL>
 <LI><a href="#[2f]">ACMP_IRQHandler</a> from startup_nuc472_442.o(.text) referenced from startup_nuc472_442.o(RESET)
 <LI><a href="#[28]">ADC_IRQHandler</a> from startup_nuc472_442.o(.text) referenced from startup_nuc472_442.o(RESET)
 <LI><a href="#[a]">BOD_IRQHandler</a> from startup_nuc472_442.o(.text) referenced from startup_nuc472_442.o(RESET)
 <LI><a href="#[4]">BusFault_Handler</a> from startup_nuc472_442.o(.text) referenced from startup_nuc472_442.o(RESET)
 <LI><a href="#[62]">CAN0_IRQHandler</a> from startup_nuc472_442.o(.text) referenced from startup_nuc472_442.o(RESET)
 <LI><a href="#[63]">CAN1_IRQHandler</a> from startup_nuc472_442.o(.text) referenced from startup_nuc472_442.o(RESET)
 <LI><a href="#[68]">CAP_IRQHandler</a> from startup_nuc472_442.o(.text) referenced from startup_nuc472_442.o(RESET)
 <LI><a href="#[e]">CLKF_IRQHandler</a> from startup_nuc472_442.o(.text) referenced from startup_nuc472_442.o(RESET)
 <LI><a href="#[6a]">CRC_IRQHandler</a> from startup_nuc472_442.o(.text) referenced from startup_nuc472_442.o(RESET)
 <LI><a href="#[69]">CRYPTO_IRQHandler</a> from startup_nuc472_442.o(.text) referenced from startup_nuc472_442.o(RESET)
 <LI><a href="#[7]">DebugMon_Handler</a> from startup_nuc472_442.o(.text) referenced from startup_nuc472_442.o(RESET)
 <LI><a href="#[f]">Default_Handler</a> from startup_nuc472_442.o(.text) referenced 46 times from startup_nuc472_442.o(RESET)
 <LI><a href="#[2b]">EADC0_IRQHandler</a> from startup_nuc472_442.o(.text) referenced from startup_nuc472_442.o(RESET)
 <LI><a href="#[2c]">EADC1_IRQHandler</a> from startup_nuc472_442.o(.text) referenced from startup_nuc472_442.o(RESET)
 <LI><a href="#[2d]">EADC2_IRQHandler</a> from startup_nuc472_442.o(.text) referenced from startup_nuc472_442.o(RESET)
 <LI><a href="#[2e]">EADC3_IRQHandler</a> from startup_nuc472_442.o(.text) referenced from startup_nuc472_442.o(RESET)
 <LI><a href="#[12]">EINT0_IRQHandler</a> from startup_nuc472_442.o(.text) referenced from startup_nuc472_442.o(RESET)
 <LI><a href="#[13]">EINT1_IRQHandler</a> from startup_nuc472_442.o(.text) referenced from startup_nuc472_442.o(RESET)
 <LI><a href="#[14]">EINT2_IRQHandler</a> from startup_nuc472_442.o(.text) referenced from startup_nuc472_442.o(RESET)
 <LI><a href="#[15]">EINT3_IRQHandler</a> from startup_nuc472_442.o(.text) referenced from startup_nuc472_442.o(RESET)
 <LI><a href="#[16]">EINT4_IRQHandler</a> from startup_nuc472_442.o(.text) referenced from startup_nuc472_442.o(RESET)
 <LI><a href="#[17]">EINT5_IRQHandler</a> from startup_nuc472_442.o(.text) referenced from startup_nuc472_442.o(RESET)
 <LI><a href="#[18]">EINT6_IRQHandler</a> from startup_nuc472_442.o(.text) referenced from startup_nuc472_442.o(RESET)
 <LI><a href="#[19]">EINT7_IRQHandler</a> from startup_nuc472_442.o(.text) referenced from startup_nuc472_442.o(RESET)
 <LI><a href="#[4c]">EMAC_RX_IRQHandler</a> from startup_nuc472_442.o(.text) referenced from startup_nuc472_442.o(RESET)
 <LI><a href="#[4b]">EMAC_TX_IRQHandler</a> from startup_nuc472_442.o(.text) referenced from startup_nuc472_442.o(RESET)
 <LI><a href="#[45]">EPWM0BRK_IRQHandler</a> from startup_nuc472_442.o(.text) referenced from startup_nuc472_442.o(RESET)
 <LI><a href="#[44]">EPWM0_IRQHandler</a> from startup_nuc472_442.o(.text) referenced from startup_nuc472_442.o(RESET)
 <LI><a href="#[47]">EPWM1BRK_IRQHandler</a> from startup_nuc472_442.o(.text) referenced from startup_nuc472_442.o(RESET)
 <LI><a href="#[46]">EPWM1_IRQHandler</a> from startup_nuc472_442.o(.text) referenced from startup_nuc472_442.o(RESET)
 <LI><a href="#[1a]">GPA_IRQHandler</a> from startup_nuc472_442.o(.text) referenced from startup_nuc472_442.o(RESET)
 <LI><a href="#[1b]">GPB_IRQHandler</a> from startup_nuc472_442.o(.text) referenced from startup_nuc472_442.o(RESET)
 <LI><a href="#[1c]">GPC_IRQHandler</a> from startup_nuc472_442.o(.text) referenced from startup_nuc472_442.o(RESET)
 <LI><a href="#[1d]">GPD_IRQHandler</a> from startup_nuc472_442.o(.text) referenced from startup_nuc472_442.o(RESET)
 <LI><a href="#[1e]">GPE_IRQHandler</a> from startup_nuc472_442.o(.text) referenced from startup_nuc472_442.o(RESET)
 <LI><a href="#[1f]">GPF_IRQHandler</a> from startup_nuc472_442.o(.text) referenced from startup_nuc472_442.o(RESET)
 <LI><a href="#[20]">GPG_IRQHandler</a> from startup_nuc472_442.o(.text) referenced from startup_nuc472_442.o(RESET)
 <LI><a href="#[21]">GPH_IRQHandler</a> from startup_nuc472_442.o(.text) referenced from startup_nuc472_442.o(RESET)
 <LI><a href="#[22]">GPI_IRQHandler</a> from startup_nuc472_442.o(.text) referenced from startup_nuc472_442.o(RESET)
 <LI><a href="#[2]">HardFault_Handler</a> from retarget.o(.emb_text) referenced from startup_nuc472_442.o(RESET)
 <LI><a href="#[6b]">Hard_Fault_Handler</a> from retarget.o(.text) referenced from retarget.o(.emb_text)
 <LI><a href="#[57]">I2C0_IRQHandler</a> from startup_nuc472_442.o(.text) referenced from startup_nuc472_442.o(RESET)
 <LI><a href="#[58]">I2C1_IRQHandler</a> from startup_nuc472_442.o(.text) referenced from startup_nuc472_442.o(RESET)
 <LI><a href="#[59]">I2C2_IRQHandler</a> from startup_nuc472_442.o(.text) referenced from startup_nuc472_442.o(RESET)
 <LI><a href="#[5a]">I2C3_IRQHandler</a> from startup_nuc472_442.o(.text) referenced from startup_nuc472_442.o(RESET)
 <LI><a href="#[5b]">I2C4_IRQHandler</a> from startup_nuc472_442.o(.text) referenced from startup_nuc472_442.o(RESET)
 <LI><a href="#[64]">I2S0_IRQHandler</a> from startup_nuc472_442.o(.text) referenced from startup_nuc472_442.o(RESET)
 <LI><a href="#[65]">I2S1_IRQHandler</a> from startup_nuc472_442.o(.text) referenced from startup_nuc472_442.o(RESET)
 <LI><a href="#[32]">ICAP0_IRQHandler</a> from startup_nuc472_442.o(.text) referenced from startup_nuc472_442.o(RESET)
 <LI><a href="#[33]">ICAP1_IRQHandler</a> from startup_nuc472_442.o(.text) referenced from startup_nuc472_442.o(RESET)
 <LI><a href="#[b]">IRC_IRQHandler</a> from startup_nuc472_442.o(.text) referenced from startup_nuc472_442.o(RESET)
 <LI><a href="#[3]">MemManage_Handler</a> from startup_nuc472_442.o(.text) referenced from startup_nuc472_442.o(RESET)
 <LI><a href="#[1]">NMI_Handler</a> from startup_nuc472_442.o(.text) referenced from startup_nuc472_442.o(RESET)
 <LI><a href="#[30]">OPA0_IRQHandler</a> from startup_nuc472_442.o(.text) referenced from startup_nuc472_442.o(RESET)
 <LI><a href="#[31]">OPA1_IRQHandler</a> from startup_nuc472_442.o(.text) referenced from startup_nuc472_442.o(RESET)
 <LI><a href="#[27]">PDMA_IRQHandler</a> from startup_nuc472_442.o(.text) referenced from startup_nuc472_442.o(RESET)
 <LI><a href="#[67]">PS2D_IRQHandler</a> from startup_nuc472_442.o(.text) referenced from startup_nuc472_442.o(RESET)
 <LI><a href="#[34]">PWM0CH0_IRQHandler</a> from startup_nuc472_442.o(.text) referenced from startup_nuc472_442.o(RESET)
 <LI><a href="#[35]">PWM0CH1_IRQHandler</a> from startup_nuc472_442.o(.text) referenced from startup_nuc472_442.o(RESET)
 <LI><a href="#[36]">PWM0CH2_IRQHandler</a> from startup_nuc472_442.o(.text) referenced from startup_nuc472_442.o(RESET)
 <LI><a href="#[37]">PWM0CH3_IRQHandler</a> from startup_nuc472_442.o(.text) referenced from startup_nuc472_442.o(RESET)
 <LI><a href="#[38]">PWM0CH4_IRQHandler</a> from startup_nuc472_442.o(.text) referenced from startup_nuc472_442.o(RESET)
 <LI><a href="#[39]">PWM0CH5_IRQHandler</a> from startup_nuc472_442.o(.text) referenced from startup_nuc472_442.o(RESET)
 <LI><a href="#[3a]">PWM0_BRK_IRQHandler</a> from startup_nuc472_442.o(.text) referenced from startup_nuc472_442.o(RESET)
 <LI><a href="#[3c]">PWM1CH0_IRQHandler</a> from startup_nuc472_442.o(.text) referenced from startup_nuc472_442.o(RESET)
 <LI><a href="#[3d]">PWM1CH1_IRQHandler</a> from startup_nuc472_442.o(.text) referenced from startup_nuc472_442.o(RESET)
 <LI><a href="#[3e]">PWM1CH2_IRQHandler</a> from startup_nuc472_442.o(.text) referenced from startup_nuc472_442.o(RESET)
 <LI><a href="#[3f]">PWM1CH3_IRQHandler</a> from startup_nuc472_442.o(.text) referenced from startup_nuc472_442.o(RESET)
 <LI><a href="#[40]">PWM1CH4_IRQHandler</a> from startup_nuc472_442.o(.text) referenced from startup_nuc472_442.o(RESET)
 <LI><a href="#[41]">PWM1CH5_IRQHandler</a> from startup_nuc472_442.o(.text) referenced from startup_nuc472_442.o(RESET)
 <LI><a href="#[42]">PWM1_BRK_IRQHandler</a> from startup_nuc472_442.o(.text) referenced from startup_nuc472_442.o(RESET)
 <LI><a href="#[c]">PWRWU_IRQHandler</a> from startup_nuc472_442.o(.text) referenced from startup_nuc472_442.o(RESET)
 <LI><a href="#[8]">PendSV_Handler</a> from hal_cm4.o(.emb_text) referenced from startup_nuc472_442.o(RESET)
 <LI><a href="#[3b]">QEI0_IRQHandler</a> from startup_nuc472_442.o(.text) referenced from startup_nuc472_442.o(RESET)
 <LI><a href="#[43]">QEI1_IRQHandler</a> from startup_nuc472_442.o(.text) referenced from startup_nuc472_442.o(RESET)
 <LI><a href="#[10]">RTC_IRQHandler</a> from startup_nuc472_442.o(.text) referenced from startup_nuc472_442.o(RESET)
 <LI><a href="#[84]">Reset_Handler</a> from startup_nuc472_442.o(.text) referenced from startup_nuc472_442.o(RESET)
 <LI><a href="#[5c]">SC0_IRQHandler</a> from startup_nuc472_442.o(.text) referenced from startup_nuc472_442.o(RESET)
 <LI><a href="#[5d]">SC1_IRQHandler</a> from startup_nuc472_442.o(.text) referenced from startup_nuc472_442.o(RESET)
 <LI><a href="#[5e]">SC2_IRQHandler</a> from startup_nuc472_442.o(.text) referenced from startup_nuc472_442.o(RESET)
 <LI><a href="#[5f]">SC3_IRQHandler</a> from startup_nuc472_442.o(.text) referenced from startup_nuc472_442.o(RESET)
 <LI><a href="#[60]">SC4_IRQHandler</a> from startup_nuc472_442.o(.text) referenced from startup_nuc472_442.o(RESET)
 <LI><a href="#[61]">SC5_IRQHandler</a> from startup_nuc472_442.o(.text) referenced from startup_nuc472_442.o(RESET)
 <LI><a href="#[66]">SD_IRQHandler</a> from startup_nuc472_442.o(.text) referenced from startup_nuc472_442.o(RESET)
 <LI><a href="#[4d]">SPI0_IRQHandler</a> from startup_nuc472_442.o(.text) referenced from startup_nuc472_442.o(RESET)
 <LI><a href="#[4e]">SPI1_IRQHandler</a> from startup_nuc472_442.o(.text) referenced from startup_nuc472_442.o(RESET)
 <LI><a href="#[4f]">SPI2_IRQHandler</a> from startup_nuc472_442.o(.text) referenced from startup_nuc472_442.o(RESET)
 <LI><a href="#[50]">SPI3_IRQHandler</a> from startup_nuc472_442.o(.text) referenced from startup_nuc472_442.o(RESET)
 <LI><a href="#[d]">SRAMF_IRQHandler</a> from startup_nuc472_442.o(.text) referenced from startup_nuc472_442.o(RESET)
 <LI><a href="#[6]">SVC_Handler</a> from hal_cm4.o(.emb_text) referenced from startup_nuc472_442.o(RESET)
 <LI><a href="#[9]">SysTick_Handler</a> from hal_cm4.o(.emb_text) referenced from startup_nuc472_442.o(RESET)
 <LI><a href="#[6e]">SystemInit</a> from system_nuc472_442.o(.text) referenced from startup_nuc472_442.o(.text)
 <LI><a href="#[11]">TAMPER_IRQHandler</a> from startup_nuc472_442.o(.text) referenced from startup_nuc472_442.o(RESET)
 <LI><a href="#[23]">TMR0_IRQHandler</a> from startup_nuc472_442.o(.text) referenced from startup_nuc472_442.o(RESET)
 <LI><a href="#[24]">TMR1_IRQHandler</a> from startup_nuc472_442.o(.text) referenced from startup_nuc472_442.o(RESET)
 <LI><a href="#[25]">TMR2_IRQHandler</a> from startup_nuc472_442.o(.text) referenced from startup_nuc472_442.o(RESET)
 <LI><a href="#[26]">TMR3_IRQHandler</a> from startup_nuc472_442.o(.text) referenced from startup_nuc472_442.o(RESET)
 <LI><a href="#[51]">UART0_IRQHandler</a> from startup_nuc472_442.o(.text) referenced from startup_nuc472_442.o(RESET)
 <LI><a href="#[52]">UART1_IRQHandler</a> from startup_nuc472_442.o(.text) referenced from startup_nuc472_442.o(RESET)
 <LI><a href="#[53]">UART2_IRQHandler</a> from startup_nuc472_442.o(.text) referenced from startup_nuc472_442.o(RESET)
 <LI><a href="#[54]">UART3_IRQHandler</a> from startup_nuc472_442.o(.text) referenced from startup_nuc472_442.o(RESET)
 <LI><a href="#[55]">UART4_IRQHandler</a> from startup_nuc472_442.o(.text) referenced from startup_nuc472_442.o(RESET)
 <LI><a href="#[56]">UART5_IRQHandler</a> from startup_nuc472_442.o(.text) referenced from startup_nuc472_442.o(RESET)
 <LI><a href="#[48]">USBD_IRQHandler</a> from startup_nuc472_442.o(.text) referenced from startup_nuc472_442.o(RESET)
 <LI><a href="#[49]">USBH_IRQHandler</a> from startup_nuc472_442.o(.text) referenced from startup_nuc472_442.o(RESET)
 <LI><a href="#[4a]">USB_OTG_IRQHandler</a> from startup_nuc472_442.o(.text) referenced from startup_nuc472_442.o(RESET)
 <LI><a href="#[5]">UsageFault_Handler</a> from startup_nuc472_442.o(.text) referenced from startup_nuc472_442.o(RESET)
 <LI><a href="#[29]">WDT_IRQHandler</a> from startup_nuc472_442.o(.text) referenced from startup_nuc472_442.o(RESET)
 <LI><a href="#[2a]">WWDT_IRQHandler</a> from startup_nuc472_442.o(.text) referenced from startup_nuc472_442.o(RESET)
 <LI><a href="#[6f]">__main</a> from entry.o(.ARM.Collect$$$$00000000) referenced from startup_nuc472_442.o(.text)
 <LI><a href="#[81]">clock</a> from blinky.o(.text) referenced from blinky.o(.constdata)
 <LI><a href="#[70]">fputc</a> from retarget.o(.text) referenced from printf5.o(i.__0printf$5)
 <LI><a href="#[83]">main</a> from blinky.o(.text) referenced from rtx_conf_cm.o(.data)
 <LI><a href="#[7c]">osThreadExit</a> from rt_cmsis.o(i.osThreadExit) referenced from rt_cmsis.o(i.svcThreadCreate)
 <LI><a href="#[82]">osTimerThread</a> from rt_cmsis.o(i.osTimerThread) referenced from rtx_conf_cm.o(.constdata)
 <LI><a href="#[7b]">os_idle_demon</a> from rtx_conf_cm.o(.text) referenced from rt_task.o(i.rt_sys_init)
 <LI><a href="#[7d]">phaseA</a> from blinky.o(.text) referenced from blinky.o(.constdata)
 <LI><a href="#[7e]">phaseB</a> from blinky.o(.text) referenced from blinky.o(.constdata)
 <LI><a href="#[7f]">phaseC</a> from blinky.o(.text) referenced from blinky.o(.constdata)
 <LI><a href="#[80]">phaseD</a> from blinky.o(.text) referenced from blinky.o(.constdata)
 <LI><a href="#[6c]">rt_alloc_box</a> from rt_membox.o(i.rt_alloc_box) referenced from hal_cm4.o(.emb_text)
 <LI><a href="#[6d]">rt_free_box</a> from rt_membox.o(i.rt_free_box) referenced from hal_cm4.o(.emb_text)
 <LI><a href="#[71]">svcDelay</a> from rt_cmsis.o(i.svcDelay) referenced from rt_cmsis.o(i.osDelay)
 <LI><a href="#[72]">svcKernelInitialize</a> from rt_cmsis.o(i.svcKernelInitialize) referenced from rt_cmsis.o(i.osKernelInitialize)
 <LI><a href="#[73]">svcKernelStart</a> from rt_cmsis.o(i.svcKernelStart) referenced from rt_cmsis.o(i.osKernelStart)
 <LI><a href="#[74]">svcMessageGet</a> from rt_cmsis.o(i.svcMessageGet) referenced from rt_cmsis.o(i.osMessageGet)
 <LI><a href="#[75]">svcSignalSet</a> from rt_cmsis.o(i.svcSignalSet) referenced from rt_cmsis.o(i.osSignalSet)
 <LI><a href="#[76]">svcSignalWait</a> from rt_cmsis.o(i.svcSignalWait) referenced from rt_cmsis.o(i.osSignalWait)
 <LI><a href="#[77]">svcThreadCreate</a> from rt_cmsis.o(i.svcThreadCreate) referenced from rt_cmsis.o(i.osThreadCreate)
 <LI><a href="#[78]">svcThreadGetId</a> from rt_cmsis.o(i.svcThreadGetId) referenced from rt_cmsis.o(i.osThreadExit)
 <LI><a href="#[79]">svcThreadTerminate</a> from rt_cmsis.o(i.svcThreadTerminate) referenced from rt_cmsis.o(i.osThreadExit)
 <LI><a href="#[7a]">svcTimerCall</a> from rt_cmsis.o(i.svcTimerCall) referenced from rt_cmsis.o(i.osTimerCall)
</UL>
<P>
<H3>
Global Symbols
</H3>
<P><STRONG><a name="[6f]"></a>__main</STRONG> (Thumb, 0 bytes, Stack size unknown bytes, entry.o(.ARM.Collect$$$$00000000))
<BR>[Address Reference Count : 1]<UL><LI> startup_nuc472_442.o(.text)
</UL>
<P><STRONG><a name="[f5]"></a>_main_stk</STRONG> (Thumb, 0 bytes, Stack size unknown bytes, entry2.o(.ARM.Collect$$$$00000001))

<P><STRONG><a name="[8e]"></a>_main_scatterload</STRONG> (Thumb, 0 bytes, Stack size unknown bytes, entry5.o(.ARM.Collect$$$$00000004))
<BR><BR>[Calls]<UL><LI><a href="#[8f]">&gt;&gt;</a>&nbsp;&nbsp;&nbsp;__scatterload
</UL>

<P><STRONG><a name="[b9]"></a>__main_after_scatterload</STRONG> (Thumb, 0 bytes, Stack size 0 bytes, entry5.o(.ARM.Collect$$$$00000004))
<BR><BR>[Called By]<UL><LI><a href="#[8f]">&gt;&gt;</a>&nbsp;&nbsp;&nbsp;__scatterload
</UL>

<P><STRONG><a name="[f6]"></a>__rt_final_cpp</STRONG> (Thumb, 0 bytes, Stack size 0 bytes, entry10a.o(.ARM.Collect$$$$0000000D))

<P><STRONG><a name="[f7]"></a>__rt_final_exit</STRONG> (Thumb, 0 bytes, Stack size 0 bytes, entry11a.o(.ARM.Collect$$$$0000000F))

<P><STRONG><a name="[f8]"></a>_main_clock</STRONG> (Thumb, 0 bytes, Stack size 0 bytes, entry7b.o(.ARM.Collect$$$$00000008))

<P><STRONG><a name="[f9]"></a>_main_cpp_init</STRONG> (Thumb, 0 bytes, Stack size 0 bytes, entry8b.o(.ARM.Collect$$$$0000000A))

<P><STRONG><a name="[90]"></a>_main_init</STRONG> (Thumb, 18 bytes, Stack size 0 bytes, rtx_conf_cm.o(.ARM.Collect$$$$000000FF))
<BR><BR>[Stack]<UL><LI>Max Depth = 72<LI>Call Chain = _main_init &rArr; osKernelInitialize &rArr; svcKernelInitialize &rArr; svcThreadCreate &rArr; rt_tsk_create &rArr; rt_init_context &rArr; rt_init_stack
</UL>
<BR>[Calls]<UL><LI><a href="#[92]">&gt;&gt;</a>&nbsp;&nbsp;&nbsp;osThreadCreate
<LI><a href="#[93]">&gt;&gt;</a>&nbsp;&nbsp;&nbsp;osKernelStart
<LI><a href="#[91]">&gt;&gt;</a>&nbsp;&nbsp;&nbsp;osKernelInitialize
</UL>

<P><STRONG><a name="[2]"></a>HardFault_Handler</STRONG> (Thumb, 24 bytes, Stack size 0 bytes, retarget.o(.emb_text))
<BR>[Address Reference Count : 1]<UL><LI> startup_nuc472_442.o(RESET)
</UL>
<P><STRONG><a name="[fa]"></a>rt_set_PSP</STRONG> (Thumb, 6 bytes, Stack size 0 bytes, hal_cm4.o(.emb_text), UNUSED)

<P><STRONG><a name="[ea]"></a>rt_get_PSP</STRONG> (Thumb, 6 bytes, Stack size 0 bytes, hal_cm4.o(.emb_text))
<BR><BR>[Called By]<UL><LI><a href="#[e9]">&gt;&gt;</a>&nbsp;&nbsp;&nbsp;rt_tsk_delete
</UL>

<P><STRONG><a name="[fb]"></a>os_set_env</STRONG> (Thumb, 24 bytes, Stack size 0 bytes, hal_cm4.o(.emb_text), UNUSED)

<P><STRONG><a name="[fc]"></a>_alloc_box</STRONG> (Thumb, 28 bytes, Stack size 0 bytes, hal_cm4.o(.emb_text), UNUSED)

<P><STRONG><a name="[fd]"></a>_free_box</STRONG> (Thumb, 28 bytes, Stack size 0 bytes, hal_cm4.o(.emb_text), UNUSED)

<P><STRONG><a name="[6]"></a>SVC_Handler</STRONG> (Thumb, 148 bytes, Stack size 0 bytes, hal_cm4.o(.emb_text))
<BR><BR>[Calls]<UL><LI><a href="#[94]">&gt;&gt;</a>&nbsp;&nbsp;&nbsp;rt_stk_check
</UL>
<BR>[Address Reference Count : 1]<UL><LI> startup_nuc472_442.o(RESET)
</UL>
<P><STRONG><a name="[8]"></a>PendSV_Handler</STRONG> (Thumb, 96 bytes, Stack size 0 bytes, hal_cm4.o(.emb_text))
<BR><BR>[Stack]<UL><LI>Max Depth = 56<LI>Call Chain = PendSV_Handler &rArr; rt_pop_req &rArr; rt_mbx_psh &rArr; rt_ret_val2
</UL>
<BR>[Calls]<UL><LI><a href="#[95]">&gt;&gt;</a>&nbsp;&nbsp;&nbsp;rt_pop_req
<LI><a href="#[94]">&gt;&gt;</a>&nbsp;&nbsp;&nbsp;rt_stk_check
</UL>
<BR>[Address Reference Count : 1]<UL><LI> startup_nuc472_442.o(RESET)
</UL>
<P><STRONG><a name="[9]"></a>SysTick_Handler</STRONG> (Thumb, 8 bytes, Stack size 0 bytes, hal_cm4.o(.emb_text))
<BR><BR>[Stack]<UL><LI>Max Depth = 72<LI>Call Chain = SysTick_Handler &rArr; rt_systick &rArr; sysTimerTick &rArr; isrMessagePut &rArr; isr_mbx_send &rArr; rt_psq_enq
</UL>
<BR>[Calls]<UL><LI><a href="#[96]">&gt;&gt;</a>&nbsp;&nbsp;&nbsp;rt_systick
</UL>
<BR>[Address Reference Count : 1]<UL><LI> startup_nuc472_442.o(RESET)
</UL>
<P><STRONG><a name="[97]"></a>OS_Tick_Handler</STRONG> (Thumb, 12 bytes, Stack size 0 bytes, hal_cm4.o(.emb_text), UNUSED)
<BR><BR>[Calls]<UL><LI><a href="#[98]">&gt;&gt;</a>&nbsp;&nbsp;&nbsp;os_tick_irqack
<LI><a href="#[96]">&gt;&gt;</a>&nbsp;&nbsp;&nbsp;rt_systick
</UL>

<P><STRONG><a name="[99]"></a>SystemCoreClockUpdate</STRONG> (Thumb, 68 bytes, Stack size 16 bytes, system_nuc472_442.o(.text))
<BR><BR>[Stack]<UL><LI>Max Depth = 36<LI>Call Chain = SystemCoreClockUpdate &rArr; CLK_GetPLLClockFreq
</UL>
<BR>[Calls]<UL><LI><a href="#[9a]">&gt;&gt;</a>&nbsp;&nbsp;&nbsp;CLK_GetPLLClockFreq
</UL>
<BR>[Called By]<UL><LI><a href="#[b1]">&gt;&gt;</a>&nbsp;&nbsp;&nbsp;CLK_SetCoreClock
<LI><a href="#[b0]">&gt;&gt;</a>&nbsp;&nbsp;&nbsp;CLK_GetCPUFreq
<LI><a href="#[af]">&gt;&gt;</a>&nbsp;&nbsp;&nbsp;CLK_GetHCLKFreq
<LI><a href="#[ae]">&gt;&gt;</a>&nbsp;&nbsp;&nbsp;CLK_GetPCLKFreq
<LI><a href="#[a7]">&gt;&gt;</a>&nbsp;&nbsp;&nbsp;CLK_SetHCLK
</UL>

<P><STRONG><a name="[6e]"></a>SystemInit</STRONG> (Thumb, 14 bytes, Stack size 0 bytes, system_nuc472_442.o(.text))
<BR>[Address Reference Count : 1]<UL><LI> startup_nuc472_442.o(.text)
</UL>
<P><STRONG><a name="[84]"></a>Reset_Handler</STRONG> (Thumb, 58 bytes, Stack size 0 bytes, startup_nuc472_442.o(.text))

<P><STRONG><a name="[1]"></a>NMI_Handler</STRONG> (Thumb, 2 bytes, Stack size 0 bytes, startup_nuc472_442.o(.text))
<BR><BR>[Calls]<UL><LI><a href="#[1]">&gt;&gt;</a>&nbsp;&nbsp;&nbsp;NMI_Handler
</UL>
<BR>[Called By]<UL><LI><a href="#[1]">&gt;&gt;</a>&nbsp;&nbsp;&nbsp;NMI_Handler
</UL>
<BR>[Address Reference Count : 1]<UL><LI> startup_nuc472_442.o(RESET)
</UL>
<P><STRONG><a name="[3]"></a>MemManage_Handler</STRONG> (Thumb, 2 bytes, Stack size 0 bytes, startup_nuc472_442.o(.text))
<BR><BR>[Calls]<UL><LI><a href="#[3]">&gt;&gt;</a>&nbsp;&nbsp;&nbsp;MemManage_Handler
</UL>
<BR>[Called By]<UL><LI><a href="#[3]">&gt;&gt;</a>&nbsp;&nbsp;&nbsp;MemManage_Handler
</UL>
<BR>[Address Reference Count : 1]<UL><LI> startup_nuc472_442.o(RESET)
</UL>
<P><STRONG><a name="[4]"></a>BusFault_Handler</STRONG> (Thumb, 2 bytes, Stack size 0 bytes, startup_nuc472_442.o(.text))
<BR><BR>[Calls]<UL><LI><a href="#[4]">&gt;&gt;</a>&nbsp;&nbsp;&nbsp;BusFault_Handler
</UL>
<BR>[Called By]<UL><LI><a href="#[4]">&gt;&gt;</a>&nbsp;&nbsp;&nbsp;BusFault_Handler
</UL>
<BR>[Address Reference Count : 1]<UL><LI> startup_nuc472_442.o(RESET)
</UL>
<P><STRONG><a name="[5]"></a>UsageFault_Handler</STRONG> (Thumb, 2 bytes, Stack size 0 bytes, startup_nuc472_442.o(.text))
<BR><BR>[Calls]<UL><LI><a href="#[5]">&gt;&gt;</a>&nbsp;&nbsp;&nbsp;UsageFault_Handler
</UL>
<BR>[Called By]<UL><LI><a href="#[5]">&gt;&gt;</a>&nbsp;&nbsp;&nbsp;UsageFault_Handler
</UL>
<BR>[Address Reference Count : 1]<UL><LI> startup_nuc472_442.o(RESET)
</UL>
<P><STRONG><a name="[7]"></a>DebugMon_Handler</STRONG> (Thumb, 2 bytes, Stack size 0 bytes, startup_nuc472_442.o(.text))
<BR><BR>[Calls]<UL><LI><a href="#[7]">&gt;&gt;</a>&nbsp;&nbsp;&nbsp;DebugMon_Handler
</UL>
<BR>[Called By]<UL><LI><a href="#[7]">&gt;&gt;</a>&nbsp;&nbsp;&nbsp;DebugMon_Handler
</UL>
<BR>[Address Reference Count : 1]<UL><LI> startup_nuc472_442.o(RESET)
</UL>
<P><STRONG><a name="[2f]"></a>ACMP_IRQHandler</STRONG> (Thumb, 0 bytes, Stack size 0 bytes, startup_nuc472_442.o(.text))
<BR>[Address Reference Count : 1]<UL><LI> startup_nuc472_442.o(RESET)
</UL>
<P><STRONG><a name="[28]"></a>ADC_IRQHandler</STRONG> (Thumb, 0 bytes, Stack size 0 bytes, startup_nuc472_442.o(.text))
<BR>[Address Reference Count : 1]<UL><LI> startup_nuc472_442.o(RESET)
</UL>
<P><STRONG><a name="[a]"></a>BOD_IRQHandler</STRONG> (Thumb, 0 bytes, Stack size 0 bytes, startup_nuc472_442.o(.text))
<BR>[Address Reference Count : 1]<UL><LI> startup_nuc472_442.o(RESET)
</UL>
<P><STRONG><a name="[62]"></a>CAN0_IRQHandler</STRONG> (Thumb, 0 bytes, Stack size 0 bytes, startup_nuc472_442.o(.text))
<BR>[Address Reference Count : 1]<UL><LI> startup_nuc472_442.o(RESET)
</UL>
<P><STRONG><a name="[63]"></a>CAN1_IRQHandler</STRONG> (Thumb, 0 bytes, Stack size 0 bytes, startup_nuc472_442.o(.text))
<BR>[Address Reference Count : 1]<UL><LI> startup_nuc472_442.o(RESET)
</UL>
<P><STRONG><a name="[68]"></a>CAP_IRQHandler</STRONG> (Thumb, 0 bytes, Stack size 0 bytes, startup_nuc472_442.o(.text))
<BR>[Address Reference Count : 1]<UL><LI> startup_nuc472_442.o(RESET)
</UL>
<P><STRONG><a name="[e]"></a>CLKF_IRQHandler</STRONG> (Thumb, 0 bytes, Stack size 0 bytes, startup_nuc472_442.o(.text))
<BR>[Address Reference Count : 1]<UL><LI> startup_nuc472_442.o(RESET)
</UL>
<P><STRONG><a name="[6a]"></a>CRC_IRQHandler</STRONG> (Thumb, 0 bytes, Stack size 0 bytes, startup_nuc472_442.o(.text))
<BR>[Address Reference Count : 1]<UL><LI> startup_nuc472_442.o(RESET)
</UL>
<P><STRONG><a name="[69]"></a>CRYPTO_IRQHandler</STRONG> (Thumb, 0 bytes, Stack size 0 bytes, startup_nuc472_442.o(.text))
<BR>[Address Reference Count : 1]<UL><LI> startup_nuc472_442.o(RESET)
</UL>
<P><STRONG><a name="[2b]"></a>EADC0_IRQHandler</STRONG> (Thumb, 0 bytes, Stack size 0 bytes, startup_nuc472_442.o(.text))
<BR>[Address Reference Count : 1]<UL><LI> startup_nuc472_442.o(RESET)
</UL>
<P><STRONG><a name="[2c]"></a>EADC1_IRQHandler</STRONG> (Thumb, 0 bytes, Stack size 0 bytes, startup_nuc472_442.o(.text))
<BR>[Address Reference Count : 1]<UL><LI> startup_nuc472_442.o(RESET)
</UL>
<P><STRONG><a name="[2d]"></a>EADC2_IRQHandler</STRONG> (Thumb, 0 bytes, Stack size 0 bytes, startup_nuc472_442.o(.text))
<BR>[Address Reference Count : 1]<UL><LI> startup_nuc472_442.o(RESET)
</UL>
<P><STRONG><a name="[2e]"></a>EADC3_IRQHandler</STRONG> (Thumb, 0 bytes, Stack size 0 bytes, startup_nuc472_442.o(.text))
<BR>[Address Reference Count : 1]<UL><LI> startup_nuc472_442.o(RESET)
</UL>
<P><STRONG><a name="[12]"></a>EINT0_IRQHandler</STRONG> (Thumb, 0 bytes, Stack size 0 bytes, startup_nuc472_442.o(.text))
<BR>[Address Reference Count : 1]<UL><LI> startup_nuc472_442.o(RESET)
</UL>
<P><STRONG><a name="[13]"></a>EINT1_IRQHandler</STRONG> (Thumb, 0 bytes, Stack size 0 bytes, startup_nuc472_442.o(.text))
<BR>[Address Reference Count : 1]<UL><LI> startup_nuc472_442.o(RESET)
</UL>
<P><STRONG><a name="[14]"></a>EINT2_IRQHandler</STRONG> (Thumb, 0 bytes, Stack size 0 bytes, startup_nuc472_442.o(.text))
<BR>[Address Reference Count : 1]<UL><LI> startup_nuc472_442.o(RESET)
</UL>
<P><STRONG><a name="[15]"></a>EINT3_IRQHandler</STRONG> (Thumb, 0 bytes, Stack size 0 bytes, startup_nuc472_442.o(.text))
<BR>[Address Reference Count : 1]<UL><LI> startup_nuc472_442.o(RESET)
</UL>
<P><STRONG><a name="[16]"></a>EINT4_IRQHandler</STRONG> (Thumb, 0 bytes, Stack size 0 bytes, startup_nuc472_442.o(.text))
<BR>[Address Reference Count : 1]<UL><LI> startup_nuc472_442.o(RESET)
</UL>
<P><STRONG><a name="[17]"></a>EINT5_IRQHandler</STRONG> (Thumb, 0 bytes, Stack size 0 bytes, startup_nuc472_442.o(.text))
<BR>[Address Reference Count : 1]<UL><LI> startup_nuc472_442.o(RESET)
</UL>
<P><STRONG><a name="[18]"></a>EINT6_IRQHandler</STRONG> (Thumb, 0 bytes, Stack size 0 bytes, startup_nuc472_442.o(.text))
<BR>[Address Reference Count : 1]<UL><LI> startup_nuc472_442.o(RESET)
</UL>
<P><STRONG><a name="[19]"></a>EINT7_IRQHandler</STRONG> (Thumb, 0 bytes, Stack size 0 bytes, startup_nuc472_442.o(.text))
<BR>[Address Reference Count : 1]<UL><LI> startup_nuc472_442.o(RESET)
</UL>
<P><STRONG><a name="[4c]"></a>EMAC_RX_IRQHandler</STRONG> (Thumb, 0 bytes, Stack size 0 bytes, startup_nuc472_442.o(.text))
<BR>[Address Reference Count : 1]<UL><LI> startup_nuc472_442.o(RESET)
</UL>
<P><STRONG><a name="[4b]"></a>EMAC_TX_IRQHandler</STRONG> (Thumb, 0 bytes, Stack size 0 bytes, startup_nuc472_442.o(.text))
<BR>[Address Reference Count : 1]<UL><LI> startup_nuc472_442.o(RESET)
</UL>
<P><STRONG><a name="[45]"></a>EPWM0BRK_IRQHandler</STRONG> (Thumb, 0 bytes, Stack size 0 bytes, startup_nuc472_442.o(.text))
<BR>[Address Reference Count : 1]<UL><LI> startup_nuc472_442.o(RESET)
</UL>
<P><STRONG><a name="[44]"></a>EPWM0_IRQHandler</STRONG> (Thumb, 0 bytes, Stack size 0 bytes, startup_nuc472_442.o(.text))
<BR>[Address Reference Count : 1]<UL><LI> startup_nuc472_442.o(RESET)
</UL>
<P><STRONG><a name="[47]"></a>EPWM1BRK_IRQHandler</STRONG> (Thumb, 0 bytes, Stack size 0 bytes, startup_nuc472_442.o(.text))
<BR>[Address Reference Count : 1]<UL><LI> startup_nuc472_442.o(RESET)
</UL>
<P><STRONG><a name="[46]"></a>EPWM1_IRQHandler</STRONG> (Thumb, 0 bytes, Stack size 0 bytes, startup_nuc472_442.o(.text))
<BR>[Address Reference Count : 1]<UL><LI> startup_nuc472_442.o(RESET)
</UL>
<P><STRONG><a name="[1a]"></a>GPA_IRQHandler</STRONG> (Thumb, 0 bytes, Stack size 0 bytes, startup_nuc472_442.o(.text))
<BR>[Address Reference Count : 1]<UL><LI> startup_nuc472_442.o(RESET)
</UL>
<P><STRONG><a name="[1b]"></a>GPB_IRQHandler</STRONG> (Thumb, 0 bytes, Stack size 0 bytes, startup_nuc472_442.o(.text))
<BR>[Address Reference Count : 1]<UL><LI> startup_nuc472_442.o(RESET)
</UL>
<P><STRONG><a name="[1c]"></a>GPC_IRQHandler</STRONG> (Thumb, 0 bytes, Stack size 0 bytes, startup_nuc472_442.o(.text))
<BR>[Address Reference Count : 1]<UL><LI> startup_nuc472_442.o(RESET)
</UL>
<P><STRONG><a name="[1d]"></a>GPD_IRQHandler</STRONG> (Thumb, 0 bytes, Stack size 0 bytes, startup_nuc472_442.o(.text))
<BR>[Address Reference Count : 1]<UL><LI> startup_nuc472_442.o(RESET)
</UL>
<P><STRONG><a name="[1e]"></a>GPE_IRQHandler</STRONG> (Thumb, 0 bytes, Stack size 0 bytes, startup_nuc472_442.o(.text))
<BR>[Address Reference Count : 1]<UL><LI> startup_nuc472_442.o(RESET)
</UL>
<P><STRONG><a name="[1f]"></a>GPF_IRQHandler</STRONG> (Thumb, 0 bytes, Stack size 0 bytes, startup_nuc472_442.o(.text))
<BR>[Address Reference Count : 1]<UL><LI> startup_nuc472_442.o(RESET)
</UL>
<P><STRONG><a name="[20]"></a>GPG_IRQHandler</STRONG> (Thumb, 0 bytes, Stack size 0 bytes, startup_nuc472_442.o(.text))
<BR>[Address Reference Count : 1]<UL><LI> startup_nuc472_442.o(RESET)
</UL>
<P><STRONG><a name="[21]"></a>GPH_IRQHandler</STRONG> (Thumb, 0 bytes, Stack size 0 bytes, startup_nuc472_442.o(.text))
<BR>[Address Reference Count : 1]<UL><LI> startup_nuc472_442.o(RESET)
</UL>
<P><STRONG><a name="[22]"></a>GPI_IRQHandler</STRONG> (Thumb, 0 bytes, Stack size 0 bytes, startup_nuc472_442.o(.text))
<BR>[Address Reference Count : 1]<UL><LI> startup_nuc472_442.o(RESET)
</UL>
<P><STRONG><a name="[57]"></a>I2C0_IRQHandler</STRONG> (Thumb, 0 bytes, Stack size 0 bytes, startup_nuc472_442.o(.text))
<BR>[Address Reference Count : 1]<UL><LI> startup_nuc472_442.o(RESET)
</UL>
<P><STRONG><a name="[58]"></a>I2C1_IRQHandler</STRONG> (Thumb, 0 bytes, Stack size 0 bytes, startup_nuc472_442.o(.text))
<BR>[Address Reference Count : 1]<UL><LI> startup_nuc472_442.o(RESET)
</UL>
<P><STRONG><a name="[59]"></a>I2C2_IRQHandler</STRONG> (Thumb, 0 bytes, Stack size 0 bytes, startup_nuc472_442.o(.text))
<BR>[Address Reference Count : 1]<UL><LI> startup_nuc472_442.o(RESET)
</UL>
<P><STRONG><a name="[5a]"></a>I2C3_IRQHandler</STRONG> (Thumb, 0 bytes, Stack size 0 bytes, startup_nuc472_442.o(.text))
<BR>[Address Reference Count : 1]<UL><LI> startup_nuc472_442.o(RESET)
</UL>
<P><STRONG><a name="[5b]"></a>I2C4_IRQHandler</STRONG> (Thumb, 0 bytes, Stack size 0 bytes, startup_nuc472_442.o(.text))
<BR>[Address Reference Count : 1]<UL><LI> startup_nuc472_442.o(RESET)
</UL>
<P><STRONG><a name="[64]"></a>I2S0_IRQHandler</STRONG> (Thumb, 0 bytes, Stack size 0 bytes, startup_nuc472_442.o(.text))
<BR>[Address Reference Count : 1]<UL><LI> startup_nuc472_442.o(RESET)
</UL>
<P><STRONG><a name="[65]"></a>I2S1_IRQHandler</STRONG> (Thumb, 0 bytes, Stack size 0 bytes, startup_nuc472_442.o(.text))
<BR>[Address Reference Count : 1]<UL><LI> startup_nuc472_442.o(RESET)
</UL>
<P><STRONG><a name="[32]"></a>ICAP0_IRQHandler</STRONG> (Thumb, 0 bytes, Stack size 0 bytes, startup_nuc472_442.o(.text))
<BR>[Address Reference Count : 1]<UL><LI> startup_nuc472_442.o(RESET)
</UL>
<P><STRONG><a name="[33]"></a>ICAP1_IRQHandler</STRONG> (Thumb, 0 bytes, Stack size 0 bytes, startup_nuc472_442.o(.text))
<BR>[Address Reference Count : 1]<UL><LI> startup_nuc472_442.o(RESET)
</UL>
<P><STRONG><a name="[b]"></a>IRC_IRQHandler</STRONG> (Thumb, 0 bytes, Stack size 0 bytes, startup_nuc472_442.o(.text))
<BR>[Address Reference Count : 1]<UL><LI> startup_nuc472_442.o(RESET)
</UL>
<P><STRONG><a name="[30]"></a>OPA0_IRQHandler</STRONG> (Thumb, 0 bytes, Stack size 0 bytes, startup_nuc472_442.o(.text))
<BR>[Address Reference Count : 1]<UL><LI> startup_nuc472_442.o(RESET)
</UL>
<P><STRONG><a name="[31]"></a>OPA1_IRQHandler</STRONG> (Thumb, 0 bytes, Stack size 0 bytes, startup_nuc472_442.o(.text))
<BR>[Address Reference Count : 1]<UL><LI> startup_nuc472_442.o(RESET)
</UL>
<P><STRONG><a name="[27]"></a>PDMA_IRQHandler</STRONG> (Thumb, 0 bytes, Stack size 0 bytes, startup_nuc472_442.o(.text))
<BR>[Address Reference Count : 1]<UL><LI> startup_nuc472_442.o(RESET)
</UL>
<P><STRONG><a name="[67]"></a>PS2D_IRQHandler</STRONG> (Thumb, 0 bytes, Stack size 0 bytes, startup_nuc472_442.o(.text))
<BR>[Address Reference Count : 1]<UL><LI> startup_nuc472_442.o(RESET)
</UL>
<P><STRONG><a name="[34]"></a>PWM0CH0_IRQHandler</STRONG> (Thumb, 0 bytes, Stack size 0 bytes, startup_nuc472_442.o(.text))
<BR>[Address Reference Count : 1]<UL><LI> startup_nuc472_442.o(RESET)
</UL>
<P><STRONG><a name="[35]"></a>PWM0CH1_IRQHandler</STRONG> (Thumb, 0 bytes, Stack size 0 bytes, startup_nuc472_442.o(.text))
<BR>[Address Reference Count : 1]<UL><LI> startup_nuc472_442.o(RESET)
</UL>
<P><STRONG><a name="[36]"></a>PWM0CH2_IRQHandler</STRONG> (Thumb, 0 bytes, Stack size 0 bytes, startup_nuc472_442.o(.text))
<BR>[Address Reference Count : 1]<UL><LI> startup_nuc472_442.o(RESET)
</UL>
<P><STRONG><a name="[37]"></a>PWM0CH3_IRQHandler</STRONG> (Thumb, 0 bytes, Stack size 0 bytes, startup_nuc472_442.o(.text))
<BR>[Address Reference Count : 1]<UL><LI> startup_nuc472_442.o(RESET)
</UL>
<P><STRONG><a name="[38]"></a>PWM0CH4_IRQHandler</STRONG> (Thumb, 0 bytes, Stack size 0 bytes, startup_nuc472_442.o(.text))
<BR>[Address Reference Count : 1]<UL><LI> startup_nuc472_442.o(RESET)
</UL>
<P><STRONG><a name="[39]"></a>PWM0CH5_IRQHandler</STRONG> (Thumb, 0 bytes, Stack size 0 bytes, startup_nuc472_442.o(.text))
<BR>[Address Reference Count : 1]<UL><LI> startup_nuc472_442.o(RESET)
</UL>
<P><STRONG><a name="[3a]"></a>PWM0_BRK_IRQHandler</STRONG> (Thumb, 0 bytes, Stack size 0 bytes, startup_nuc472_442.o(.text))
<BR>[Address Reference Count : 1]<UL><LI> startup_nuc472_442.o(RESET)
</UL>
<P><STRONG><a name="[3c]"></a>PWM1CH0_IRQHandler</STRONG> (Thumb, 0 bytes, Stack size 0 bytes, startup_nuc472_442.o(.text))
<BR>[Address Reference Count : 1]<UL><LI> startup_nuc472_442.o(RESET)
</UL>
<P><STRONG><a name="[3d]"></a>PWM1CH1_IRQHandler</STRONG> (Thumb, 0 bytes, Stack size 0 bytes, startup_nuc472_442.o(.text))
<BR>[Address Reference Count : 1]<UL><LI> startup_nuc472_442.o(RESET)
</UL>
<P><STRONG><a name="[3e]"></a>PWM1CH2_IRQHandler</STRONG> (Thumb, 0 bytes, Stack size 0 bytes, startup_nuc472_442.o(.text))
<BR>[Address Reference Count : 1]<UL><LI> startup_nuc472_442.o(RESET)
</UL>
<P><STRONG><a name="[3f]"></a>PWM1CH3_IRQHandler</STRONG> (Thumb, 0 bytes, Stack size 0 bytes, startup_nuc472_442.o(.text))
<BR>[Address Reference Count : 1]<UL><LI> startup_nuc472_442.o(RESET)
</UL>
<P><STRONG><a name="[40]"></a>PWM1CH4_IRQHandler</STRONG> (Thumb, 0 bytes, Stack size 0 bytes, startup_nuc472_442.o(.text))
<BR>[Address Reference Count : 1]<UL><LI> startup_nuc472_442.o(RESET)
</UL>
<P><STRONG><a name="[41]"></a>PWM1CH5_IRQHandler</STRONG> (Thumb, 0 bytes, Stack size 0 bytes, startup_nuc472_442.o(.text))
<BR>[Address Reference Count : 1]<UL><LI> startup_nuc472_442.o(RESET)
</UL>
<P><STRONG><a name="[42]"></a>PWM1_BRK_IRQHandler</STRONG> (Thumb, 0 bytes, Stack size 0 bytes, startup_nuc472_442.o(.text))
<BR>[Address Reference Count : 1]<UL><LI> startup_nuc472_442.o(RESET)
</UL>
<P><STRONG><a name="[c]"></a>PWRWU_IRQHandler</STRONG> (Thumb, 0 bytes, Stack size 0 bytes, startup_nuc472_442.o(.text))
<BR>[Address Reference Count : 1]<UL><LI> startup_nuc472_442.o(RESET)
</UL>
<P><STRONG><a name="[3b]"></a>QEI0_IRQHandler</STRONG> (Thumb, 0 bytes, Stack size 0 bytes, startup_nuc472_442.o(.text))
<BR>[Address Reference Count : 1]<UL><LI> startup_nuc472_442.o(RESET)
</UL>
<P><STRONG><a name="[43]"></a>QEI1_IRQHandler</STRONG> (Thumb, 0 bytes, Stack size 0 bytes, startup_nuc472_442.o(.text))
<BR>[Address Reference Count : 1]<UL><LI> startup_nuc472_442.o(RESET)
</UL>
<P><STRONG><a name="[10]"></a>RTC_IRQHandler</STRONG> (Thumb, 0 bytes, Stack size 0 bytes, startup_nuc472_442.o(.text))
<BR>[Address Reference Count : 1]<UL><LI> startup_nuc472_442.o(RESET)
</UL>
<P><STRONG><a name="[5c]"></a>SC0_IRQHandler</STRONG> (Thumb, 0 bytes, Stack size 0 bytes, startup_nuc472_442.o(.text))
<BR>[Address Reference Count : 1]<UL><LI> startup_nuc472_442.o(RESET)
</UL>
<P><STRONG><a name="[5d]"></a>SC1_IRQHandler</STRONG> (Thumb, 0 bytes, Stack size 0 bytes, startup_nuc472_442.o(.text))
<BR>[Address Reference Count : 1]<UL><LI> startup_nuc472_442.o(RESET)
</UL>
<P><STRONG><a name="[5e]"></a>SC2_IRQHandler</STRONG> (Thumb, 0 bytes, Stack size 0 bytes, startup_nuc472_442.o(.text))
<BR>[Address Reference Count : 1]<UL><LI> startup_nuc472_442.o(RESET)
</UL>
<P><STRONG><a name="[5f]"></a>SC3_IRQHandler</STRONG> (Thumb, 0 bytes, Stack size 0 bytes, startup_nuc472_442.o(.text))
<BR>[Address Reference Count : 1]<UL><LI> startup_nuc472_442.o(RESET)
</UL>
<P><STRONG><a name="[60]"></a>SC4_IRQHandler</STRONG> (Thumb, 0 bytes, Stack size 0 bytes, startup_nuc472_442.o(.text))
<BR>[Address Reference Count : 1]<UL><LI> startup_nuc472_442.o(RESET)
</UL>
<P><STRONG><a name="[61]"></a>SC5_IRQHandler</STRONG> (Thumb, 0 bytes, Stack size 0 bytes, startup_nuc472_442.o(.text))
<BR>[Address Reference Count : 1]<UL><LI> startup_nuc472_442.o(RESET)
</UL>
<P><STRONG><a name="[66]"></a>SD_IRQHandler</STRONG> (Thumb, 0 bytes, Stack size 0 bytes, startup_nuc472_442.o(.text))
<BR>[Address Reference Count : 1]<UL><LI> startup_nuc472_442.o(RESET)
</UL>
<P><STRONG><a name="[4d]"></a>SPI0_IRQHandler</STRONG> (Thumb, 0 bytes, Stack size 0 bytes, startup_nuc472_442.o(.text))
<BR>[Address Reference Count : 1]<UL><LI> startup_nuc472_442.o(RESET)
</UL>
<P><STRONG><a name="[4e]"></a>SPI1_IRQHandler</STRONG> (Thumb, 0 bytes, Stack size 0 bytes, startup_nuc472_442.o(.text))
<BR>[Address Reference Count : 1]<UL><LI> startup_nuc472_442.o(RESET)
</UL>
<P><STRONG><a name="[4f]"></a>SPI2_IRQHandler</STRONG> (Thumb, 0 bytes, Stack size 0 bytes, startup_nuc472_442.o(.text))
<BR>[Address Reference Count : 1]<UL><LI> startup_nuc472_442.o(RESET)
</UL>
<P><STRONG><a name="[50]"></a>SPI3_IRQHandler</STRONG> (Thumb, 0 bytes, Stack size 0 bytes, startup_nuc472_442.o(.text))
<BR>[Address Reference Count : 1]<UL><LI> startup_nuc472_442.o(RESET)
</UL>
<P><STRONG><a name="[d]"></a>SRAMF_IRQHandler</STRONG> (Thumb, 0 bytes, Stack size 0 bytes, startup_nuc472_442.o(.text))
<BR>[Address Reference Count : 1]<UL><LI> startup_nuc472_442.o(RESET)
</UL>
<P><STRONG><a name="[11]"></a>TAMPER_IRQHandler</STRONG> (Thumb, 0 bytes, Stack size 0 bytes, startup_nuc472_442.o(.text))
<BR>[Address Reference Count : 1]<UL><LI> startup_nuc472_442.o(RESET)
</UL>
<P><STRONG><a name="[23]"></a>TMR0_IRQHandler</STRONG> (Thumb, 0 bytes, Stack size 0 bytes, startup_nuc472_442.o(.text))
<BR>[Address Reference Count : 1]<UL><LI> startup_nuc472_442.o(RESET)
</UL>
<P><STRONG><a name="[24]"></a>TMR1_IRQHandler</STRONG> (Thumb, 0 bytes, Stack size 0 bytes, startup_nuc472_442.o(.text))
<BR>[Address Reference Count : 1]<UL><LI> startup_nuc472_442.o(RESET)
</UL>
<P><STRONG><a name="[25]"></a>TMR2_IRQHandler</STRONG> (Thumb, 0 bytes, Stack size 0 bytes, startup_nuc472_442.o(.text))
<BR>[Address Reference Count : 1]<UL><LI> startup_nuc472_442.o(RESET)
</UL>
<P><STRONG><a name="[26]"></a>TMR3_IRQHandler</STRONG> (Thumb, 0 bytes, Stack size 0 bytes, startup_nuc472_442.o(.text))
<BR>[Address Reference Count : 1]<UL><LI> startup_nuc472_442.o(RESET)
</UL>
<P><STRONG><a name="[51]"></a>UART0_IRQHandler</STRONG> (Thumb, 0 bytes, Stack size 0 bytes, startup_nuc472_442.o(.text))
<BR>[Address Reference Count : 1]<UL><LI> startup_nuc472_442.o(RESET)
</UL>
<P><STRONG><a name="[52]"></a>UART1_IRQHandler</STRONG> (Thumb, 0 bytes, Stack size 0 bytes, startup_nuc472_442.o(.text))
<BR>[Address Reference Count : 1]<UL><LI> startup_nuc472_442.o(RESET)
</UL>
<P><STRONG><a name="[53]"></a>UART2_IRQHandler</STRONG> (Thumb, 0 bytes, Stack size 0 bytes, startup_nuc472_442.o(.text))
<BR>[Address Reference Count : 1]<UL><LI> startup_nuc472_442.o(RESET)
</UL>
<P><STRONG><a name="[54]"></a>UART3_IRQHandler</STRONG> (Thumb, 0 bytes, Stack size 0 bytes, startup_nuc472_442.o(.text))
<BR>[Address Reference Count : 1]<UL><LI> startup_nuc472_442.o(RESET)
</UL>
<P><STRONG><a name="[55]"></a>UART4_IRQHandler</STRONG> (Thumb, 0 bytes, Stack size 0 bytes, startup_nuc472_442.o(.text))
<BR>[Address Reference Count : 1]<UL><LI> startup_nuc472_442.o(RESET)
</UL>
<P><STRONG><a name="[56]"></a>UART5_IRQHandler</STRONG> (Thumb, 0 bytes, Stack size 0 bytes, startup_nuc472_442.o(.text))
<BR>[Address Reference Count : 1]<UL><LI> startup_nuc472_442.o(RESET)
</UL>
<P><STRONG><a name="[48]"></a>USBD_IRQHandler</STRONG> (Thumb, 0 bytes, Stack size 0 bytes, startup_nuc472_442.o(.text))
<BR>[Address Reference Count : 1]<UL><LI> startup_nuc472_442.o(RESET)
</UL>
<P><STRONG><a name="[49]"></a>USBH_IRQHandler</STRONG> (Thumb, 0 bytes, Stack size 0 bytes, startup_nuc472_442.o(.text))
<BR>[Address Reference Count : 1]<UL><LI> startup_nuc472_442.o(RESET)
</UL>
<P><STRONG><a name="[4a]"></a>USB_OTG_IRQHandler</STRONG> (Thumb, 0 bytes, Stack size 0 bytes, startup_nuc472_442.o(.text))
<BR>[Address Reference Count : 1]<UL><LI> startup_nuc472_442.o(RESET)
</UL>
<P><STRONG><a name="[29]"></a>WDT_IRQHandler</STRONG> (Thumb, 0 bytes, Stack size 0 bytes, startup_nuc472_442.o(.text))
<BR>[Address Reference Count : 1]<UL><LI> startup_nuc472_442.o(RESET)
</UL>
<P><STRONG><a name="[2a]"></a>WWDT_IRQHandler</STRONG> (Thumb, 0 bytes, Stack size 0 bytes, startup_nuc472_442.o(.text))
<BR>[Address Reference Count : 1]<UL><LI> startup_nuc472_442.o(RESET)
</UL>
<P><STRONG><a name="[9b]"></a>LED_on</STRONG> (Thumb, 12 bytes, Stack size 8 bytes, blinky.o(.text))
<BR><BR>[Stack]<UL><LI>Max Depth = 8<LI>Call Chain = LED_on
</UL>
<BR>[Calls]<UL><LI><a href="#[9c]">&gt;&gt;</a>&nbsp;&nbsp;&nbsp;LED_On
</UL>
<BR>[Called By]<UL><LI><a href="#[81]">&gt;&gt;</a>&nbsp;&nbsp;&nbsp;clock
<LI><a href="#[80]">&gt;&gt;</a>&nbsp;&nbsp;&nbsp;phaseD
<LI><a href="#[7f]">&gt;&gt;</a>&nbsp;&nbsp;&nbsp;phaseC
<LI><a href="#[7e]">&gt;&gt;</a>&nbsp;&nbsp;&nbsp;phaseB
<LI><a href="#[7d]">&gt;&gt;</a>&nbsp;&nbsp;&nbsp;phaseA
</UL>

<P><STRONG><a name="[9d]"></a>LED_off</STRONG> (Thumb, 12 bytes, Stack size 8 bytes, blinky.o(.text))
<BR><BR>[Stack]<UL><LI>Max Depth = 8<LI>Call Chain = LED_off
</UL>
<BR>[Calls]<UL><LI><a href="#[9e]">&gt;&gt;</a>&nbsp;&nbsp;&nbsp;LED_Off
</UL>
<BR>[Called By]<UL><LI><a href="#[81]">&gt;&gt;</a>&nbsp;&nbsp;&nbsp;clock
<LI><a href="#[80]">&gt;&gt;</a>&nbsp;&nbsp;&nbsp;phaseD
<LI><a href="#[7f]">&gt;&gt;</a>&nbsp;&nbsp;&nbsp;phaseC
<LI><a href="#[7e]">&gt;&gt;</a>&nbsp;&nbsp;&nbsp;phaseB
<LI><a href="#[7d]">&gt;&gt;</a>&nbsp;&nbsp;&nbsp;phaseA
</UL>

<P><STRONG><a name="[9f]"></a>signal_func</STRONG> (Thumb, 62 bytes, Stack size 8 bytes, blinky.o(.text))
<BR><BR>[Stack]<UL><LI>Max Depth = 48<LI>Call Chain = signal_func &rArr; osSignalSet &rArr; isr_evt_set &rArr; rt_psq_enq
</UL>
<BR>[Calls]<UL><LI><a href="#[a0]">&gt;&gt;</a>&nbsp;&nbsp;&nbsp;osSignalSet
<LI><a href="#[a1]">&gt;&gt;</a>&nbsp;&nbsp;&nbsp;osDelay
</UL>
<BR>[Called By]<UL><LI><a href="#[80]">&gt;&gt;</a>&nbsp;&nbsp;&nbsp;phaseD
<LI><a href="#[7f]">&gt;&gt;</a>&nbsp;&nbsp;&nbsp;phaseC
<LI><a href="#[7e]">&gt;&gt;</a>&nbsp;&nbsp;&nbsp;phaseB
<LI><a href="#[7d]">&gt;&gt;</a>&nbsp;&nbsp;&nbsp;phaseA
</UL>

<P><STRONG><a name="[7d]"></a>phaseA</STRONG> (Thumb, 40 bytes, Stack size 16 bytes, blinky.o(.text))
<BR><BR>[Stack]<UL><LI>Max Depth = 64<LI>Call Chain = phaseA &rArr; signal_func &rArr; osSignalSet &rArr; isr_evt_set &rArr; rt_psq_enq
</UL>
<BR>[Calls]<UL><LI><a href="#[a2]">&gt;&gt;</a>&nbsp;&nbsp;&nbsp;osSignalWait
<LI><a href="#[9f]">&gt;&gt;</a>&nbsp;&nbsp;&nbsp;signal_func
<LI><a href="#[9d]">&gt;&gt;</a>&nbsp;&nbsp;&nbsp;LED_off
<LI><a href="#[9b]">&gt;&gt;</a>&nbsp;&nbsp;&nbsp;LED_on
</UL>
<BR>[Address Reference Count : 1]<UL><LI> blinky.o(.constdata)
</UL>
<P><STRONG><a name="[7e]"></a>phaseB</STRONG> (Thumb, 40 bytes, Stack size 16 bytes, blinky.o(.text))
<BR><BR>[Stack]<UL><LI>Max Depth = 64<LI>Call Chain = phaseB &rArr; signal_func &rArr; osSignalSet &rArr; isr_evt_set &rArr; rt_psq_enq
</UL>
<BR>[Calls]<UL><LI><a href="#[a2]">&gt;&gt;</a>&nbsp;&nbsp;&nbsp;osSignalWait
<LI><a href="#[9f]">&gt;&gt;</a>&nbsp;&nbsp;&nbsp;signal_func
<LI><a href="#[9d]">&gt;&gt;</a>&nbsp;&nbsp;&nbsp;LED_off
<LI><a href="#[9b]">&gt;&gt;</a>&nbsp;&nbsp;&nbsp;LED_on
</UL>
<BR>[Address Reference Count : 1]<UL><LI> blinky.o(.constdata)
</UL>
<P><STRONG><a name="[7f]"></a>phaseC</STRONG> (Thumb, 40 bytes, Stack size 16 bytes, blinky.o(.text))
<BR><BR>[Stack]<UL><LI>Max Depth = 64<LI>Call Chain = phaseC &rArr; signal_func &rArr; osSignalSet &rArr; isr_evt_set &rArr; rt_psq_enq
</UL>
<BR>[Calls]<UL><LI><a href="#[a2]">&gt;&gt;</a>&nbsp;&nbsp;&nbsp;osSignalWait
<LI><a href="#[9f]">&gt;&gt;</a>&nbsp;&nbsp;&nbsp;signal_func
<LI><a href="#[9d]">&gt;&gt;</a>&nbsp;&nbsp;&nbsp;LED_off
<LI><a href="#[9b]">&gt;&gt;</a>&nbsp;&nbsp;&nbsp;LED_on
</UL>
<BR>[Address Reference Count : 1]<UL><LI> blinky.o(.constdata)
</UL>
<P><STRONG><a name="[80]"></a>phaseD</STRONG> (Thumb, 40 bytes, Stack size 16 bytes, blinky.o(.text))
<BR><BR>[Stack]<UL><LI>Max Depth = 64<LI>Call Chain = phaseD &rArr; signal_func &rArr; osSignalSet &rArr; isr_evt_set &rArr; rt_psq_enq
</UL>
<BR>[Calls]<UL><LI><a href="#[a2]">&gt;&gt;</a>&nbsp;&nbsp;&nbsp;osSignalWait
<LI><a href="#[9f]">&gt;&gt;</a>&nbsp;&nbsp;&nbsp;signal_func
<LI><a href="#[9d]">&gt;&gt;</a>&nbsp;&nbsp;&nbsp;LED_off
<LI><a href="#[9b]">&gt;&gt;</a>&nbsp;&nbsp;&nbsp;LED_on
</UL>
<BR>[Address Reference Count : 1]<UL><LI> blinky.o(.constdata)
</UL>
<P><STRONG><a name="[81]"></a>clock</STRONG> (Thumb, 40 bytes, Stack size 16 bytes, blinky.o(.text))
<BR><BR>[Stack]<UL><LI>Max Depth = 24<LI>Call Chain = clock &rArr; LED_off
</UL>
<BR>[Calls]<UL><LI><a href="#[a2]">&gt;&gt;</a>&nbsp;&nbsp;&nbsp;osSignalWait
<LI><a href="#[a1]">&gt;&gt;</a>&nbsp;&nbsp;&nbsp;osDelay
<LI><a href="#[9d]">&gt;&gt;</a>&nbsp;&nbsp;&nbsp;LED_off
<LI><a href="#[9b]">&gt;&gt;</a>&nbsp;&nbsp;&nbsp;LED_on
</UL>
<BR>[Address Reference Count : 1]<UL><LI> blinky.o(.constdata)
</UL>
<P><STRONG><a name="[a3]"></a>UART_Init</STRONG> (Thumb, 62 bytes, Stack size 8 bytes, blinky.o(.text))
<BR><BR>[Stack]<UL><LI>Max Depth = 68<LI>Call Chain = UART_Init &rArr; UART_Open &rArr; CLK_GetPLLClockFreq
</UL>
<BR>[Calls]<UL><LI><a href="#[aa]">&gt;&gt;</a>&nbsp;&nbsp;&nbsp;UART_Open
<LI><a href="#[a4]">&gt;&gt;</a>&nbsp;&nbsp;&nbsp;SYS_UnlockReg
<LI><a href="#[a6]">&gt;&gt;</a>&nbsp;&nbsp;&nbsp;CLK_WaitClockReady
<LI><a href="#[a9]">&gt;&gt;</a>&nbsp;&nbsp;&nbsp;CLK_SetModuleClock
<LI><a href="#[a7]">&gt;&gt;</a>&nbsp;&nbsp;&nbsp;CLK_SetHCLK
<LI><a href="#[a5]">&gt;&gt;</a>&nbsp;&nbsp;&nbsp;CLK_EnableXtalRC
<LI><a href="#[a8]">&gt;&gt;</a>&nbsp;&nbsp;&nbsp;CLK_EnableModuleClock
</UL>
<BR>[Called By]<UL><LI><a href="#[83]">&gt;&gt;</a>&nbsp;&nbsp;&nbsp;main
</UL>

<P><STRONG><a name="[83]"></a>main</STRONG> (Thumb, 98 bytes, Stack size 8 bytes, blinky.o(.text))
<BR><BR>[Stack]<UL><LI>Max Depth = 80<LI>Call Chain = main &rArr; osKernelInitialize &rArr; svcKernelInitialize &rArr; svcThreadCreate &rArr; rt_tsk_create &rArr; rt_init_context &rArr; rt_init_stack
</UL>
<BR>[Calls]<UL><LI><a href="#[92]">&gt;&gt;</a>&nbsp;&nbsp;&nbsp;osThreadCreate
<LI><a href="#[a0]">&gt;&gt;</a>&nbsp;&nbsp;&nbsp;osSignalSet
<LI><a href="#[93]">&gt;&gt;</a>&nbsp;&nbsp;&nbsp;osKernelStart
<LI><a href="#[91]">&gt;&gt;</a>&nbsp;&nbsp;&nbsp;osKernelInitialize
<LI><a href="#[ac]">&gt;&gt;</a>&nbsp;&nbsp;&nbsp;LED_Init
<LI><a href="#[a3]">&gt;&gt;</a>&nbsp;&nbsp;&nbsp;UART_Init
<LI><a href="#[ab]">&gt;&gt;</a>&nbsp;&nbsp;&nbsp;__2printf
</UL>
<BR>[Address Reference Count : 1]<UL><LI> rtx_conf_cm.o(.data)
</UL>
<P><STRONG><a name="[ac]"></a>LED_Init</STRONG> (Thumb, 26 bytes, Stack size 0 bytes, led.o(.text))
<BR><BR>[Called By]<UL><LI><a href="#[83]">&gt;&gt;</a>&nbsp;&nbsp;&nbsp;main
</UL>

<P><STRONG><a name="[9c]"></a>LED_On</STRONG> (Thumb, 28 bytes, Stack size 0 bytes, led.o(.text))
<BR><BR>[Called By]<UL><LI><a href="#[ad]">&gt;&gt;</a>&nbsp;&nbsp;&nbsp;LED_Out
<LI><a href="#[9b]">&gt;&gt;</a>&nbsp;&nbsp;&nbsp;LED_on
</UL>

<P><STRONG><a name="[9e]"></a>LED_Off</STRONG> (Thumb, 28 bytes, Stack size 0 bytes, led.o(.text))
<BR><BR>[Called By]<UL><LI><a href="#[ad]">&gt;&gt;</a>&nbsp;&nbsp;&nbsp;LED_Out
<LI><a href="#[9d]">&gt;&gt;</a>&nbsp;&nbsp;&nbsp;LED_off
</UL>

<P><STRONG><a name="[ad]"></a>LED_Out</STRONG> (Thumb, 38 bytes, Stack size 8 bytes, led.o(.text), UNUSED)
<BR><BR>[Calls]<UL><LI><a href="#[9c]">&gt;&gt;</a>&nbsp;&nbsp;&nbsp;LED_On
<LI><a href="#[9e]">&gt;&gt;</a>&nbsp;&nbsp;&nbsp;LED_Off
</UL>

<P><STRONG><a name="[fe]"></a>CLK_DisableCKO</STRONG> (Thumb, 18 bytes, Stack size 0 bytes, clk.o(.text), UNUSED)

<P><STRONG><a name="[ff]"></a>CLK_EnableCKO</STRONG> (Thumb, 52 bytes, Stack size 8 bytes, clk.o(.text), UNUSED)

<P><STRONG><a name="[100]"></a>CLK_PowerDown</STRONG> (Thumb, 26 bytes, Stack size 0 bytes, clk.o(.text), UNUSED)

<P><STRONG><a name="[101]"></a>CLK_Idle</STRONG> (Thumb, 20 bytes, Stack size 0 bytes, clk.o(.text), UNUSED)

<P><STRONG><a name="[ae]"></a>CLK_GetPCLKFreq</STRONG> (Thumb, 30 bytes, Stack size 8 bytes, clk.o(.text), UNUSED)
<BR><BR>[Calls]<UL><LI><a href="#[99]">&gt;&gt;</a>&nbsp;&nbsp;&nbsp;SystemCoreClockUpdate
</UL>

<P><STRONG><a name="[102]"></a>CLK_GetHXTFreq</STRONG> (Thumb, 18 bytes, Stack size 0 bytes, clk.o(.text), UNUSED)

<P><STRONG><a name="[103]"></a>CLK_GetLXTFreq</STRONG> (Thumb, 20 bytes, Stack size 0 bytes, clk.o(.text), UNUSED)

<P><STRONG><a name="[af]"></a>CLK_GetHCLKFreq</STRONG> (Thumb, 12 bytes, Stack size 8 bytes, clk.o(.text), UNUSED)
<BR><BR>[Calls]<UL><LI><a href="#[99]">&gt;&gt;</a>&nbsp;&nbsp;&nbsp;SystemCoreClockUpdate
</UL>

<P><STRONG><a name="[b0]"></a>CLK_GetCPUFreq</STRONG> (Thumb, 12 bytes, Stack size 8 bytes, clk.o(.text), UNUSED)
<BR><BR>[Calls]<UL><LI><a href="#[99]">&gt;&gt;</a>&nbsp;&nbsp;&nbsp;SystemCoreClockUpdate
</UL>

<P><STRONG><a name="[9a]"></a>CLK_GetPLLClockFreq</STRONG> (Thumb, 96 bytes, Stack size 20 bytes, clk.o(.text))
<BR><BR>[Stack]<UL><LI>Max Depth = 20<LI>Call Chain = CLK_GetPLLClockFreq
</UL>
<BR>[Called By]<UL><LI><a href="#[b5]">&gt;&gt;</a>&nbsp;&nbsp;&nbsp;UART_SelectIrDAMode
<LI><a href="#[b4]">&gt;&gt;</a>&nbsp;&nbsp;&nbsp;UART_SetLine_Config
<LI><a href="#[b2]">&gt;&gt;</a>&nbsp;&nbsp;&nbsp;CLK_EnablePLL
<LI><a href="#[aa]">&gt;&gt;</a>&nbsp;&nbsp;&nbsp;UART_Open
<LI><a href="#[99]">&gt;&gt;</a>&nbsp;&nbsp;&nbsp;SystemCoreClockUpdate
</UL>

<P><STRONG><a name="[a7]"></a>CLK_SetHCLK</STRONG> (Thumb, 48 bytes, Stack size 16 bytes, clk.o(.text))
<BR><BR>[Stack]<UL><LI>Max Depth = 52<LI>Call Chain = CLK_SetHCLK &rArr; SystemCoreClockUpdate &rArr; CLK_GetPLLClockFreq
</UL>
<BR>[Calls]<UL><LI><a href="#[99]">&gt;&gt;</a>&nbsp;&nbsp;&nbsp;SystemCoreClockUpdate
</UL>
<BR>[Called By]<UL><LI><a href="#[b1]">&gt;&gt;</a>&nbsp;&nbsp;&nbsp;CLK_SetCoreClock
<LI><a href="#[a3]">&gt;&gt;</a>&nbsp;&nbsp;&nbsp;UART_Init
</UL>

<P><STRONG><a name="[a6]"></a>CLK_WaitClockReady</STRONG> (Thumb, 34 bytes, Stack size 0 bytes, clk.o(.text))
<BR><BR>[Called By]<UL><LI><a href="#[b2]">&gt;&gt;</a>&nbsp;&nbsp;&nbsp;CLK_EnablePLL
<LI><a href="#[b1]">&gt;&gt;</a>&nbsp;&nbsp;&nbsp;CLK_SetCoreClock
<LI><a href="#[a3]">&gt;&gt;</a>&nbsp;&nbsp;&nbsp;UART_Init
</UL>

<P><STRONG><a name="[b1]"></a>CLK_SetCoreClock</STRONG> (Thumb, 136 bytes, Stack size 24 bytes, clk.o(.text), UNUSED)
<BR><BR>[Calls]<UL><LI><a href="#[a6]">&gt;&gt;</a>&nbsp;&nbsp;&nbsp;CLK_WaitClockReady
<LI><a href="#[a7]">&gt;&gt;</a>&nbsp;&nbsp;&nbsp;CLK_SetHCLK
<LI><a href="#[99]">&gt;&gt;</a>&nbsp;&nbsp;&nbsp;SystemCoreClockUpdate
</UL>

<P><STRONG><a name="[a9]"></a>CLK_SetModuleClock</STRONG> (Thumb, 88 bytes, Stack size 20 bytes, clk.o(.text))
<BR><BR>[Stack]<UL><LI>Max Depth = 20<LI>Call Chain = CLK_SetModuleClock
</UL>
<BR>[Called By]<UL><LI><a href="#[a3]">&gt;&gt;</a>&nbsp;&nbsp;&nbsp;UART_Init
</UL>

<P><STRONG><a name="[a5]"></a>CLK_EnableXtalRC</STRONG> (Thumb, 18 bytes, Stack size 0 bytes, clk.o(.text))
<BR><BR>[Called By]<UL><LI><a href="#[a3]">&gt;&gt;</a>&nbsp;&nbsp;&nbsp;UART_Init
</UL>

<P><STRONG><a name="[104]"></a>CLK_DisableXtalRC</STRONG> (Thumb, 18 bytes, Stack size 0 bytes, clk.o(.text), UNUSED)

<P><STRONG><a name="[a8]"></a>CLK_EnableModuleClock</STRONG> (Thumb, 48 bytes, Stack size 0 bytes, clk.o(.text))
<BR><BR>[Called By]<UL><LI><a href="#[a3]">&gt;&gt;</a>&nbsp;&nbsp;&nbsp;UART_Init
</UL>

<P><STRONG><a name="[105]"></a>CLK_DisableModuleClock</STRONG> (Thumb, 48 bytes, Stack size 0 bytes, clk.o(.text), UNUSED)

<P><STRONG><a name="[b3]"></a>CLK_DisablePLL</STRONG> (Thumb, 18 bytes, Stack size 0 bytes, clk.o(.text), UNUSED)
<BR><BR>[Called By]<UL><LI><a href="#[b2]">&gt;&gt;</a>&nbsp;&nbsp;&nbsp;CLK_EnablePLL
</UL>

<P><STRONG><a name="[b2]"></a>CLK_EnablePLL</STRONG> (Thumb, 424 bytes, Stack size 60 bytes, clk.o(.text), UNUSED)
<BR><BR>[Calls]<UL><LI><a href="#[b3]">&gt;&gt;</a>&nbsp;&nbsp;&nbsp;CLK_DisablePLL
<LI><a href="#[a6]">&gt;&gt;</a>&nbsp;&nbsp;&nbsp;CLK_WaitClockReady
<LI><a href="#[9a]">&gt;&gt;</a>&nbsp;&nbsp;&nbsp;CLK_GetPLLClockFreq
</UL>

<P><STRONG><a name="[106]"></a>CLK_SetSysTickClockSrc</STRONG> (Thumb, 22 bytes, Stack size 0 bytes, clk.o(.text), UNUSED)

<P><STRONG><a name="[107]"></a>CLK_SysTickDelay</STRONG> (Thumb, 44 bytes, Stack size 0 bytes, clk.o(.text), UNUSED)

<P><STRONG><a name="[108]"></a>CLK_EnableSysTick</STRONG> (Thumb, 72 bytes, Stack size 0 bytes, clk.o(.text), UNUSED)

<P><STRONG><a name="[109]"></a>CLK_DisableSysTick</STRONG> (Thumb, 10 bytes, Stack size 0 bytes, clk.o(.text), UNUSED)

<P><STRONG><a name="[10a]"></a>SYS_ClearResetSrc</STRONG> (Thumb, 16 bytes, Stack size 0 bytes, sys.o(.text), UNUSED)

<P><STRONG><a name="[10b]"></a>SYS_GetBODStatus</STRONG> (Thumb, 12 bytes, Stack size 0 bytes, sys.o(.text), UNUSED)

<P><STRONG><a name="[10c]"></a>SYS_GetResetSrc</STRONG> (Thumb, 8 bytes, Stack size 0 bytes, sys.o(.text), UNUSED)

<P><STRONG><a name="[10d]"></a>SYS_IsRegLocked</STRONG> (Thumb, 14 bytes, Stack size 0 bytes, sys.o(.text), UNUSED)

<P><STRONG><a name="[10e]"></a>SYS_LockReg</STRONG> (Thumb, 8 bytes, Stack size 0 bytes, sys.o(.text), UNUSED)

<P><STRONG><a name="[a4]"></a>SYS_UnlockReg</STRONG> (Thumb, 38 bytes, Stack size 0 bytes, sys.o(.text))
<BR><BR>[Called By]<UL><LI><a href="#[a3]">&gt;&gt;</a>&nbsp;&nbsp;&nbsp;UART_Init
</UL>

<P><STRONG><a name="[10f]"></a>SYS_ReadPDID</STRONG> (Thumb, 8 bytes, Stack size 0 bytes, sys.o(.text), UNUSED)

<P><STRONG><a name="[110]"></a>SYS_ResetChip</STRONG> (Thumb, 18 bytes, Stack size 0 bytes, sys.o(.text), UNUSED)

<P><STRONG><a name="[111]"></a>SYS_ResetCPU</STRONG> (Thumb, 18 bytes, Stack size 0 bytes, sys.o(.text), UNUSED)

<P><STRONG><a name="[112]"></a>SYS_ResetModule</STRONG> (Thumb, 54 bytes, Stack size 0 bytes, sys.o(.text), UNUSED)

<P><STRONG><a name="[113]"></a>SYS_EnableBOD</STRONG> (Thumb, 38 bytes, Stack size 0 bytes, sys.o(.text), UNUSED)

<P><STRONG><a name="[114]"></a>SYS_DisableBOD</STRONG> (Thumb, 18 bytes, Stack size 0 bytes, sys.o(.text), UNUSED)

<P><STRONG><a name="[115]"></a>UART_ClearIntFlag</STRONG> (Thumb, 66 bytes, Stack size 0 bytes, uart.o(.text), UNUSED)

<P><STRONG><a name="[116]"></a>UART_Close</STRONG> (Thumb, 6 bytes, Stack size 0 bytes, uart.o(.text), UNUSED)

<P><STRONG><a name="[117]"></a>UART_DisableFlowCtrl</STRONG> (Thumb, 10 bytes, Stack size 0 bytes, uart.o(.text), UNUSED)

<P><STRONG><a name="[118]"></a>UART_DisableInt</STRONG> (Thumb, 8 bytes, Stack size 0 bytes, uart.o(.text), UNUSED)

<P><STRONG><a name="[119]"></a>UART_EnableFlowCtrl</STRONG> (Thumb, 34 bytes, Stack size 0 bytes, uart.o(.text), UNUSED)

<P><STRONG><a name="[11a]"></a>UART_EnableInt</STRONG> (Thumb, 8 bytes, Stack size 0 bytes, uart.o(.text), UNUSED)

<P><STRONG><a name="[aa]"></a>UART_Open</STRONG> (Thumb, 118 bytes, Stack size 40 bytes, uart.o(.text))
<BR><BR>[Stack]<UL><LI>Max Depth = 60<LI>Call Chain = UART_Open &rArr; CLK_GetPLLClockFreq
</UL>
<BR>[Calls]<UL><LI><a href="#[9a]">&gt;&gt;</a>&nbsp;&nbsp;&nbsp;CLK_GetPLLClockFreq
</UL>
<BR>[Called By]<UL><LI><a href="#[a3]">&gt;&gt;</a>&nbsp;&nbsp;&nbsp;UART_Init
</UL>

<P><STRONG><a name="[11b]"></a>UART_Read</STRONG> (Thumb, 32 bytes, Stack size 8 bytes, uart.o(.text), UNUSED)

<P><STRONG><a name="[b4]"></a>UART_SetLine_Config</STRONG> (Thumb, 136 bytes, Stack size 56 bytes, uart.o(.text), UNUSED)
<BR><BR>[Calls]<UL><LI><a href="#[9a]">&gt;&gt;</a>&nbsp;&nbsp;&nbsp;CLK_GetPLLClockFreq
</UL>

<P><STRONG><a name="[11c]"></a>UART_SetTimeoutCnt</STRONG> (Thumb, 20 bytes, Stack size 0 bytes, uart.o(.text), UNUSED)

<P><STRONG><a name="[b5]"></a>UART_SelectIrDAMode</STRONG> (Thumb, 128 bytes, Stack size 40 bytes, uart.o(.text), UNUSED)
<BR><BR>[Calls]<UL><LI><a href="#[9a]">&gt;&gt;</a>&nbsp;&nbsp;&nbsp;CLK_GetPLLClockFreq
</UL>

<P><STRONG><a name="[11d]"></a>UART_SelectRS485Mode</STRONG> (Thumb, 22 bytes, Stack size 8 bytes, uart.o(.text), UNUSED)

<P><STRONG><a name="[11e]"></a>UART_Write</STRONG> (Thumb, 32 bytes, Stack size 8 bytes, uart.o(.text), UNUSED)

<P><STRONG><a name="[6b]"></a>Hard_Fault_Handler</STRONG> (Thumb, 18 bytes, Stack size 0 bytes, retarget.o(.text))
<BR><BR>[Stack]<UL><LI>Max Depth = 32<LI>Call Chain = Hard_Fault_Handler &rArr; stackDump &rArr; __2printf
</UL>
<BR>[Calls]<UL><LI><a href="#[85]">&gt;&gt;</a>&nbsp;&nbsp;&nbsp;stackDump
<LI><a href="#[ab]">&gt;&gt;</a>&nbsp;&nbsp;&nbsp;__2printf
</UL>
<BR>[Address Reference Count : 1]<UL><LI> retarget.o(.emb_text)
</UL>
<P><STRONG><a name="[86]"></a>SendChar_ToUART</STRONG> (Thumb, 40 bytes, Stack size 0 bytes, retarget.o(.text))
<BR><BR>[Called By]<UL><LI><a href="#[87]">&gt;&gt;</a>&nbsp;&nbsp;&nbsp;SendChar
</UL>

<P><STRONG><a name="[87]"></a>SendChar</STRONG> (Thumb, 12 bytes, Stack size 4 bytes, retarget.o(.text))
<BR><BR>[Stack]<UL><LI>Max Depth = 4<LI>Call Chain = SendChar
</UL>
<BR>[Calls]<UL><LI><a href="#[86]">&gt;&gt;</a>&nbsp;&nbsp;&nbsp;SendChar_ToUART
</UL>
<BR>[Called By]<UL><LI><a href="#[70]">&gt;&gt;</a>&nbsp;&nbsp;&nbsp;fputc
<LI><a href="#[8b]">&gt;&gt;</a>&nbsp;&nbsp;&nbsp;_ttywrch
</UL>

<P><STRONG><a name="[88]"></a>GetChar</STRONG> (Thumb, 22 bytes, Stack size 0 bytes, retarget.o(.text), UNUSED, KEPT)
<BR><BR>[Called By]<UL><LI><a href="#[8c]">&gt;&gt;</a>&nbsp;&nbsp;&nbsp;fgetc
</UL>

<P><STRONG><a name="[89]"></a>kbhit</STRONG> (Thumb, 12 bytes, Stack size 0 bytes, retarget.o(.text), UNUSED, KEPT)

<P><STRONG><a name="[8a]"></a>IsDebugFifoEmpty</STRONG> (Thumb, 10 bytes, Stack size 0 bytes, retarget.o(.text), UNUSED, KEPT)

<P><STRONG><a name="[8b]"></a>_ttywrch</STRONG> (Thumb, 12 bytes, Stack size 8 bytes, retarget.o(.text), UNUSED, KEPT)
<BR><BR>[Stack]<UL><LI>Max Depth = 12<LI>Call Chain = _ttywrch &rArr; SendChar
</UL>
<BR>[Calls]<UL><LI><a href="#[87]">&gt;&gt;</a>&nbsp;&nbsp;&nbsp;SendChar
</UL>

<P><STRONG><a name="[70]"></a>fputc</STRONG> (Thumb, 16 bytes, Stack size 12 bytes, retarget.o(.text))
<BR><BR>[Stack]<UL><LI>Max Depth = 16<LI>Call Chain = fputc &rArr; SendChar
</UL>
<BR>[Calls]<UL><LI><a href="#[87]">&gt;&gt;</a>&nbsp;&nbsp;&nbsp;SendChar
</UL>
<BR>[Address Reference Count : 1]<UL><LI> printf5.o(i.__0printf$5)
</UL>
<P><STRONG><a name="[8c]"></a>fgetc</STRONG> (Thumb, 10 bytes, Stack size 4 bytes, retarget.o(.text), UNUSED, KEPT)
<BR><BR>[Stack]<UL><LI>Max Depth = 4<LI>Call Chain = fgetc
</UL>
<BR>[Calls]<UL><LI><a href="#[88]">&gt;&gt;</a>&nbsp;&nbsp;&nbsp;GetChar
</UL>

<P><STRONG><a name="[8d]"></a>ferror</STRONG> (Thumb, 8 bytes, Stack size 0 bytes, retarget.o(.text), UNUSED, KEPT)

<P><STRONG><a name="[7b]"></a>os_idle_demon</STRONG> (Thumb, 4 bytes, Stack size 0 bytes, rtx_conf_cm.o(.text))
<BR>[Address Reference Count : 1]<UL><LI> rt_task.o(i.rt_sys_init)
</UL>
<P><STRONG><a name="[d9]"></a>os_error</STRONG> (Thumb, 26 bytes, Stack size 0 bytes, rtx_conf_cm.o(.text))
<BR><BR>[Called By]<UL><LI><a href="#[d7]">&gt;&gt;</a>&nbsp;&nbsp;&nbsp;rt_mbx_psh
<LI><a href="#[94]">&gt;&gt;</a>&nbsp;&nbsp;&nbsp;rt_stk_check
<LI><a href="#[c0]">&gt;&gt;</a>&nbsp;&nbsp;&nbsp;rt_psq_enq
</UL>

<P><STRONG><a name="[b6]"></a>__aeabi_uldivmod</STRONG> (Thumb, 98 bytes, Stack size 40 bytes, uldiv.o(.text), UNUSED)
<BR><BR>[Calls]<UL><LI><a href="#[b7]">&gt;&gt;</a>&nbsp;&nbsp;&nbsp;__aeabi_llsr
<LI><a href="#[b8]">&gt;&gt;</a>&nbsp;&nbsp;&nbsp;__aeabi_llsl
</UL>
<BR>[Called By]<UL><LI><a href="#[bb]">&gt;&gt;</a>&nbsp;&nbsp;&nbsp;_printf_core
</UL>

<P><STRONG><a name="[8f]"></a>__scatterload</STRONG> (Thumb, 28 bytes, Stack size 0 bytes, init.o(.text))
<BR><BR>[Calls]<UL><LI><a href="#[b9]">&gt;&gt;</a>&nbsp;&nbsp;&nbsp;__main_after_scatterload
</UL>
<BR>[Called By]<UL><LI><a href="#[8e]">&gt;&gt;</a>&nbsp;&nbsp;&nbsp;_main_scatterload
</UL>

<P><STRONG><a name="[11f]"></a>__scatterload_rt2</STRONG> (Thumb, 0 bytes, Stack size 0 bytes, init.o(.text), UNUSED)

<P><STRONG><a name="[b8]"></a>__aeabi_llsl</STRONG> (Thumb, 30 bytes, Stack size 0 bytes, llshl.o(.text), UNUSED)
<BR><BR>[Called By]<UL><LI><a href="#[b6]">&gt;&gt;</a>&nbsp;&nbsp;&nbsp;__aeabi_uldivmod
</UL>

<P><STRONG><a name="[120]"></a>_ll_shift_l</STRONG> (Thumb, 0 bytes, Stack size 0 bytes, llshl.o(.text), UNUSED)

<P><STRONG><a name="[b7]"></a>__aeabi_llsr</STRONG> (Thumb, 32 bytes, Stack size 0 bytes, llushr.o(.text), UNUSED)
<BR><BR>[Called By]<UL><LI><a href="#[b6]">&gt;&gt;</a>&nbsp;&nbsp;&nbsp;__aeabi_uldivmod
</UL>

<P><STRONG><a name="[121]"></a>_ll_ushift_r</STRONG> (Thumb, 0 bytes, Stack size 0 bytes, llushr.o(.text), UNUSED)

<P><STRONG><a name="[ba]"></a>__0printf$5</STRONG> (Thumb, 22 bytes, Stack size 24 bytes, printf5.o(i.__0printf$5), UNUSED)
<BR><BR>[Calls]<UL><LI><a href="#[bb]">&gt;&gt;</a>&nbsp;&nbsp;&nbsp;_printf_core
</UL>

<P><STRONG><a name="[122]"></a>__1printf$5</STRONG> (Thumb, 0 bytes, Stack size 24 bytes, printf5.o(i.__0printf$5), UNUSED)

<P><STRONG><a name="[ab]"></a>__2printf</STRONG> (Thumb, 0 bytes, Stack size 24 bytes, printf5.o(i.__0printf$5))
<BR><BR>[Stack]<UL><LI>Max Depth = 24<LI>Call Chain = __2printf
</UL>
<BR>[Called By]<UL><LI><a href="#[6b]">&gt;&gt;</a>&nbsp;&nbsp;&nbsp;Hard_Fault_Handler
<LI><a href="#[85]">&gt;&gt;</a>&nbsp;&nbsp;&nbsp;stackDump
<LI><a href="#[83]">&gt;&gt;</a>&nbsp;&nbsp;&nbsp;main
</UL>

<P><STRONG><a name="[123]"></a>__scatterload_copy</STRONG> (Thumb, 14 bytes, Stack size unknown bytes, handlers.o(i.__scatterload_copy), UNUSED)

<P><STRONG><a name="[124]"></a>__scatterload_null</STRONG> (Thumb, 2 bytes, Stack size unknown bytes, handlers.o(i.__scatterload_null), UNUSED)

<P><STRONG><a name="[125]"></a>__scatterload_zeroinit</STRONG> (Thumb, 14 bytes, Stack size unknown bytes, handlers.o(i.__scatterload_zeroinit), UNUSED)

<P><STRONG><a name="[e2]"></a>_init_box</STRONG> (Thumb, 70 bytes, Stack size 8 bytes, rt_membox.o(i._init_box))
<BR><BR>[Stack]<UL><LI>Max Depth = 8<LI>Call Chain = _init_box
</UL>
<BR>[Called By]<UL><LI><a href="#[e0]">&gt;&gt;</a>&nbsp;&nbsp;&nbsp;rt_sys_init
</UL>

<P><STRONG><a name="[e1]"></a>dbg_init</STRONG> (Thumb, 34 bytes, Stack size 0 bytes, hal_cm.o(i.dbg_init))
<BR><BR>[Called By]<UL><LI><a href="#[e0]">&gt;&gt;</a>&nbsp;&nbsp;&nbsp;rt_sys_init
</UL>

<P><STRONG><a name="[e8]"></a>dbg_task_notify</STRONG> (Thumb, 32 bytes, Stack size 0 bytes, hal_cm.o(i.dbg_task_notify))
<BR><BR>[Called By]<UL><LI><a href="#[e9]">&gt;&gt;</a>&nbsp;&nbsp;&nbsp;rt_tsk_delete
<LI><a href="#[e7]">&gt;&gt;</a>&nbsp;&nbsp;&nbsp;rt_tsk_create
</UL>

<P><STRONG><a name="[df]"></a>dbg_task_switch</STRONG> (Thumb, 16 bytes, Stack size 0 bytes, hal_cm.o(i.dbg_task_switch))
<BR><BR>[Called By]<UL><LI><a href="#[c9]">&gt;&gt;</a>&nbsp;&nbsp;&nbsp;rt_switch_req
</UL>

<P><STRONG><a name="[bf]"></a>isr_evt_set</STRONG> (Thumb, 34 bytes, Stack size 8 bytes, rt_event.o(i.isr_evt_set))
<BR><BR>[Stack]<UL><LI>Max Depth = 24<LI>Call Chain = isr_evt_set &rArr; rt_psq_enq
</UL>
<BR>[Calls]<UL><LI><a href="#[c0]">&gt;&gt;</a>&nbsp;&nbsp;&nbsp;rt_psq_enq
<LI><a href="#[c1]">&gt;&gt;</a>&nbsp;&nbsp;&nbsp;rt_psh_req
</UL>
<BR>[Called By]<UL><LI><a href="#[a0]">&gt;&gt;</a>&nbsp;&nbsp;&nbsp;osSignalSet
</UL>

<P><STRONG><a name="[c2]"></a>isr_mbx_receive</STRONG> (Thumb, 80 bytes, Stack size 8 bytes, rt_mailbox.o(i.isr_mbx_receive))
<BR><BR>[Stack]<UL><LI>Max Depth = 24<LI>Call Chain = isr_mbx_receive &rArr; rt_psq_enq
</UL>
<BR>[Calls]<UL><LI><a href="#[c0]">&gt;&gt;</a>&nbsp;&nbsp;&nbsp;rt_psq_enq
<LI><a href="#[c1]">&gt;&gt;</a>&nbsp;&nbsp;&nbsp;rt_psh_req
</UL>
<BR>[Called By]<UL><LI><a href="#[c3]">&gt;&gt;</a>&nbsp;&nbsp;&nbsp;osMessageGet
</UL>

<P><STRONG><a name="[be]"></a>isr_mbx_send</STRONG> (Thumb, 14 bytes, Stack size 8 bytes, rt_mailbox.o(i.isr_mbx_send))
<BR><BR>[Stack]<UL><LI>Max Depth = 24<LI>Call Chain = isr_mbx_send &rArr; rt_psq_enq
</UL>
<BR>[Calls]<UL><LI><a href="#[c0]">&gt;&gt;</a>&nbsp;&nbsp;&nbsp;rt_psq_enq
<LI><a href="#[c1]">&gt;&gt;</a>&nbsp;&nbsp;&nbsp;rt_psh_req
</UL>
<BR>[Called By]<UL><LI><a href="#[bc]">&gt;&gt;</a>&nbsp;&nbsp;&nbsp;isrMessagePut
</UL>

<P><STRONG><a name="[a1]"></a>osDelay</STRONG> (Thumb, 18 bytes, Stack size 0 bytes, rt_cmsis.o(i.osDelay))
<BR><BR>[Called By]<UL><LI><a href="#[81]">&gt;&gt;</a>&nbsp;&nbsp;&nbsp;clock
<LI><a href="#[9f]">&gt;&gt;</a>&nbsp;&nbsp;&nbsp;signal_func
</UL>

<P><STRONG><a name="[91]"></a>osKernelInitialize</STRONG> (Thumb, 30 bytes, Stack size 0 bytes, rt_cmsis.o(i.osKernelInitialize))
<BR><BR>[Stack]<UL><LI>Max Depth = 72<LI>Call Chain = osKernelInitialize &rArr; svcKernelInitialize &rArr; svcThreadCreate &rArr; rt_tsk_create &rArr; rt_init_context &rArr; rt_init_stack
</UL>
<BR>[Calls]<UL><LI><a href="#[72]">&gt;&gt;</a>&nbsp;&nbsp;&nbsp;svcKernelInitialize
</UL>
<BR>[Called By]<UL><LI><a href="#[90]">&gt;&gt;</a>&nbsp;&nbsp;&nbsp;_main_init
<LI><a href="#[83]">&gt;&gt;</a>&nbsp;&nbsp;&nbsp;main
</UL>

<P><STRONG><a name="[93]"></a>osKernelStart</STRONG> (Thumb, 98 bytes, Stack size 32 bytes, rt_cmsis.o(i.osKernelStart))
<BR><BR>[Stack]<UL><LI>Max Depth = 32<LI>Call Chain = osKernelStart
</UL>
<BR>[Called By]<UL><LI><a href="#[90]">&gt;&gt;</a>&nbsp;&nbsp;&nbsp;_main_init
<LI><a href="#[83]">&gt;&gt;</a>&nbsp;&nbsp;&nbsp;main
</UL>

<P><STRONG><a name="[c3]"></a>osMessageGet</STRONG> (Thumb, 64 bytes, Stack size 16 bytes, rt_cmsis.o(i.osMessageGet))
<BR><BR>[Stack]<UL><LI>Max Depth = 40<LI>Call Chain = osMessageGet &rArr; isr_mbx_receive &rArr; rt_psq_enq
</UL>
<BR>[Calls]<UL><LI><a href="#[c2]">&gt;&gt;</a>&nbsp;&nbsp;&nbsp;isr_mbx_receive
</UL>
<BR>[Called By]<UL><LI><a href="#[82]">&gt;&gt;</a>&nbsp;&nbsp;&nbsp;osTimerThread
</UL>

<P><STRONG><a name="[a0]"></a>osSignalSet</STRONG> (Thumb, 48 bytes, Stack size 16 bytes, rt_cmsis.o(i.osSignalSet))
<BR><BR>[Stack]<UL><LI>Max Depth = 40<LI>Call Chain = osSignalSet &rArr; isr_evt_set &rArr; rt_psq_enq
</UL>
<BR>[Calls]<UL><LI><a href="#[c4]">&gt;&gt;</a>&nbsp;&nbsp;&nbsp;rt_tid2ptcb
<LI><a href="#[bf]">&gt;&gt;</a>&nbsp;&nbsp;&nbsp;isr_evt_set
</UL>
<BR>[Called By]<UL><LI><a href="#[83]">&gt;&gt;</a>&nbsp;&nbsp;&nbsp;main
<LI><a href="#[9f]">&gt;&gt;</a>&nbsp;&nbsp;&nbsp;signal_func
</UL>

<P><STRONG><a name="[a2]"></a>osSignalWait</STRONG> (Thumb, 18 bytes, Stack size 0 bytes, rt_cmsis.o(i.osSignalWait))
<BR><BR>[Called By]<UL><LI><a href="#[81]">&gt;&gt;</a>&nbsp;&nbsp;&nbsp;clock
<LI><a href="#[80]">&gt;&gt;</a>&nbsp;&nbsp;&nbsp;phaseD
<LI><a href="#[7f]">&gt;&gt;</a>&nbsp;&nbsp;&nbsp;phaseC
<LI><a href="#[7e]">&gt;&gt;</a>&nbsp;&nbsp;&nbsp;phaseB
<LI><a href="#[7d]">&gt;&gt;</a>&nbsp;&nbsp;&nbsp;phaseA
</UL>

<P><STRONG><a name="[92]"></a>osThreadCreate</STRONG> (Thumb, 38 bytes, Stack size 0 bytes, rt_cmsis.o(i.osThreadCreate))
<BR><BR>[Stack]<UL><LI>Max Depth = 64<LI>Call Chain = osThreadCreate &rArr; svcThreadCreate &rArr; rt_tsk_create &rArr; rt_init_context &rArr; rt_init_stack
</UL>
<BR>[Calls]<UL><LI><a href="#[77]">&gt;&gt;</a>&nbsp;&nbsp;&nbsp;svcThreadCreate
</UL>
<BR>[Called By]<UL><LI><a href="#[90]">&gt;&gt;</a>&nbsp;&nbsp;&nbsp;_main_init
<LI><a href="#[83]">&gt;&gt;</a>&nbsp;&nbsp;&nbsp;main
</UL>

<P><STRONG><a name="[7c]"></a>osThreadExit</STRONG> (Thumb, 14 bytes, Stack size 0 bytes, rt_cmsis.o(i.osThreadExit))
<BR>[Address Reference Count : 1]<UL><LI> rt_cmsis.o(i.svcThreadCreate)
</UL>
<P><STRONG><a name="[c5]"></a>osTimerCall</STRONG> (Thumb, 8 bytes, Stack size 0 bytes, rt_cmsis.o(i.osTimerCall))
<BR><BR>[Called By]<UL><LI><a href="#[82]">&gt;&gt;</a>&nbsp;&nbsp;&nbsp;osTimerThread
</UL>

<P><STRONG><a name="[82]"></a>osTimerThread</STRONG> (Thumb, 38 bytes, Stack size 0 bytes, rt_cmsis.o(i.osTimerThread))
<BR><BR>[Stack]<UL><LI>Max Depth = 40<LI>Call Chain = osTimerThread &rArr; osMessageGet &rArr; isr_mbx_receive &rArr; rt_psq_enq
</UL>
<BR>[Calls]<UL><LI><a href="#[c5]">&gt;&gt;</a>&nbsp;&nbsp;&nbsp;osTimerCall
<LI><a href="#[c3]">&gt;&gt;</a>&nbsp;&nbsp;&nbsp;osMessageGet
</UL>
<BR>[Address Reference Count : 1]<UL><LI> rtx_conf_cm.o(.constdata)
</UL>
<P><STRONG><a name="[e5]"></a>os_tick_init</STRONG> (Thumb, 32 bytes, Stack size 0 bytes, rt_system.o(i.os_tick_init))
<BR><BR>[Called By]<UL><LI><a href="#[e4]">&gt;&gt;</a>&nbsp;&nbsp;&nbsp;rt_sys_start
</UL>

<P><STRONG><a name="[98]"></a>os_tick_irqack</STRONG> (Thumb, 2 bytes, Stack size 0 bytes, rt_system.o(i.os_tick_irqack), UNUSED)
<BR><BR>[Called By]<UL><LI><a href="#[97]">&gt;&gt;</a>&nbsp;&nbsp;&nbsp;OS_Tick_Handler
</UL>

<P><STRONG><a name="[6c]"></a>rt_alloc_box</STRONG> (Thumb, 28 bytes, Stack size 0 bytes, rt_membox.o(i.rt_alloc_box))
<BR><BR>[Called By]<UL><LI><a href="#[d7]">&gt;&gt;</a>&nbsp;&nbsp;&nbsp;rt_mbx_psh
<LI><a href="#[d5]">&gt;&gt;</a>&nbsp;&nbsp;&nbsp;rt_init_context
<LI><a href="#[e7]">&gt;&gt;</a>&nbsp;&nbsp;&nbsp;rt_tsk_create
</UL>
<BR>[Address Reference Count : 1]<UL><LI> hal_cm4.o(.emb_text)
</UL>
<P><STRONG><a name="[f0]"></a>rt_alloc_mem</STRONG> (Thumb, 60 bytes, Stack size 8 bytes, rt_memory.o(i.rt_alloc_mem))
<BR><BR>[Stack]<UL><LI>Max Depth = 8<LI>Call Chain = rt_alloc_mem
</UL>
<BR>[Called By]<UL><LI><a href="#[77]">&gt;&gt;</a>&nbsp;&nbsp;&nbsp;svcThreadCreate
</UL>

<P><STRONG><a name="[c6]"></a>rt_block</STRONG> (Thumb, 48 bytes, Stack size 16 bytes, rt_task.o(i.rt_block))
<BR><BR>[Stack]<UL><LI>Max Depth = 24<LI>Call Chain = rt_block &rArr; rt_put_dly
</UL>
<BR>[Calls]<UL><LI><a href="#[c7]">&gt;&gt;</a>&nbsp;&nbsp;&nbsp;rt_put_dly
<LI><a href="#[c9]">&gt;&gt;</a>&nbsp;&nbsp;&nbsp;rt_switch_req
<LI><a href="#[c8]">&gt;&gt;</a>&nbsp;&nbsp;&nbsp;rt_get_first
</UL>
<BR>[Called By]<UL><LI><a href="#[da]">&gt;&gt;</a>&nbsp;&nbsp;&nbsp;rt_mbx_wait
<LI><a href="#[d4]">&gt;&gt;</a>&nbsp;&nbsp;&nbsp;rt_evt_wait
<LI><a href="#[cf]">&gt;&gt;</a>&nbsp;&nbsp;&nbsp;rt_dly_wait
</UL>

<P><STRONG><a name="[ca]"></a>rt_chk_robin</STRONG> (Thumb, 60 bytes, Stack size 8 bytes, rt_robin.o(i.rt_chk_robin))
<BR><BR>[Stack]<UL><LI>Max Depth = 16<LI>Call Chain = rt_chk_robin &rArr; rt_put_prio
</UL>
<BR>[Calls]<UL><LI><a href="#[cb]">&gt;&gt;</a>&nbsp;&nbsp;&nbsp;rt_put_prio
<LI><a href="#[c8]">&gt;&gt;</a>&nbsp;&nbsp;&nbsp;rt_get_first
</UL>
<BR>[Called By]<UL><LI><a href="#[96]">&gt;&gt;</a>&nbsp;&nbsp;&nbsp;rt_systick
</UL>

<P><STRONG><a name="[cc]"></a>rt_dec_dly</STRONG> (Thumb, 104 bytes, Stack size 16 bytes, rt_list.o(i.rt_dec_dly))
<BR><BR>[Stack]<UL><LI>Max Depth = 24<LI>Call Chain = rt_dec_dly &rArr; rt_put_prio
</UL>
<BR>[Calls]<UL><LI><a href="#[cb]">&gt;&gt;</a>&nbsp;&nbsp;&nbsp;rt_put_prio
</UL>
<BR>[Called By]<UL><LI><a href="#[96]">&gt;&gt;</a>&nbsp;&nbsp;&nbsp;rt_systick
</UL>

<P><STRONG><a name="[cd]"></a>rt_dispatch</STRONG> (Thumb, 60 bytes, Stack size 16 bytes, rt_task.o(i.rt_dispatch))
<BR><BR>[Stack]<UL><LI>Max Depth = 24<LI>Call Chain = rt_dispatch &rArr; rt_put_prio
</UL>
<BR>[Calls]<UL><LI><a href="#[ce]">&gt;&gt;</a>&nbsp;&nbsp;&nbsp;rt_put_rdy_first
<LI><a href="#[c9]">&gt;&gt;</a>&nbsp;&nbsp;&nbsp;rt_switch_req
<LI><a href="#[cb]">&gt;&gt;</a>&nbsp;&nbsp;&nbsp;rt_put_prio
<LI><a href="#[c8]">&gt;&gt;</a>&nbsp;&nbsp;&nbsp;rt_get_first
</UL>
<BR>[Called By]<UL><LI><a href="#[eb]">&gt;&gt;</a>&nbsp;&nbsp;&nbsp;rt_tsk_prio
<LI><a href="#[e9]">&gt;&gt;</a>&nbsp;&nbsp;&nbsp;rt_tsk_delete
<LI><a href="#[e7]">&gt;&gt;</a>&nbsp;&nbsp;&nbsp;rt_tsk_create
<LI><a href="#[da]">&gt;&gt;</a>&nbsp;&nbsp;&nbsp;rt_mbx_wait
<LI><a href="#[d3]">&gt;&gt;</a>&nbsp;&nbsp;&nbsp;rt_evt_set
</UL>

<P><STRONG><a name="[cf]"></a>rt_dly_wait</STRONG> (Thumb, 6 bytes, Stack size 0 bytes, rt_time.o(i.rt_dly_wait))
<BR><BR>[Stack]<UL><LI>Max Depth = 24<LI>Call Chain = rt_dly_wait &rArr; rt_block &rArr; rt_put_dly
</UL>
<BR>[Calls]<UL><LI><a href="#[c6]">&gt;&gt;</a>&nbsp;&nbsp;&nbsp;rt_block
</UL>
<BR>[Called By]<UL><LI><a href="#[71]">&gt;&gt;</a>&nbsp;&nbsp;&nbsp;svcDelay
</UL>

<P><STRONG><a name="[d0]"></a>rt_evt_psh</STRONG> (Thumb, 76 bytes, Stack size 8 bytes, rt_event.o(i.rt_evt_psh))
<BR><BR>[Stack]<UL><LI>Max Depth = 24<LI>Call Chain = rt_evt_psh &rArr; rt_ret_val2
</UL>
<BR>[Calls]<UL><LI><a href="#[d2]">&gt;&gt;</a>&nbsp;&nbsp;&nbsp;rt_ret_val2
<LI><a href="#[d1]">&gt;&gt;</a>&nbsp;&nbsp;&nbsp;rt_rmv_dly
<LI><a href="#[cb]">&gt;&gt;</a>&nbsp;&nbsp;&nbsp;rt_put_prio
</UL>
<BR>[Called By]<UL><LI><a href="#[95]">&gt;&gt;</a>&nbsp;&nbsp;&nbsp;rt_pop_req
</UL>

<P><STRONG><a name="[d3]"></a>rt_evt_set</STRONG> (Thumb, 88 bytes, Stack size 8 bytes, rt_event.o(i.rt_evt_set))
<BR><BR>[Stack]<UL><LI>Max Depth = 32<LI>Call Chain = rt_evt_set &rArr; rt_dispatch &rArr; rt_put_prio
</UL>
<BR>[Calls]<UL><LI><a href="#[d2]">&gt;&gt;</a>&nbsp;&nbsp;&nbsp;rt_ret_val2
<LI><a href="#[d1]">&gt;&gt;</a>&nbsp;&nbsp;&nbsp;rt_rmv_dly
<LI><a href="#[cd]">&gt;&gt;</a>&nbsp;&nbsp;&nbsp;rt_dispatch
</UL>
<BR>[Called By]<UL><LI><a href="#[75]">&gt;&gt;</a>&nbsp;&nbsp;&nbsp;svcSignalSet
</UL>

<P><STRONG><a name="[d4]"></a>rt_evt_wait</STRONG> (Thumb, 58 bytes, Stack size 8 bytes, rt_event.o(i.rt_evt_wait))
<BR><BR>[Stack]<UL><LI>Max Depth = 32<LI>Call Chain = rt_evt_wait &rArr; rt_block &rArr; rt_put_dly
</UL>
<BR>[Calls]<UL><LI><a href="#[c6]">&gt;&gt;</a>&nbsp;&nbsp;&nbsp;rt_block
</UL>
<BR>[Called By]<UL><LI><a href="#[76]">&gt;&gt;</a>&nbsp;&nbsp;&nbsp;svcSignalWait
</UL>

<P><STRONG><a name="[6d]"></a>rt_free_box</STRONG> (Thumb, 32 bytes, Stack size 0 bytes, rt_membox.o(i.rt_free_box))
<BR><BR>[Called By]<UL><LI><a href="#[e9]">&gt;&gt;</a>&nbsp;&nbsp;&nbsp;rt_tsk_delete
</UL>
<BR>[Address Reference Count : 1]<UL><LI> hal_cm4.o(.emb_text)
</UL>
<P><STRONG><a name="[f1]"></a>rt_free_mem</STRONG> (Thumb, 40 bytes, Stack size 0 bytes, rt_memory.o(i.rt_free_mem))
<BR><BR>[Called By]<UL><LI><a href="#[79]">&gt;&gt;</a>&nbsp;&nbsp;&nbsp;svcThreadTerminate
<LI><a href="#[77]">&gt;&gt;</a>&nbsp;&nbsp;&nbsp;svcThreadCreate
</UL>

<P><STRONG><a name="[c8]"></a>rt_get_first</STRONG> (Thumb, 40 bytes, Stack size 0 bytes, rt_list.o(i.rt_get_first))
<BR><BR>[Called By]<UL><LI><a href="#[db]">&gt;&gt;</a>&nbsp;&nbsp;&nbsp;rt_sem_psh
<LI><a href="#[d7]">&gt;&gt;</a>&nbsp;&nbsp;&nbsp;rt_mbx_psh
<LI><a href="#[ca]">&gt;&gt;</a>&nbsp;&nbsp;&nbsp;rt_chk_robin
<LI><a href="#[96]">&gt;&gt;</a>&nbsp;&nbsp;&nbsp;rt_systick
<LI><a href="#[95]">&gt;&gt;</a>&nbsp;&nbsp;&nbsp;rt_pop_req
<LI><a href="#[eb]">&gt;&gt;</a>&nbsp;&nbsp;&nbsp;rt_tsk_prio
<LI><a href="#[e9]">&gt;&gt;</a>&nbsp;&nbsp;&nbsp;rt_tsk_delete
<LI><a href="#[da]">&gt;&gt;</a>&nbsp;&nbsp;&nbsp;rt_mbx_wait
<LI><a href="#[cd]">&gt;&gt;</a>&nbsp;&nbsp;&nbsp;rt_dispatch
<LI><a href="#[c6]">&gt;&gt;</a>&nbsp;&nbsp;&nbsp;rt_block
</UL>

<P><STRONG><a name="[ed]"></a>rt_init_mem</STRONG> (Thumb, 26 bytes, Stack size 0 bytes, rt_memory.o(i.rt_init_mem))
<BR><BR>[Called By]<UL><LI><a href="#[72]">&gt;&gt;</a>&nbsp;&nbsp;&nbsp;svcKernelInitialize
</UL>

<P><STRONG><a name="[e3]"></a>rt_init_robin</STRONG> (Thumb, 14 bytes, Stack size 0 bytes, rt_robin.o(i.rt_init_robin))
<BR><BR>[Called By]<UL><LI><a href="#[e0]">&gt;&gt;</a>&nbsp;&nbsp;&nbsp;rt_sys_init
</UL>

<P><STRONG><a name="[d6]"></a>rt_init_stack</STRONG> (Thumb, 70 bytes, Stack size 8 bytes, hal_cm.o(i.rt_init_stack))
<BR><BR>[Stack]<UL><LI>Max Depth = 8<LI>Call Chain = rt_init_stack
</UL>
<BR>[Called By]<UL><LI><a href="#[d5]">&gt;&gt;</a>&nbsp;&nbsp;&nbsp;rt_init_context
</UL>

<P><STRONG><a name="[bd]"></a>rt_mbx_check</STRONG> (Thumb, 8 bytes, Stack size 0 bytes, rt_mailbox.o(i.rt_mbx_check))
<BR><BR>[Called By]<UL><LI><a href="#[bc]">&gt;&gt;</a>&nbsp;&nbsp;&nbsp;isrMessagePut
</UL>

<P><STRONG><a name="[ef]"></a>rt_mbx_init</STRONG> (Thumb, 26 bytes, Stack size 0 bytes, rt_mailbox.o(i.rt_mbx_init))
<BR><BR>[Called By]<UL><LI><a href="#[ee]">&gt;&gt;</a>&nbsp;&nbsp;&nbsp;svcMessageCreate
</UL>

<P><STRONG><a name="[d7]"></a>rt_mbx_psh</STRONG> (Thumb, 234 bytes, Stack size 24 bytes, rt_mailbox.o(i.rt_mbx_psh))
<BR><BR>[Stack]<UL><LI>Max Depth = 40<LI>Call Chain = rt_mbx_psh &rArr; rt_ret_val2
</UL>
<BR>[Calls]<UL><LI><a href="#[d9]">&gt;&gt;</a>&nbsp;&nbsp;&nbsp;os_error
<LI><a href="#[d2]">&gt;&gt;</a>&nbsp;&nbsp;&nbsp;rt_ret_val2
<LI><a href="#[d1]">&gt;&gt;</a>&nbsp;&nbsp;&nbsp;rt_rmv_dly
<LI><a href="#[d8]">&gt;&gt;</a>&nbsp;&nbsp;&nbsp;rt_ret_val
<LI><a href="#[cb]">&gt;&gt;</a>&nbsp;&nbsp;&nbsp;rt_put_prio
<LI><a href="#[c8]">&gt;&gt;</a>&nbsp;&nbsp;&nbsp;rt_get_first
<LI><a href="#[6c]">&gt;&gt;</a>&nbsp;&nbsp;&nbsp;rt_alloc_box
</UL>
<BR>[Called By]<UL><LI><a href="#[95]">&gt;&gt;</a>&nbsp;&nbsp;&nbsp;rt_pop_req
</UL>

<P><STRONG><a name="[da]"></a>rt_mbx_wait</STRONG> (Thumb, 170 bytes, Stack size 16 bytes, rt_mailbox.o(i.rt_mbx_wait))
[...]
<BR><BR>[Called By]<UL><LI><a href="#[be]">&gt;&gt;</a>&nbsp;&nbsp;&nbsp;isr_mbx_send
<LI><a href="#[c2]">&gt;&gt;</a>&nbsp;&nbsp;&nbsp;isr_mbx_receive
<LI><a href="#[bf]">&gt;&gt;</a>&nbsp;&nbsp;&nbsp;isr_evt_set
</UL>

<P><STRONG><a name="[c0]"></a>rt_psq_enq</STRONG> (Thumb, 82 bytes, Stack size 16 bytes, rt_list.o(i.rt_psq_enq))
<BR><BR>[Stack]<UL><LI>Max Depth = 16<LI>Call Chain = rt_psq_enq
</UL>
<BR>[Calls]<UL><LI><a href="#[d9]">&gt;&gt;</a>&nbsp;&nbsp;&nbsp;os_error
</UL>
<BR>[Called By]<UL><LI><a href="#[be]">&gt;&gt;</a>&nbsp;&nbsp;&nbsp;isr_mbx_send
<LI><a href="#[c2]">&gt;&gt;</a>&nbsp;&nbsp;&nbsp;isr_mbx_receive
<LI><a href="#[bf]">&gt;&gt;</a>&nbsp;&nbsp;&nbsp;isr_evt_set
</UL>

<P><STRONG><a name="[c7]"></a>rt_put_dly</STRONG> (Thumb, 88 bytes, Stack size 8 bytes, rt_list.o(i.rt_put_dly))
<BR><BR>[Stack]<UL><LI>Max Depth = 8<LI>Call Chain = rt_put_dly
</UL>
<BR>[Called By]<UL><LI><a href="#[c6]">&gt;&gt;</a>&nbsp;&nbsp;&nbsp;rt_block
</UL>

<P><STRONG><a name="[cb]"></a>rt_put_prio</STRONG> (Thumb, 56 bytes, Stack size 8 bytes, rt_list.o(i.rt_put_prio))
<BR><BR>[Stack]<UL><LI>Max Depth = 8<LI>Call Chain = rt_put_prio
</UL>
<BR>[Called By]<UL><LI><a href="#[db]">&gt;&gt;</a>&nbsp;&nbsp;&nbsp;rt_sem_psh
<LI><a href="#[d7]">&gt;&gt;</a>&nbsp;&nbsp;&nbsp;rt_mbx_psh
<LI><a href="#[d0]">&gt;&gt;</a>&nbsp;&nbsp;&nbsp;rt_evt_psh
<LI><a href="#[cc]">&gt;&gt;</a>&nbsp;&nbsp;&nbsp;rt_dec_dly
<LI><a href="#[ca]">&gt;&gt;</a>&nbsp;&nbsp;&nbsp;rt_chk_robin
<LI><a href="#[dc]">&gt;&gt;</a>&nbsp;&nbsp;&nbsp;rt_resort_prio
<LI><a href="#[eb]">&gt;&gt;</a>&nbsp;&nbsp;&nbsp;rt_tsk_prio
<LI><a href="#[e9]">&gt;&gt;</a>&nbsp;&nbsp;&nbsp;rt_tsk_delete
<LI><a href="#[da]">&gt;&gt;</a>&nbsp;&nbsp;&nbsp;rt_mbx_wait
<LI><a href="#[cd]">&gt;&gt;</a>&nbsp;&nbsp;&nbsp;rt_dispatch
</UL>

<P><STRONG><a name="[ce]"></a>rt_put_rdy_first</STRONG> (Thumb, 14 bytes, Stack size 0 bytes, rt_list.o(i.rt_put_rdy_first))
<BR><BR>[Called By]<UL><LI><a href="#[96]">&gt;&gt;</a>&nbsp;&nbsp;&nbsp;rt_systick
<LI><a href="#[95]">&gt;&gt;</a>&nbsp;&nbsp;&nbsp;rt_pop_req
<LI><a href="#[cd]">&gt;&gt;</a>&nbsp;&nbsp;&nbsp;rt_dispatch
</UL>

<P><STRONG><a name="[dc]"></a>rt_resort_prio</STRONG> (Thumb, 46 bytes, Stack size 8 bytes, rt_list.o(i.rt_resort_prio))
<BR><BR>[Stack]<UL><LI>Max Depth = 16<LI>Call Chain = rt_resort_prio &rArr; rt_put_prio
</UL>
<BR>[Calls]<UL><LI><a href="#[dd]">&gt;&gt;</a>&nbsp;&nbsp;&nbsp;rt_rmv_list
<LI><a href="#[cb]">&gt;&gt;</a>&nbsp;&nbsp;&nbsp;rt_put_prio
</UL>
<BR>[Called By]<UL><LI><a href="#[eb]">&gt;&gt;</a>&nbsp;&nbsp;&nbsp;rt_tsk_prio
</UL>

<P><STRONG><a name="[d8]"></a>rt_ret_val</STRONG> (Thumb, 12 bytes, Stack size 8 bytes, hal_cm.o(i.rt_ret_val))
<BR><BR>[Stack]<UL><LI>Max Depth = 8<LI>Call Chain = rt_ret_val
</UL>
<BR>[Calls]<UL><LI><a href="#[de]">&gt;&gt;</a>&nbsp;&nbsp;&nbsp;rt_ret_regs
</UL>
<BR>[Called By]<UL><LI><a href="#[db]">&gt;&gt;</a>&nbsp;&nbsp;&nbsp;rt_sem_psh
<LI><a href="#[d7]">&gt;&gt;</a>&nbsp;&nbsp;&nbsp;rt_mbx_psh
<LI><a href="#[e9]">&gt;&gt;</a>&nbsp;&nbsp;&nbsp;rt_tsk_delete
<LI><a href="#[da]">&gt;&gt;</a>&nbsp;&nbsp;&nbsp;rt_mbx_wait
</UL>

<P><STRONG><a name="[d2]"></a>rt_ret_val2</STRONG> (Thumb, 16 bytes, Stack size 16 bytes, hal_cm.o(i.rt_ret_val2))
<BR><BR>[Stack]<UL><LI>Max Depth = 16<LI>Call Chain = rt_ret_val2
</UL>
<BR>[Calls]<UL><LI><a href="#[de]">&gt;&gt;</a>&nbsp;&nbsp;&nbsp;rt_ret_regs
</UL>
<BR>[Called By]<UL><LI><a href="#[d7]">&gt;&gt;</a>&nbsp;&nbsp;&nbsp;rt_mbx_psh
<LI><a href="#[d0]">&gt;&gt;</a>&nbsp;&nbsp;&nbsp;rt_evt_psh
<LI><a href="#[d3]">&gt;&gt;</a>&nbsp;&nbsp;&nbsp;rt_evt_set
</UL>

<P><STRONG><a name="[d1]"></a>rt_rmv_dly</STRONG> (Thumb, 40 bytes, Stack size 8 bytes, rt_list.o(i.rt_rmv_dly))
<BR><BR>[Stack]<UL><LI>Max Depth = 8<LI>Call Chain = rt_rmv_dly
</UL>
<BR>[Called By]<UL><LI><a href="#[db]">&gt;&gt;</a>&nbsp;&nbsp;&nbsp;rt_sem_psh
<LI><a href="#[d7]">&gt;&gt;</a>&nbsp;&nbsp;&nbsp;rt_mbx_psh
<LI><a href="#[d0]">&gt;&gt;</a>&nbsp;&nbsp;&nbsp;rt_evt_psh
<LI><a href="#[e9]">&gt;&gt;</a>&nbsp;&nbsp;&nbsp;rt_tsk_delete
<LI><a href="#[da]">&gt;&gt;</a>&nbsp;&nbsp;&nbsp;rt_mbx_wait
<LI><a href="#[d3]">&gt;&gt;</a>&nbsp;&nbsp;&nbsp;rt_evt_set
</UL>

<P><STRONG><a name="[dd]"></a>rt_rmv_list</STRONG> (Thumb, 44 bytes, Stack size 0 bytes, rt_list.o(i.rt_rmv_list))
<BR><BR>[Called By]<UL><LI><a href="#[dc]">&gt;&gt;</a>&nbsp;&nbsp;&nbsp;rt_resort_prio
<LI><a href="#[e9]">&gt;&gt;</a>&nbsp;&nbsp;&nbsp;rt_tsk_delete
</UL>

<P><STRONG><a name="[db]"></a>rt_sem_psh</STRONG> (Thumb, 48 bytes, Stack size 8 bytes, rt_semaphore.o(i.rt_sem_psh))
<BR><BR>[Stack]<UL><LI>Max Depth = 16<LI>Call Chain = rt_sem_psh &rArr; rt_rmv_dly
</UL>
<BR>[Calls]<UL><LI><a href="#[d1]">&gt;&gt;</a>&nbsp;&nbsp;&nbsp;rt_rmv_dly
<LI><a href="#[d8]">&gt;&gt;</a>&nbsp;&nbsp;&nbsp;rt_ret_val
<LI><a href="#[cb]">&gt;&gt;</a>&nbsp;&nbsp;&nbsp;rt_put_prio
<LI><a href="#[c8]">&gt;&gt;</a>&nbsp;&nbsp;&nbsp;rt_get_first
</UL>
<BR>[Called By]<UL><LI><a href="#[95]">&gt;&gt;</a>&nbsp;&nbsp;&nbsp;rt_pop_req
</UL>

<P><STRONG><a name="[94]"></a>rt_stk_check</STRONG> (Thumb, 28 bytes, Stack size 0 bytes, rt_system.o(i.rt_stk_check))
<BR><BR>[Calls]<UL><LI><a href="#[d9]">&gt;&gt;</a>&nbsp;&nbsp;&nbsp;os_error
</UL>
<BR>[Called By]<UL><LI><a href="#[8]">&gt;&gt;</a>&nbsp;&nbsp;&nbsp;PendSV_Handler
<LI><a href="#[6]">&gt;&gt;</a>&nbsp;&nbsp;&nbsp;SVC_Handler
<LI><a href="#[e9]">&gt;&gt;</a>&nbsp;&nbsp;&nbsp;rt_tsk_delete
</UL>

<P><STRONG><a name="[c9]"></a>rt_switch_req</STRONG> (Thumb, 30 bytes, Stack size 0 bytes, rt_task.o(i.rt_switch_req))
<BR><BR>[Calls]<UL><LI><a href="#[df]">&gt;&gt;</a>&nbsp;&nbsp;&nbsp;dbg_task_switch
</UL>
<BR>[Called By]<UL><LI><a href="#[96]">&gt;&gt;</a>&nbsp;&nbsp;&nbsp;rt_systick
<LI><a href="#[95]">&gt;&gt;</a>&nbsp;&nbsp;&nbsp;rt_pop_req
<LI><a href="#[cd]">&gt;&gt;</a>&nbsp;&nbsp;&nbsp;rt_dispatch
<LI><a href="#[c6]">&gt;&gt;</a>&nbsp;&nbsp;&nbsp;rt_block
</UL>

<P><STRONG><a name="[e0]"></a>rt_sys_init</STRONG> (Thumb, 200 bytes, Stack size 16 bytes, rt_task.o(i.rt_sys_init))
<BR><BR>[Stack]<UL><LI>Max Depth = 40<LI>Call Chain = rt_sys_init &rArr; rt_init_context &rArr; rt_init_stack
</UL>
<BR>[Calls]<UL><LI><a href="#[e3]">&gt;&gt;</a>&nbsp;&nbsp;&nbsp;rt_init_robin
<LI><a href="#[e1]">&gt;&gt;</a>&nbsp;&nbsp;&nbsp;dbg_init
<LI><a href="#[d5]">&gt;&gt;</a>&nbsp;&nbsp;&nbsp;rt_init_context
<LI><a href="#[e2]">&gt;&gt;</a>&nbsp;&nbsp;&nbsp;_init_box
</UL>
<BR>[Called By]<UL><LI><a href="#[72]">&gt;&gt;</a>&nbsp;&nbsp;&nbsp;svcKernelInitialize
</UL>

<P><STRONG><a name="[e4]"></a>rt_sys_start</STRONG> (Thumb, 44 bytes, Stack size 8 bytes, rt_task.o(i.rt_sys_start))
<BR><BR>[Stack]<UL><LI>Max Depth = 8<LI>Call Chain = rt_sys_start
</UL>
<BR>[Calls]<UL><LI><a href="#[e5]">&gt;&gt;</a>&nbsp;&nbsp;&nbsp;os_tick_init
</UL>
<BR>[Called By]<UL><LI><a href="#[73]">&gt;&gt;</a>&nbsp;&nbsp;&nbsp;svcKernelStart
</UL>

<P><STRONG><a name="[96]"></a>rt_systick</STRONG> (Thumb, 48 bytes, Stack size 8 bytes, rt_system.o(i.rt_systick))
<BR><BR>[Stack]<UL><LI>Max Depth = 72<LI>Call Chain = rt_systick &rArr; sysTimerTick &rArr; isrMessagePut &rArr; isr_mbx_send &rArr; rt_psq_enq
</UL>
<BR>[Calls]<UL><LI><a href="#[cc]">&gt;&gt;</a>&nbsp;&nbsp;&nbsp;rt_dec_dly
<LI><a href="#[ca]">&gt;&gt;</a>&nbsp;&nbsp;&nbsp;rt_chk_robin
<LI><a href="#[ce]">&gt;&gt;</a>&nbsp;&nbsp;&nbsp;rt_put_rdy_first
<LI><a href="#[c9]">&gt;&gt;</a>&nbsp;&nbsp;&nbsp;rt_switch_req
<LI><a href="#[c8]">&gt;&gt;</a>&nbsp;&nbsp;&nbsp;rt_get_first
<LI><a href="#[e6]">&gt;&gt;</a>&nbsp;&nbsp;&nbsp;sysTimerTick
</UL>
<BR>[Called By]<UL><LI><a href="#[97]">&gt;&gt;</a>&nbsp;&nbsp;&nbsp;OS_Tick_Handler
<LI><a href="#[9]">&gt;&gt;</a>&nbsp;&nbsp;&nbsp;SysTick_Handler
</UL>

<P><STRONG><a name="[e7]"></a>rt_tsk_create</STRONG> (Thumb, 112 bytes, Stack size 24 bytes, rt_task.o(i.rt_tsk_create))
<BR><BR>[Stack]<UL><LI>Max Depth = 48<LI>Call Chain = rt_tsk_create &rArr; rt_init_context &rArr; rt_init_stack
</UL>
<BR>[Calls]<UL><LI><a href="#[e8]">&gt;&gt;</a>&nbsp;&nbsp;&nbsp;dbg_task_notify
<LI><a href="#[d5]">&gt;&gt;</a>&nbsp;&nbsp;&nbsp;rt_init_context
<LI><a href="#[cd]">&gt;&gt;</a>&nbsp;&nbsp;&nbsp;rt_dispatch
<LI><a href="#[6c]">&gt;&gt;</a>&nbsp;&nbsp;&nbsp;rt_alloc_box
</UL>
<BR>[Called By]<UL><LI><a href="#[77]">&gt;&gt;</a>&nbsp;&nbsp;&nbsp;svcThreadCreate
</UL>

<P><STRONG><a name="[e9]"></a>rt_tsk_delete</STRONG> (Thumb, 332 bytes, Stack size 40 bytes, rt_task.o(i.rt_tsk_delete))
<BR><BR>[Stack]<UL><LI>Max Depth = 64<LI>Call Chain = rt_tsk_delete &rArr; rt_dispatch &rArr; rt_put_prio
</UL>
<BR>[Calls]<UL><LI><a href="#[94]">&gt;&gt;</a>&nbsp;&nbsp;&nbsp;rt_stk_check
<LI><a href="#[dd]">&gt;&gt;</a>&nbsp;&nbsp;&nbsp;rt_rmv_list
<LI><a href="#[ea]">&gt;&gt;</a>&nbsp;&nbsp;&nbsp;rt_get_PSP
<LI><a href="#[e8]">&gt;&gt;</a>&nbsp;&nbsp;&nbsp;dbg_task_notify
<LI><a href="#[d1]">&gt;&gt;</a>&nbsp;&nbsp;&nbsp;rt_rmv_dly
<LI><a href="#[d8]">&gt;&gt;</a>&nbsp;&nbsp;&nbsp;rt_ret_val
<LI><a href="#[cb]">&gt;&gt;</a>&nbsp;&nbsp;&nbsp;rt_put_prio
<LI><a href="#[c8]">&gt;&gt;</a>&nbsp;&nbsp;&nbsp;rt_get_first
<LI><a href="#[6d]">&gt;&gt;</a>&nbsp;&nbsp;&nbsp;rt_free_box
<LI><a href="#[cd]">&gt;&gt;</a>&nbsp;&nbsp;&nbsp;rt_dispatch
</UL>
<BR>[Called By]<UL><LI><a href="#[79]">&gt;&gt;</a>&nbsp;&nbsp;&nbsp;svcThreadTerminate
</UL>

<P><STRONG><a name="[eb]"></a>rt_tsk_prio</STRONG> (Thumb, 106 bytes, Stack size 16 bytes, rt_task.o(i.rt_tsk_prio))
<BR><BR>[Stack]<UL><LI>Max Depth = 40<LI>Call Chain = rt_tsk_prio &rArr; rt_dispatch &rArr; rt_put_prio
</UL>
<BR>[Calls]<UL><LI><a href="#[dc]">&gt;&gt;</a>&nbsp;&nbsp;&nbsp;rt_resort_prio
<LI><a href="#[cb]">&gt;&gt;</a>&nbsp;&nbsp;&nbsp;rt_put_prio
<LI><a href="#[c8]">&gt;&gt;</a>&nbsp;&nbsp;&nbsp;rt_get_first
<LI><a href="#[cd]">&gt;&gt;</a>&nbsp;&nbsp;&nbsp;rt_dispatch
</UL>
<BR>[Called By]<UL><LI><a href="#[73]">&gt;&gt;</a>&nbsp;&nbsp;&nbsp;svcKernelStart
</UL>

<P><STRONG><a name="[f2]"></a>rt_tsk_self</STRONG> (Thumb, 12 bytes, Stack size 0 bytes, rt_task.o(i.rt_tsk_self))
<BR><BR>[Called By]<UL><LI><a href="#[78]">&gt;&gt;</a>&nbsp;&nbsp;&nbsp;svcThreadGetId
</UL>

<P><STRONG><a name="[71]"></a>svcDelay</STRONG> (Thumb, 20 bytes, Stack size 8 bytes, rt_cmsis.o(i.svcDelay))
<BR><BR>[Stack]<UL><LI>Max Depth = 32<LI>Call Chain = svcDelay &rArr; rt_dly_wait &rArr; rt_block &rArr; rt_put_dly
</UL>
<BR>[Calls]<UL><LI><a href="#[ec]">&gt;&gt;</a>&nbsp;&nbsp;&nbsp;rt_ms2tick
<LI><a href="#[cf]">&gt;&gt;</a>&nbsp;&nbsp;&nbsp;rt_dly_wait
</UL>
<BR>[Address Reference Count : 1]<UL><LI> rt_cmsis.o(i.osDelay)
</UL>
<P><STRONG><a name="[72]"></a>svcKernelInitialize</STRONG> (Thumb, 80 bytes, Stack size 8 bytes, rt_cmsis.o(i.svcKernelInitialize))
<BR><BR>[Stack]<UL><LI>Max Depth = 72<LI>Call Chain = svcKernelInitialize &rArr; svcThreadCreate &rArr; rt_tsk_create &rArr; rt_init_context &rArr; rt_init_stack
</UL>
<BR>[Calls]<UL><LI><a href="#[e0]">&gt;&gt;</a>&nbsp;&nbsp;&nbsp;rt_sys_init
<LI><a href="#[ed]">&gt;&gt;</a>&nbsp;&nbsp;&nbsp;rt_init_mem
<LI><a href="#[77]">&gt;&gt;</a>&nbsp;&nbsp;&nbsp;svcThreadCreate
<LI><a href="#[ee]">&gt;&gt;</a>&nbsp;&nbsp;&nbsp;svcMessageCreate
</UL>
<BR>[Called By]<UL><LI><a href="#[91]">&gt;&gt;</a>&nbsp;&nbsp;&nbsp;osKernelInitialize
</UL>
<BR>[Address Reference Count : 1]<UL><LI> rt_cmsis.o(i.osKernelInitialize)
</UL>
<P><STRONG><a name="[73]"></a>svcKernelStart</STRONG> (Thumb, 62 bytes, Stack size 16 bytes, rt_cmsis.o(i.svcKernelStart))
<BR><BR>[Stack]<UL><LI>Max Depth = 56<LI>Call Chain = svcKernelStart &rArr; rt_tsk_prio &rArr; rt_dispatch &rArr; rt_put_prio
</UL>
<BR>[Calls]<UL><LI><a href="#[eb]">&gt;&gt;</a>&nbsp;&nbsp;&nbsp;rt_tsk_prio
<LI><a href="#[e4]">&gt;&gt;</a>&nbsp;&nbsp;&nbsp;rt_sys_start
</UL>
<BR>[Address Reference Count : 1]<UL><LI> rt_cmsis.o(i.osKernelStart)
</UL>
<P><STRONG><a name="[ee]"></a>svcMessageCreate</STRONG> (Thumb, 36 bytes, Stack size 8 bytes, rt_cmsis.o(i.svcMessageCreate))
<BR><BR>[Stack]<UL><LI>Max Depth = 8<LI>Call Chain = svcMessageCreate
</UL>
<BR>[Calls]<UL><LI><a href="#[ef]">&gt;&gt;</a>&nbsp;&nbsp;&nbsp;rt_mbx_init
</UL>
<BR>[Called By]<UL><LI><a href="#[72]">&gt;&gt;</a>&nbsp;&nbsp;&nbsp;svcKernelInitialize
</UL>

<P><STRONG><a name="[74]"></a>svcMessageGet</STRONG> (Thumb, 58 bytes, Stack size 24 bytes, rt_cmsis.o(i.svcMessageGet))
<BR><BR>[Stack]<UL><LI>Max Depth = 64<LI>Call Chain = svcMessageGet &rArr; rt_mbx_wait &rArr; rt_dispatch &rArr; rt_put_prio
</UL>
<BR>[Calls]<UL><LI><a href="#[ec]">&gt;&gt;</a>&nbsp;&nbsp;&nbsp;rt_ms2tick
<LI><a href="#[da]">&gt;&gt;</a>&nbsp;&nbsp;&nbsp;rt_mbx_wait
</UL>
<BR>[Address Reference Count : 1]<UL><LI> rt_cmsis.o(i.osMessageGet)
</UL>
<P><STRONG><a name="[75]"></a>svcSignalSet</STRONG> (Thumb, 36 bytes, Stack size 16 bytes, rt_cmsis.o(i.svcSignalSet))
<BR><BR>[Stack]<UL><LI>Max Depth = 48<LI>Call Chain = svcSignalSet &rArr; rt_evt_set &rArr; rt_dispatch &rArr; rt_put_prio
</UL>
<BR>[Calls]<UL><LI><a href="#[c4]">&gt;&gt;</a>&nbsp;&nbsp;&nbsp;rt_tid2ptcb
<LI><a href="#[d3]">&gt;&gt;</a>&nbsp;&nbsp;&nbsp;rt_evt_set
</UL>
<BR>[Address Reference Count : 1]<UL><LI> rt_cmsis.o(i.osSignalSet)
</UL>
<P><STRONG><a name="[76]"></a>svcSignalWait</STRONG> (Thumb, 80 bytes, Stack size 16 bytes, rt_cmsis.o(i.svcSignalWait))
<BR><BR>[Stack]<UL><LI>Max Depth = 48<LI>Call Chain = svcSignalWait &rArr; rt_evt_wait &rArr; rt_block &rArr; rt_put_dly
</UL>
<BR>[Calls]<UL><LI><a href="#[ec]">&gt;&gt;</a>&nbsp;&nbsp;&nbsp;rt_ms2tick
<LI><a href="#[d4]">&gt;&gt;</a>&nbsp;&nbsp;&nbsp;rt_evt_wait
</UL>
<BR>[Address Reference Count : 1]<UL><LI> rt_cmsis.o(i.osSignalWait)
</UL>
<P><STRONG><a name="[77]"></a>svcThreadCreate</STRONG> (Thumb, 100 bytes, Stack size 16 bytes, rt_cmsis.o(i.svcThreadCreate))
<BR><BR>[Stack]<UL><LI>Max Depth = 64<LI>Call Chain = svcThreadCreate &rArr; rt_tsk_create &rArr; rt_init_context &rArr; rt_init_stack
</UL>
<BR>[Calls]<UL><LI><a href="#[e7]">&gt;&gt;</a>&nbsp;&nbsp;&nbsp;rt_tsk_create
<LI><a href="#[f1]">&gt;&gt;</a>&nbsp;&nbsp;&nbsp;rt_free_mem
<LI><a href="#[f0]">&gt;&gt;</a>&nbsp;&nbsp;&nbsp;rt_alloc_mem
</UL>
<BR>[Called By]<UL><LI><a href="#[92]">&gt;&gt;</a>&nbsp;&nbsp;&nbsp;osThreadCreate
<LI><a href="#[72]">&gt;&gt;</a>&nbsp;&nbsp;&nbsp;svcKernelInitialize
</UL>
<BR>[Address Reference Count : 1]<UL><LI> rt_cmsis.o(i.osThreadCreate)
</UL>
<P><STRONG><a name="[78]"></a>svcThreadGetId</STRONG> (Thumb, 22 bytes, Stack size 8 bytes, rt_cmsis.o(i.svcThreadGetId))
<BR><BR>[Stack]<UL><LI>Max Depth = 8<LI>Call Chain = svcThreadGetId
</UL>
<BR>[Calls]<UL><LI><a href="#[f2]">&gt;&gt;</a>&nbsp;&nbsp;&nbsp;rt_tsk_self
</UL>
<BR>[Address Reference Count : 1]<UL><LI> rt_cmsis.o(i.osThreadExit)
</UL>
<P><STRONG><a name="[79]"></a>svcThreadTerminate</STRONG> (Thumb, 50 bytes, Stack size 8 bytes, rt_cmsis.o(i.svcThreadTerminate))
<BR><BR>[Stack]<UL><LI>Max Depth = 72<LI>Call Chain = svcThreadTerminate &rArr; rt_tsk_delete &rArr; rt_dispatch &rArr; rt_put_prio
</UL>
<BR>[Calls]<UL><LI><a href="#[c4]">&gt;&gt;</a>&nbsp;&nbsp;&nbsp;rt_tid2ptcb
<LI><a href="#[e9]">&gt;&gt;</a>&nbsp;&nbsp;&nbsp;rt_tsk_delete
<LI><a href="#[f1]">&gt;&gt;</a>&nbsp;&nbsp;&nbsp;rt_free_mem
</UL>
<BR>[Address Reference Count : 1]<UL><LI> rt_cmsis.o(i.osThreadExit)
</UL>
<P><STRONG><a name="[7a]"></a>svcTimerCall</STRONG> (Thumb, 24 bytes, Stack size 8 bytes, rt_cmsis.o(i.svcTimerCall))
<BR><BR>[Stack]<UL><LI>Max Depth = 8<LI>Call Chain = svcTimerCall
</UL>
<BR>[Calls]<UL><LI><a href="#[f3]">&gt;&gt;</a>&nbsp;&nbsp;&nbsp;rt_id2obj
</UL>
<BR>[Address Reference Count : 1]<UL><LI> rt_cmsis.o(i.osTimerCall)
</UL>
<P><STRONG><a name="[e6]"></a>sysTimerTick</STRONG> (Thumb, 76 bytes, Stack size 24 bytes, rt_cmsis.o(i.sysTimerTick))
<BR><BR>[Stack]<UL><LI>Max Depth = 64<LI>Call Chain = sysTimerTick &rArr; isrMessagePut &rArr; isr_mbx_send &rArr; rt_psq_enq
</UL>
<BR>[Calls]<UL><LI><a href="#[f4]">&gt;&gt;</a>&nbsp;&nbsp;&nbsp;rt_timer_insert
<LI><a href="#[bc]">&gt;&gt;</a>&nbsp;&nbsp;&nbsp;isrMessagePut
</UL>
<BR>[Called By]<UL><LI><a href="#[96]">&gt;&gt;</a>&nbsp;&nbsp;&nbsp;rt_systick
</UL>
<P>
<H3>
Local Symbols
</H3>
<P><STRONG><a name="[f]"></a>Default_Handler</STRONG> (Thumb, 2 bytes, Stack size 0 bytes, startup_nuc472_442.o(.text))
<BR><BR>[Calls]<UL><LI><a href="#[f]">&gt;&gt;</a>&nbsp;&nbsp;&nbsp;Default_Handler
</UL>
<BR>[Called By]<UL><LI><a href="#[f]">&gt;&gt;</a>&nbsp;&nbsp;&nbsp;Default_Handler
</UL>
<BR>[Address Reference Count : 1]<UL><LI> startup_nuc472_442.o(RESET)
</UL>
<P><STRONG><a name="[85]"></a>stackDump</STRONG> (Thumb, 70 bytes, Stack size 8 bytes, retarget.o(.text))
<BR><BR>[Stack]<UL><LI>Max Depth = 32<LI>Call Chain = stackDump &rArr; __2printf
</UL>
<BR>[Calls]<UL><LI><a href="#[ab]">&gt;&gt;</a>&nbsp;&nbsp;&nbsp;__2printf
</UL>
<BR>[Called By]<UL><LI><a href="#[6b]">&gt;&gt;</a>&nbsp;&nbsp;&nbsp;Hard_Fault_Handler
</UL>

<P><STRONG><a name="[bc]"></a>isrMessagePut</STRONG> (Thumb, 44 bytes, Stack size 16 bytes, rt_cmsis.o(i.isrMessagePut))
<BR><BR>[Stack]<UL><LI>Max Depth = 40<LI>Call Chain = isrMessagePut &rArr; isr_mbx_send &rArr; rt_psq_enq
</UL>
<BR>[Calls]<UL><LI><a href="#[bd]">&gt;&gt;</a>&nbsp;&nbsp;&nbsp;rt_mbx_check
<LI><a href="#[be]">&gt;&gt;</a>&nbsp;&nbsp;&nbsp;isr_mbx_send
</UL>
<BR>[Called By]<UL><LI><a href="#[e6]">&gt;&gt;</a>&nbsp;&nbsp;&nbsp;sysTimerTick
</UL>

<P><STRONG><a name="[f3]"></a>rt_id2obj</STRONG> (Thumb, 8 bytes, Stack size 0 bytes, rt_cmsis.o(i.rt_id2obj))
<BR><BR>[Called By]<UL><LI><a href="#[7a]">&gt;&gt;</a>&nbsp;&nbsp;&nbsp;svcTimerCall
</UL>

<P><STRONG><a name="[ec]"></a>rt_ms2tick</STRONG> (Thumb, 50 bytes, Stack size 0 bytes, rt_cmsis.o(i.rt_ms2tick))
<BR><BR>[Called By]<UL><LI><a href="#[76]">&gt;&gt;</a>&nbsp;&nbsp;&nbsp;svcSignalWait
<LI><a href="#[74]">&gt;&gt;</a>&nbsp;&nbsp;&nbsp;svcMessageGet
<LI><a href="#[71]">&gt;&gt;</a>&nbsp;&nbsp;&nbsp;svcDelay
</UL>

<P><STRONG><a name="[c4]"></a>rt_tid2ptcb</STRONG> (Thumb, 18 bytes, Stack size 0 bytes, rt_cmsis.o(i.rt_tid2ptcb))
<BR><BR>[Called By]<UL><LI><a href="#[a0]">&gt;&gt;</a>&nbsp;&nbsp;&nbsp;osSignalSet
<LI><a href="#[79]">&gt;&gt;</a>&nbsp;&nbsp;&nbsp;svcThreadTerminate
<LI><a href="#[75]">&gt;&gt;</a>&nbsp;&nbsp;&nbsp;svcSignalSet
</UL>

<P><STRONG><a name="[f4]"></a>rt_timer_insert</STRONG> (Thumb, 56 bytes, Stack size 12 bytes, rt_cmsis.o(i.rt_timer_insert))
<BR><BR>[Stack]<UL><LI>Max Depth = 12<LI>Call Chain = rt_timer_insert
</UL>
<BR>[Called By]<UL><LI><a href="#[e6]">&gt;&gt;</a>&nbsp;&nbsp;&nbsp;sysTimerTick
</UL>

<P><STRONG><a name="[d5]"></a>rt_init_context</STRONG> (Thumb, 66 bytes, Stack size 16 bytes, rt_task.o(i.rt_init_context))
<BR><BR>[Stack]<UL><LI>Max Depth = 24<LI>Call Chain = rt_init_context &rArr; rt_init_stack
</UL>
<BR>[Calls]<UL><LI><a href="#[d6]">&gt;&gt;</a>&nbsp;&nbsp;&nbsp;rt_init_stack
<LI><a href="#[6c]">&gt;&gt;</a>&nbsp;&nbsp;&nbsp;rt_alloc_box
</UL>
<BR>[Called By]<UL><LI><a href="#[e7]">&gt;&gt;</a>&nbsp;&nbsp;&nbsp;rt_tsk_create
<LI><a href="#[e0]">&gt;&gt;</a>&nbsp;&nbsp;&nbsp;rt_sys_init
</UL>

<P><STRONG><a name="[de]"></a>rt_ret_regs</STRONG> (Thumb, 16 bytes, Stack size 0 bytes, hal_cm.o(i.rt_ret_regs))
<BR><BR>[Called By]<UL><LI><a href="#[d2]">&gt;&gt;</a>&nbsp;&nbsp;&nbsp;rt_ret_val2
<LI><a href="#[d8]">&gt;&gt;</a>&nbsp;&nbsp;&nbsp;rt_ret_val
</UL>

<P><STRONG><a name="[bb]"></a>_printf_core</STRONG> (Thumb, 658 bytes, Stack size 104 bytes, printf5.o(i._printf_core), UNUSED)
<BR><BR>[Calls]<UL><LI><a href="#[b6]">&gt;&gt;</a>&nbsp;&nbsp;&nbsp;__aeabi_uldivmod
</UL>
<BR>[Called By]<UL><LI><a href="#[ba]">&gt;&gt;</a>&nbsp;&nbsp;&nbsp;__0printf$5
</UL>
<P>
<H3>
Undefined Global Symbols
</H3><HR></body></html>
