ARM Linker, 5.03 [Build 24] [MDK-ARM Standard]

==============================================================================

Section Cross References

    system_nuc472_442.o(.text) refers to clk.o(.text) for CLK_GetPLLClockFreq
    system_nuc472_442.o(.text) refers to system_nuc472_442.o(.data) for gau32ClkSrcTbl
    startup_nuc472_442.o(RESET) refers to startup_nuc472_442.o(STACK) for __initial_sp
    startup_nuc472_442.o(RESET) refers to startup_nuc472_442.o(.text) for Reset_Handler
    startup_nuc472_442.o(RESET) refers to retarget.o(.emb_text) for HardFault_Handler
    startup_nuc472_442.o(RESET) refers to hal_cm4.o(.emb_text) for SVC_Handler
    startup_nuc472_442.o(.text) refers to system_nuc472_442.o(.text) for SystemInit
    startup_nuc472_442.o(.text) refers to entry.o(.ARM.Collect$$$$00000000) for __main
    blinky.o(.text) refers to led.o(.text) for LED_On
    blinky.o(.text) refers to rt_cmsis.o(i.osSignalSet) for osSignalSet
    blinky.o(.text) refers to rt_cmsis.o(i.osDelay) for osDelay
    blinky.o(.text) refers to rt_cmsis.o(i.osSignalWait) for osSignalWait
    blinky.o(.text) refers to sys.o(.text) for SYS_UnlockReg
    blinky.o(.text) refers to clk.o(.text) for CLK_EnableXtalRC
    blinky.o(.text) refers to uart.o(.text) for UART_Open
    blinky.o(.text) refers to printf5.o(i.__0printf$5) for __2printf
    blinky.o(.text) refers to rt_cmsis.o(i.osKernelInitialize) for osKernelInitialize
    blinky.o(.text) refers to rt_cmsis.o(i.osThreadCreate) for osThreadCreate
    blinky.o(.text) refers to rt_cmsis.o(i.osKernelStart) for osKernelStart
    blinky.o(.text) refers to blinky.o(.data) for t_clock
    blinky.o(.text) refers to blinky.o(.constdata) for os_thread_def_phaseA
    blinky.o(.constdata) refers to blinky.o(.text) for phaseA
    led.o(.text) refers to led.o(.constdata) for led_mask
    clk.o(.text) refers to system_nuc472_442.o(.text) for SystemCoreClockUpdate
    clk.o(.text) refers to system_nuc472_442.o(.data) for SystemCoreClock
    uart.o(.text) refers to clk.o(.text) for CLK_GetPLLClockFreq
    uart.o(.text) refers to uart.o(.constdata) for .constdata
    retarget.o(.emb_text) refers to retarget.o(.text) for Hard_Fault_Handler
    retarget.o(.text) refers to printf5.o(i.__0printf$5) for __2printf
    rtx_conf_cm.o(.ARM.Collect$$$$000000FF) refers to rt_cmsis.o(i.osKernelInitialize) for osKernelInitialize
    rtx_conf_cm.o(.ARM.Collect$$$$000000FF) refers to rt_cmsis.o(i.osThreadCreate) for osThreadCreate
    rtx_conf_cm.o(.ARM.Collect$$$$000000FF) refers to rt_cmsis.o(i.osKernelStart) for osKernelStart
    rtx_conf_cm.o(.ARM.Collect$$$$000000FF) refers to rtx_conf_cm.o(.data) for .data
    rtx_conf_cm.o(.constdata) refers to rt_cmsis.o(i.osTimerThread) for osTimerThread
    rtx_conf_cm.o(.constdata) refers to rtx_conf_cm.o(.bss) for os_messageQ_q_osTimerMessageQ
    rtx_conf_cm.o(.data) refers to blinky.o(.text) for main
    rt_cmsis.o(i.isrMessagePut) refers to rt_mailbox.o(i.rt_mbx_check) for rt_mbx_check
    rt_cmsis.o(i.isrMessagePut) refers to rt_mailbox.o(i.isr_mbx_send) for isr_mbx_send
    rt_cmsis.o(i.osDelay) refers to rt_cmsis.o(i.svcDelay) for svcDelay
    rt_cmsis.o(i.osKernelInitialize) refers to rt_cmsis.o(i.svcKernelInitialize) for svcKernelInitialize
    rt_cmsis.o(i.osKernelRunning) refers to rt_cmsis.o(i.svcKernelRunning) for svcKernelRunning
    rt_cmsis.o(i.osKernelRunning) refers to rt_cmsis.o(.data) for .data
    rt_cmsis.o(i.osKernelStart) refers to rtx_conf_cm.o(.constdata) for os_flags
    rt_cmsis.o(i.osKernelStart) refers to rt_cmsis.o(i.svcKernelStart) for svcKernelStart
    rt_cmsis.o(i.osKernelSysTick) refers to rt_cmsis.o(i.svcKernelSysTick) for svcKernelSysTick
    rt_cmsis.o(i.osMailAlloc) refers to rt_cmsis.o(i.sysMailAlloc) for sysMailAlloc
    rt_cmsis.o(i.osMailCAlloc) refers to rt_cmsis.o(i.sysMailAlloc) for sysMailAlloc
    rt_cmsis.o(i.osMailCreate) refers to rt_cmsis.o(i.svcMailCreate) for svcMailCreate
    rt_cmsis.o(i.osMailCreate) refers to rt_cmsis.o(.data) for .data
    rt_cmsis.o(i.osMailFree) refers to rt_cmsis.o(i.sysMailFree) for sysMailFree
    rt_cmsis.o(i.osMailGet) refers to rt_cmsis.o(i.osMessageGet) for osMessageGet
    rt_cmsis.o(i.osMailPut) refers to rt_cmsis.o(i.osMessagePut) for osMessagePut
    rt_cmsis.o(i.osMessageCreate) refers to rt_cmsis.o(i.svcMessageCreate) for svcMessageCreate
    rt_cmsis.o(i.osMessageCreate) refers to rt_cmsis.o(.data) for .data
    rt_cmsis.o(i.osMessageGet) refers to rt_mailbox.o(i.isr_mbx_receive) for isr_mbx_receive
    rt_cmsis.o(i.osMessageGet) refers to rt_cmsis.o(i.svcMessageGet) for svcMessageGet
    rt_cmsis.o(i.osMessagePut) refers to rt_cmsis.o(i.isrMessagePut) for isrMessagePut
    rt_cmsis.o(i.osMessagePut) refers to rt_cmsis.o(i.svcMessagePut) for svcMessagePut
    rt_cmsis.o(i.osMutexCreate) refers to rt_cmsis.o(i.svcMutexCreate) for svcMutexCreate
[...]
    printf7.o(i.__0vprintf$7) refers to retarget.o(.text) for fputc
    printf7.o(i.__0vprintf$7) refers to retarget.o(.data) for __stdout
    printf7.o(i.__0vsnprintf$7) refers to printf7.o(i._printf_core) for _printf_core
    printf7.o(i.__0vsnprintf$7) refers to printf7.o(i._snputc) for _snputc
    printf7.o(i.__0vsprintf$7) refers to printf7.o(i._printf_core) for _printf_core
    printf7.o(i.__0vsprintf$7) refers to printf7.o(i._sputc) for _sputc
    printf7.o(i._printf_core) refers to printf7.o(i._printf_pre_padding) for _printf_pre_padding
    printf7.o(i._printf_core) refers to uldiv.o(.text) for __aeabi_uldivmod
    printf7.o(i._printf_core) refers to printf7.o(i._printf_post_padding) for _printf_post_padding
    printf8.o(i.__0fprintf$8) refers to printf8.o(i._printf_core) for _printf_core
    printf8.o(i.__0fprintf$8) refers to retarget.o(.text) for fputc
    printf8.o(i.__0printf$8) refers to printf8.o(i._printf_core) for _printf_core
    printf8.o(i.__0printf$8) refers to retarget.o(.text) for fputc
    printf8.o(i.__0printf$8) refers to retarget.o(.data) for __stdout
    printf8.o(i.__0snprintf$8) refers to printf8.o(i._printf_core) for _printf_core
    printf8.o(i.__0snprintf$8) refers to printf8.o(i._snputc) for _snputc
    printf8.o(i.__0sprintf$8) refers to printf8.o(i._printf_core) for _printf_core
    printf8.o(i.__0sprintf$8) refers to printf8.o(i._sputc) for _sputc
    printf8.o(i.__0vfprintf$8) refers to printf8.o(i._printf_core) for _printf_core
    printf8.o(i.__0vfprintf$8) refers to retarget.o(.text) for fputc
    printf8.o(i.__0vprintf$8) refers to printf8.o(i._printf_core) for _printf_core
    printf8.o(i.__0vprintf$8) refers to retarget.o(.text) for fputc
    printf8.o(i.__0vprintf$8) refers to retarget.o(.data) for __stdout
    printf8.o(i.__0vsnprintf$8) refers to printf8.o(i._printf_core) for _printf_core
    printf8.o(i.__0vsnprintf$8) refers to printf8.o(i._snputc) for _snputc
    printf8.o(i.__0vsprintf$8) refers to printf8.o(i._printf_core) for _printf_core
    printf8.o(i.__0vsprintf$8) refers to printf8.o(i._sputc) for _sputc
    printf8.o(i._printf_core) refers to printf8.o(i._printf_pre_padding) for _printf_pre_padding
    printf8.o(i._printf_core) refers to uldiv.o(.text) for __aeabi_uldivmod
    printf8.o(i._printf_core) refers to printf8.o(i._printf_post_padding) for _printf_post_padding
    printfa.o(i.__0fprintf) refers (Special) to iusefp.o(.text) for __I$use$fp
    printfa.o(i.__0fprintf) refers to printfa.o(i._printf_core) for _printf_core
    printfa.o(i.__0fprintf) refers to retarget.o(.text) for fputc
    printfa.o(i.__0printf) refers (Special) to iusefp.o(.text) for __I$use$fp
    printfa.o(i.__0printf) refers to printfa.o(i._printf_core) for _printf_core
    printfa.o(i.__0printf) refers to retarget.o(.text) for fputc
    printfa.o(i.__0printf) refers to retarget.o(.data) for __stdout
    printfa.o(i.__0snprintf) refers (Special) to iusefp.o(.text) for __I$use$fp
    printfa.o(i.__0snprintf) refers to printfa.o(i._printf_core) for _printf_core
    printfa.o(i.__0snprintf) refers to printfa.o(i._snputc) for _snputc
    printfa.o(i.__0sprintf) refers (Special) to iusefp.o(.text) for __I$use$fp
    printfa.o(i.__0sprintf) refers to printfa.o(i._printf_core) for _printf_core
    printfa.o(i.__0sprintf) refers to printfa.o(i._sputc) for _sputc
    printfa.o(i.__0vfprintf) refers (Special) to iusefp.o(.text) for __I$use$fp
    printfa.o(i.__0vfprintf) refers to printfa.o(i._printf_core) for _printf_core
    printfa.o(i.__0vfprintf) refers to retarget.o(.text) for fputc
    printfa.o(i.__0vprintf) refers (Special) to iusefp.o(.text) for __I$use$fp
    printfa.o(i.__0vprintf) refers to printfa.o(i._printf_core) for _printf_core
    printfa.o(i.__0vprintf) refers to retarget.o(.text) for fputc
    printfa.o(i.__0vprintf) refers to retarget.o(.data) for __stdout
    printfa.o(i.__0vsnprintf) refers (Special) to iusefp.o(.text) for __I$use$fp
    printfa.o(i.__0vsnprintf) refers to printfa.o(i._printf_core) for _printf_core
    printfa.o(i.__0vsnprintf) refers to printfa.o(i._snputc) for _snputc
    printfa.o(i.__0vsprintf) refers (Special) to iusefp.o(.text) for __I$use$fp
    printfa.o(i.__0vsprintf) refers to printfa.o(i._printf_core) for _printf_core
    printfa.o(i.__0vsprintf) refers to printfa.o(i._sputc) for _sputc
    printfa.o(i._fp_digits) refers (Special) to iusefp.o(.text) for __I$use$fp
    printfa.o(i._fp_digits) refers to dmul.o(.text) for __aeabi_dmul
    printfa.o(i._fp_digits) refers to ddiv.o(.text) for __aeabi_ddiv
    printfa.o(i._fp_digits) refers to cdrcmple.o(.text) for __aeabi_cdrcmple
    printfa.o(i._fp_digits) refers to dadd.o(.text) for __aeabi_dadd
    printfa.o(i._fp_digits) refers to dfixul.o(.text) for __aeabi_d2ulz
    printfa.o(i._fp_digits) refers to uldiv.o(.text) for __aeabi_uldivmod
    printfa.o(i._printf_core) refers (Special) to iusefp.o(.text) for __I$use$fp
    printfa.o(i._printf_core) refers to printfa.o(i._printf_pre_padding) for _printf_pre_padding
    printfa.o(i._printf_core) refers to uldiv.o(.text) for __aeabi_uldivmod
    printfa.o(i._printf_core) refers to printfa.o(i._printf_post_padding) for _printf_post_padding
    printfa.o(i._printf_core) refers to printfa.o(i._fp_digits) for _fp_digits
    printfa.o(i._printf_core) refers to uidiv.o(.text) for __aeabi_uidivmod
    printfa.o(i._printf_post_padding) refers (Special) to iusefp.o(.text) for __I$use$fp
    printfa.o(i._printf_pre_padding) refers (Special) to iusefp.o(.text) for __I$use$fp
    printfa.o(i._snputc) refers (Special) to iusefp.o(.text) for __I$use$fp
    printfa.o(i._sputc) refers (Special) to iusefp.o(.text) for __I$use$fp
    entry2.o(.ARM.Collect$$$$00000001) refers to entry2.o(.ARM.Collect$$$$00002712) for __lit__00000000
    entry2.o(.ARM.Collect$$$$00002712) refers to startup_nuc472_442.o(STACK) for __initial_sp
    entry2.o(__vectab_stack_and_reset_area) refers to startup_nuc472_442.o(STACK) for __initial_sp
    entry2.o(__vectab_stack_and_reset_area) refers to entry.o(.ARM.Collect$$$$00000000) for __main
    entry5.o(.ARM.Collect$$$$00000004) refers to init.o(.text) for __scatterload
    uldiv.o(.text) refers to llushr.o(.text) for __aeabi_llsr
    uldiv.o(.text) refers to llshl.o(.text) for __aeabi_llsl
    dadd.o(.text) refers to llshl.o(.text) for __aeabi_llsl
    dadd.o(.text) refers to llsshr.o(.text) for __aeabi_lasr
    dadd.o(.text) refers to depilogue.o(.text) for _double_epilogue
    dmul.o(.text) refers to depilogue.o(.text) for _double_epilogue
    ddiv.o(.text) refers to depilogue.o(.text) for _double_round
    dfixul.o(.text) refers to llushr.o(.text) for __aeabi_llsr
    dfixul.o(.text) refers to llshl.o(.text) for __aeabi_llsl
    init.o(.text) refers to entry5.o(.ARM.Collect$$$$00000004) for __main_after_scatterload
    depilogue.o(.text) refers to llshl.o(.text) for __aeabi_llsl
    depilogue.o(.text) refers to llushr.o(.text) for __aeabi_llsr


==============================================================================

Removing Unused input sections from the image.

    Removing system_nuc472_442.o(.rev16_text), (4 bytes).
    Removing system_nuc472_442.o(.revsh_text), (4 bytes).
    Removing startup_nuc472_442.o(HEAP), (512 bytes).
    Removing blinky.o(.rev16_text), (4 bytes).
    Removing blinky.o(.revsh_text), (4 bytes).
    Removing led.o(.rev16_text), (4 bytes).
    Removing led.o(.revsh_text), (4 bytes).
    Removing led.o(.data), (4 bytes).
    Removing clk.o(.rev16_text), (4 bytes).
    Removing clk.o(.revsh_text), (4 bytes).
    Removing clk.o(.data), (4 bytes).
    Removing sys.o(.rev16_text), (4 bytes).
    Removing sys.o(.revsh_text), (4 bytes).
    Removing sys.o(.data), (4 bytes).
    Removing uart.o(.rev16_text), (4 bytes).
    Removing uart.o(.revsh_text), (4 bytes).
    Removing uart.o(.data), (4 bytes).
    Removing retarget.o(.rev16_text), (4 bytes).
    Removing retarget.o(.revsh_text), (4 bytes).
    Removing rt_cmsis.o(.rev16_text), (4 bytes).
    Removing rt_cmsis.o(.revsh_text), (4 bytes).
    Removing rt_cmsis.o(i.osKernelRunning), (36 bytes).
    Removing rt_cmsis.o(i.osKernelSysTick), (24 bytes).
    Removing rt_cmsis.o(i.osMailAlloc), (32 bytes).
    Removing rt_cmsis.o(i.osMailCAlloc), (32 bytes).
    Removing rt_cmsis.o(i.osMailCreate), (48 bytes).
    Removing rt_cmsis.o(i.osMailFree), (28 bytes).
    Removing rt_cmsis.o(i.osMailGet), (22 bytes).
    Removing rt_cmsis.o(i.osMailPut), (20 bytes).
    Removing rt_cmsis.o(i.osMessageCreate), (48 bytes).
    Removing rt_cmsis.o(i.osMessagePut), (24 bytes).
    Removing rt_cmsis.o(i.osMutexCreate), (48 bytes).
    Removing rt_cmsis.o(i.osMutexDelete), (24 bytes).
    Removing rt_cmsis.o(i.osMutexRelease), (24 bytes).
    Removing rt_cmsis.o(i.osMutexWait), (24 bytes).
    Removing rt_cmsis.o(i.osPoolAlloc), (36 bytes).
    Removing rt_cmsis.o(i.osPoolCAlloc), (36 bytes).
    Removing rt_cmsis.o(i.osPoolCreate), (48 bytes).
    Removing rt_cmsis.o(i.osPoolFree), (32 bytes).
    Removing rt_cmsis.o(i.osSemaphoreCreate), (48 bytes).
    Removing rt_cmsis.o(i.osSemaphoreDelete), (24 bytes).
    Removing rt_cmsis.o(i.osSemaphoreRelease), (60 bytes).
    Removing rt_cmsis.o(i.osSemaphoreWait), (24 bytes).
    Removing rt_cmsis.o(i.osSignalClear), (24 bytes).
    Removing rt_cmsis.o(i.osThreadGetId), (24 bytes).
    Removing rt_cmsis.o(i.osThreadGetPriority), (24 bytes).
    Removing rt_cmsis.o(i.osThreadSetPriority), (24 bytes).
    Removing rt_cmsis.o(i.osThreadTerminate), (24 bytes).
    Removing rt_cmsis.o(i.osThreadYield), (24 bytes).
    Removing rt_cmsis.o(i.osTimerCreate), (56 bytes).
    Removing rt_cmsis.o(i.osTimerDelete), (24 bytes).
    Removing rt_cmsis.o(i.osTimerStart), (24 bytes).
    Removing rt_cmsis.o(i.osTimerStop), (24 bytes).
    Removing rt_cmsis.o(i.osWait), (4 bytes).
    Removing rt_cmsis.o(i.os_resume), (12 bytes).
    Removing rt_cmsis.o(i.os_suspend), (12 bytes).
    Removing rt_cmsis.o(i.rt_clr_box), (20 bytes).
    Removing rt_cmsis.o(i.rt_timer_remove), (60 bytes).
    Removing rt_cmsis.o(i.svcKernelRunning), (12 bytes).
    Removing rt_cmsis.o(i.svcKernelSysTick), (56 bytes).
    Removing rt_cmsis.o(i.svcMailCreate), (66 bytes).
    Removing rt_cmsis.o(i.svcMessagePut), (54 bytes).
    Removing rt_cmsis.o(i.svcMutexCreate), (28 bytes).
    Removing rt_cmsis.o(i.svcMutexDelete), (26 bytes).
    Removing rt_cmsis.o(i.svcMutexRelease), (34 bytes).
    Removing rt_cmsis.o(i.svcMutexWait), (54 bytes).
    Removing rt_cmsis.o(i.svcPoolCreate), (40 bytes).
    Removing rt_cmsis.o(i.svcSemaphoreCreate), (36 bytes).
    Removing rt_cmsis.o(i.svcSemaphoreDelete), (26 bytes).
    Removing rt_cmsis.o(i.svcSemaphoreRelease), (40 bytes).
    Removing rt_cmsis.o(i.svcSemaphoreWait), (54 bytes).
    Removing rt_cmsis.o(i.svcSignalClear), (36 bytes).
    Removing rt_cmsis.o(i.svcThreadGetPriority), (18 bytes).
    Removing rt_cmsis.o(i.svcThreadSetPriority), (46 bytes).
    Removing rt_cmsis.o(i.svcThreadYield), (10 bytes).
    Removing rt_cmsis.o(i.svcTimerCreate), (56 bytes).
    Removing rt_cmsis.o(i.svcTimerDelete), (40 bytes).
    Removing rt_cmsis.o(i.svcTimerStart), (72 bytes).
    Removing rt_cmsis.o(i.svcTimerStop), (36 bytes).
    Removing rt_cmsis.o(i.sysMailAlloc), (112 bytes).
    Removing rt_cmsis.o(i.sysMailFree), (96 bytes).
    Removing rt_cmsis.o(i.sysPoolAlloc), (32 bytes).
    Removing rt_cmsis.o(i.sysPoolFree), (20 bytes).
    Removing rt_cmsis.o(i.sysUserTimerUpdate), (48 bytes).
    Removing rt_cmsis.o(i.sysUserTimerWakeupTime), (20 bytes).
    Removing rt_task.o(i.rt_tsk_pass), (48 bytes).
    Removing rt_system.o(.emb_text), (0 bytes).
    Removing rt_system.o(i.os_tick_ovf), (16 bytes).
    Removing rt_system.o(i.os_tick_val), (20 bytes).
    Removing rt_system.o(i.rt_resume), (136 bytes).
    Removing rt_system.o(i.rt_suspend), (36 bytes).
    Removing rt_system.o(i.rt_tsk_lock), (80 bytes).
    Removing rt_system.o(i.rt_tsk_unlock), (80 bytes).
    Removing rt_event.o(i.rt_evt_clr), (28 bytes).
    Removing rt_event.o(i.rt_evt_get), (12 bytes).
    Removing rt_list.o(i.rt_get_same_rdy_prio), (36 bytes).
    Removing rt_mailbox.o(i.rt_mbx_send), (152 bytes).
    Removing rt_semaphore.o(i.isr_sem_send), (16 bytes).
    Removing rt_semaphore.o(i.rt_sem_delete), (92 bytes).
    Removing rt_semaphore.o(i.rt_sem_init), (12 bytes).
    Removing rt_semaphore.o(i.rt_sem_send), (42 bytes).
    Removing rt_semaphore.o(i.rt_sem_wait), (60 bytes).
    Removing rt_time.o(i.rt_itv_set), (28 bytes).
    Removing rt_time.o(i.rt_itv_wait), (44 bytes).
    Removing rt_time.o(i.rt_time_get), (12 bytes).
    Removing rt_mutex.o(i.rt_mut_delete), (176 bytes).
    Removing rt_mutex.o(i.rt_mut_init), (16 bytes).
    Removing rt_mutex.o(i.rt_mut_release), (216 bytes).
    Removing rt_mutex.o(i.rt_mut_wait), (104 bytes).
    Removing rt_membox.o(i._calloc_box), (28 bytes).
    Removing dadd.o(.text), (334 bytes).
    Removing dmul.o(.text), (228 bytes).
    Removing ddiv.o(.text), (222 bytes).
    Removing dfixul.o(.text), (48 bytes).
    Removing cdrcmple.o(.text), (40 bytes).
    Removing depilogue.o(.text), (190 bytes).

116 unused section(s) (total 5434 bytes) removed from the image.

==============================================================================

Image Symbol Table

    Local Symbols

    Symbol Name                              Value     Ov Type        Size  Object(Section)

    RESET                                    0x00000000   Section      632  startup_nuc472_442.o(RESET)
    ../clib/microlib/division.c              0x00000000   Number         0  uldiv.o ABSOLUTE
    ../clib/microlib/division.c              0x00000000   Number         0  uidiv.o ABSOLUTE
    ../clib/microlib/init/entry.s            0x00000000   Number         0  entry8b.o ABSOLUTE
    ../clib/microlib/init/entry.s            0x00000000   Number         0  entry2.o ABSOLUTE
    ../clib/microlib/init/entry.s            0x00000000   Number         0  entry5.o ABSOLUTE
    ../clib/microlib/init/entry.s            0x00000000   Number         0  entry11b.o ABSOLUTE
    ../clib/microlib/init/entry.s            0x00000000   Number         0  entry11a.o ABSOLUTE
    ../clib/microlib/init/entry.s            0x00000000   Number         0  entry10b.o ABSOLUTE
    ../clib/microlib/init/entry.s            0x00000000   Number         0  entry7a.o ABSOLUTE
    ../clib/microlib/init/entry.s            0x00000000   Number         0  entry10a.o ABSOLUTE
    ../clib/microlib/init/entry.s            0x00000000   Number         0  entry8a.o ABSOLUTE
    ../clib/microlib/init/entry.s            0x00000000   Number         0  entry7b.o ABSOLUTE
    ../clib/microlib/init/entry.s            0x00000000   Number         0  entry.o ABSOLUTE
    ../clib/microlib/longlong.c              0x00000000   Number         0  llsshr.o ABSOLUTE
    ../clib/microlib/longlong.c              0x00000000   Number         0  llushr.o ABSOLUTE
    ../clib/microlib/longlong.c              0x00000000   Number         0  llshl.o ABSOLUTE
    ../clib/microlib/printf/printf.c         0x00000000   Number         0  printf8.o ABSOLUTE
    ../clib/microlib/printf/printf.c         0x00000000   Number         0  printfa.o ABSOLUTE
    ../clib/microlib/printf/printf.c         0x00000000   Number         0  printf7.o ABSOLUTE
    ../clib/microlib/printf/printf.c         0x00000000   Number         0  printf6.o ABSOLUTE
    ../clib/microlib/printf/printf.c         0x00000000   Number         0  printf5.o ABSOLUTE
    ../clib/microlib/printf/printf.c         0x00000000   Number         0  printf0.o ABSOLUTE
    ../clib/microlib/printf/printf.c         0x00000000   Number         0  printf4.o ABSOLUTE
    ../clib/microlib/printf/printf.c         0x00000000   Number         0  printf3.o ABSOLUTE
    ../clib/microlib/printf/printf.c         0x00000000   Number         0  printf2.o ABSOLUTE
    ../clib/microlib/printf/printf.c         0x00000000   Number         0  printf1.o ABSOLUTE
    ../clib/microlib/printf/printf.c         0x00000000   Number         0  printfb.o ABSOLUTE
    ../clib/microlib/printf/stubs.s          0x00000000   Number         0  stubs.o ABSOLUTE
    ../clib/microlib/stubs.s                 0x00000000   Number         0  iusefp.o ABSOLUTE
    ../fplib/microlib/fpadd.c                0x00000000   Number         0  dadd.o ABSOLUTE
    ../fplib/microlib/fpdiv.c                0x00000000   Number         0  ddiv.o ABSOLUTE
    ../fplib/microlib/fpepilogue.c           0x00000000   Number         0  depilogue.o ABSOLUTE
    ../fplib/microlib/fpfix.c                0x00000000   Number         0  dfixul.o ABSOLUTE
    ../fplib/microlib/fpmul.c                0x00000000   Number         0  dmul.o ABSOLUTE
    ..\..\..\Library\Device\Nuvoton\NUC472_442\Source\ARM\startup_NUC472_442.s 0x00000000   Number         0  startup_nuc472_442.o ABSOLUTE
    ..\..\..\Library\Device\Nuvoton\NUC472_442\Source\system_NUC472_442.c 0x00000000   Number         0  system_nuc472_442.o ABSOLUTE
    ..\..\..\Library\StdDriver\src\clk.c     0x00000000   Number         0  clk.o ABSOLUTE
    ..\..\..\Library\StdDriver\src\retarget.c 0x00000000   Number         0  retarget.o ABSOLUTE
    ..\..\..\Library\StdDriver\src\sys.c     0x00000000   Number         0  sys.o ABSOLUTE
    ..\..\..\Library\StdDriver\src\uart.c    0x00000000   Number         0  uart.o ABSOLUTE
    ..\Blinky.c                              0x00000000   Number         0  blinky.o ABSOLUTE
    ..\HAL_CM.c                              0x00000000   Number         0  hal_cm.o ABSOLUTE
    ..\LED.c                                 0x00000000   Number         0  led.o ABSOLUTE
    ..\RTX_Conf_CM.c                         0x00000000   Number         0  rtx_conf_cm.o ABSOLUTE
    ..\\..\\..\\Library\\Device\\Nuvoton\\NUC472_442\\Source\\system_NUC472_442.c 0x00000000   Number         0  system_nuc472_442.o ABSOLUTE
    ..\\..\\..\\Library\\StdDriver\\src\\clk.c 0x00000000   Number         0  clk.o ABSOLUTE
    ..\\..\\..\\Library\\StdDriver\\src\\retarget.c 0x00000000   Number         0  retarget.o ABSOLUTE
    ..\\..\\..\\Library\\StdDriver\\src\\sys.c 0x00000000   Number         0  sys.o ABSOLUTE
    ..\\..\\..\\Library\\StdDriver\\src\\uart.c 0x00000000   Number         0  uart.o ABSOLUTE
    ..\\Blinky.c                             0x00000000   Number         0  blinky.o ABSOLUTE
    ..\\LED.c                                0x00000000   Number         0  led.o ABSOLUTE
    ..\\rt_CMSIS.c                           0x00000000   Number         0  rt_cmsis.o ABSOLUTE
    ..\\rt_System.c                          0x00000000   Number         0  rt_system.o ABSOLUTE
    ..\rt_CMSIS.c                            0x00000000   Number         0  rt_cmsis.o ABSOLUTE
    ..\rt_Event.c                            0x00000000   Number         0  rt_event.o ABSOLUTE
    ..\rt_List.c                             0x00000000   Number         0  rt_list.o ABSOLUTE
    ..\rt_Mailbox.c                          0x00000000   Number         0  rt_mailbox.o ABSOLUTE
    ..\rt_MemBox.c                           0x00000000   Number         0  rt_membox.o ABSOLUTE
    ..\rt_Memory.c                           0x00000000   Number         0  rt_memory.o ABSOLUTE
    ..\rt_Mutex.c                            0x00000000   Number         0  rt_mutex.o ABSOLUTE
    ..\rt_Robin.c                            0x00000000   Number         0  rt_robin.o ABSOLUTE
    ..\rt_Semaphore.c                        0x00000000   Number         0  rt_semaphore.o ABSOLUTE
    ..\rt_System.c                           0x00000000   Number         0  rt_system.o ABSOLUTE
    ..\rt_Task.c                             0x00000000   Number         0  rt_task.o ABSOLUTE
    ..\rt_Time.c                             0x00000000   Number         0  rt_time.o ABSOLUTE
    HAL_CM4.c                                0x00000000   Number         0  hal_cm4.o ABSOLUTE
    HAL_CM4.c                                0x00000000   Number         0  hal_cm4.o ABSOLUTE
    SVC_Table.s                              0x00000000   Number         0  SVC_Table.o ABSOLUTE
    cdrcmple.s                               0x00000000   Number         0  cdrcmple.o ABSOLUTE
    dc.s                                     0x00000000   Number         0  dc.o ABSOLUTE
    handlers.s                               0x00000000   Number         0  handlers.o ABSOLUTE
    init.s                                   0x00000000   Number         0  init.o ABSOLUTE
    .ARM.Collect$$$$00000000                 0x00000278   Section        0  entry.o(.ARM.Collect$$$$00000000)
    .ARM.Collect$$$$00000001                 0x00000278   Section        4  entry2.o(.ARM.Collect$$$$00000001)
    .ARM.Collect$$$$00000004                 0x0000027c   Section        4  entry5.o(.ARM.Collect$$$$00000004)
    .ARM.Collect$$$$00000008                 0x00000280   Section        0  entry7b.o(.ARM.Collect$$$$00000008)
    .ARM.Collect$$$$0000000A                 0x00000280   Section        0  entry8b.o(.ARM.Collect$$$$0000000A)
    .ARM.Collect$$$$0000000D                 0x00000280   Section        0  entry10a.o(.ARM.Collect$$$$0000000D)
    .ARM.Collect$$$$0000000F                 0x00000280   Section        0  entry11a.o(.ARM.Collect$$$$0000000F)
    .ARM.Collect$$$$000000FF                 0x00000280   Section        0  rtx_conf_cm.o(.ARM.Collect$$$$000000FF)
    .ARM.Collect$$$$00002712                 0x00000298   Section        4  entry2.o(.ARM.Collect$$$$00002712)
    __lit__00000000                          0x00000298   Data           4  entry2.o(.ARM.Collect$$$$00002712)
    .emb_text                                0x0000029c   Section       28  retarget.o(.emb_text)
    $v0                                      0x0000029c   Number         0  retarget.o(.emb_text)
    .emb_text                                0x000002b8   Section      384  hal_cm4.o(.emb_text)
    $v0                                      0x000002b8   Number         0  hal_cm4.o(.emb_text)
    .text                                    0x00000438   Section        0  system_nuc472_442.o(.text)
    .text                                    0x000004a8   Section      104  startup_nuc472_442.o(.text)
    $v0                                      0x000004a8   Number         0  startup_nuc472_442.o(.text)
    Default_Handler                          0x000004f5   Thumb Code     2  startup_nuc472_442.o(.text)
    .text                                    0x00000510   Section        0  blinky.o(.text)
    .text                                    0x00000720   Section        0  led.o(.text)
    .text                                    0x000007a4   Section        0  clk.o(.text)
    .text                                    0x00000ce8   Section        0  sys.o(.text)
    .text                                    0x00000de8   Section        0  uart.o(.text)
    .text                                    0x00001060   Section        0  retarget.o(.text)
    stackDump                                0x00001061   Thumb Code    70  retarget.o(.text)
    __tagsym$$used                           0x000010a7   Number         0  retarget.o(.text)
    .text                                    0x000011c4   Section        0  rtx_conf_cm.o(.text)
    .text                                    0x000011e2   Section        0  uldiv.o(.text)
    .text                                    0x00001244   Section       36  init.o(.text)
    .text                                    0x00001268   Section        0  llshl.o(.text)
    .text                                    0x00001286   Section        0  llushr.o(.text)
    SVC_TABLE                                0x000012a8   Section        4  SVC_Table.o(SVC_TABLE)
    i.__0printf$5                            0x000012ac   Section        0  printf5.o(i.__0printf$5)
    i.__scatterload_copy                     0x000012cc   Section       14  handlers.o(i.__scatterload_copy)
    i.__scatterload_null                     0x000012da   Section        2  handlers.o(i.__scatterload_null)
    i.__scatterload_zeroinit                 0x000012dc   Section       14  handlers.o(i.__scatterload_zeroinit)
    i._init_box                              0x000012ea   Section        0  rt_membox.o(i._init_box)
    i._printf_core                           0x00001330   Section        0  printf5.o(i._printf_core)
    _printf_core                             0x00001331   Thumb Code   658  printf5.o(i._printf_core)
    i.dbg_init                               0x000015f0   Section        0  hal_cm.o(i.dbg_init)
    i.dbg_task_notify                        0x00001620   Section        0  hal_cm.o(i.dbg_task_notify)
    i.dbg_task_switch                        0x00001640   Section        0  hal_cm.o(i.dbg_task_switch)
    i.isrMessagePut                          0x00001650   Section        0  rt_cmsis.o(i.isrMessagePut)
    isrMessagePut                            0x00001651   Thumb Code    44  rt_cmsis.o(i.isrMessagePut)
    i.isr_evt_set                            0x0000167c   Section        0  rt_event.o(i.isr_evt_set)
    i.isr_mbx_receive                        0x000016a4   Section        0  rt_mailbox.o(i.isr_mbx_receive)
    i.isr_mbx_send                           0x000016f4   Section        0  rt_mailbox.o(i.isr_mbx_send)
    i.osDelay                                0x00001704   Section        0  rt_cmsis.o(i.osDelay)
    i.osKernelInitialize                     0x0000171c   Section        0  rt_cmsis.o(i.osKernelInitialize)
    i.osKernelStart                          0x00001740   Section        0  rt_cmsis.o(i.osKernelStart)
    i.osMessageGet                           0x000017ac   Section        0  rt_cmsis.o(i.osMessageGet)
    i.osSignalSet                            0x000017f0   Section        0  rt_cmsis.o(i.osSignalSet)
    i.osSignalWait                           0x00001824   Section        0  rt_cmsis.o(i.osSignalWait)
    i.osThreadCreate                         0x0000183c   Section        0  rt_cmsis.o(i.osThreadCreate)
    i.osThreadExit                           0x0000186c   Section        0  rt_cmsis.o(i.osThreadExit)
    i.osTimerCall                            0x00001884   Section        0  rt_cmsis.o(i.osTimerCall)
    i.osTimerThread                          0x00001890   Section        0  rt_cmsis.o(i.osTimerThread)
    i.os_tick_init                           0x000018bc   Section        0  rt_system.o(i.os_tick_init)
    i.os_tick_irqack                         0x000018e4   Section        0  rt_system.o(i.os_tick_irqack)
    i.rt_alloc_box                           0x000018e8   Section        0  rt_membox.o(i.rt_alloc_box)
    i.rt_alloc_mem                           0x00001904   Section        0  rt_memory.o(i.rt_alloc_mem)
    i.rt_block                               0x00001940   Section        0  rt_task.o(i.rt_block)
    i.rt_chk_robin                           0x00001978   Section        0  rt_robin.o(i.rt_chk_robin)
    i.rt_dec_dly                             0x000019c0   Section        0  rt_list.o(i.rt_dec_dly)
    i.rt_dispatch                            0x00001a30   Section        0  rt_task.o(i.rt_dispatch)
    i.rt_dly_wait                            0x00001a74   Section        0  rt_time.o(i.rt_dly_wait)
    i.rt_evt_psh                             0x00001a7c   Section        0  rt_event.o(i.rt_evt_psh)
    i.rt_evt_set                             0x00001acc   Section        0  rt_event.o(i.rt_evt_set)
    i.rt_evt_wait                            0x00001b28   Section        0  rt_event.o(i.rt_evt_wait)
    i.rt_free_box                            0x00001b68   Section        0  rt_membox.o(i.rt_free_box)
    i.rt_free_mem                            0x00001b88   Section        0  rt_memory.o(i.rt_free_mem)
    i.rt_get_first                           0x00001bb0   Section        0  rt_list.o(i.rt_get_first)
    i.rt_id2obj                              0x00001bd8   Section        0  rt_cmsis.o(i.rt_id2obj)
    rt_id2obj                                0x00001bd9   Thumb Code     8  rt_cmsis.o(i.rt_id2obj)
    i.rt_init_context                        0x00001be0   Section        0  rt_task.o(i.rt_init_context)
    rt_init_context                          0x00001be1   Thumb Code    66  rt_task.o(i.rt_init_context)
    i.rt_init_mem                            0x00001c28   Section        0  rt_memory.o(i.rt_init_mem)
    i.rt_init_robin                          0x00001c44   Section        0  rt_robin.o(i.rt_init_robin)
    i.rt_init_stack                          0x00001c5c   Section        0  hal_cm.o(i.rt_init_stack)
    i.rt_mbx_check                           0x00001cac   Section        0  rt_mailbox.o(i.rt_mbx_check)
    i.rt_mbx_init                            0x00001cb4   Section        0  rt_mailbox.o(i.rt_mbx_init)
    i.rt_mbx_psh                             0x00001cd0   Section        0  rt_mailbox.o(i.rt_mbx_psh)
    i.rt_mbx_wait                            0x00001dc0   Section        0  rt_mailbox.o(i.rt_mbx_wait)
    i.rt_ms2tick                             0x00001e70   Section        0  rt_cmsis.o(i.rt_ms2tick)
    rt_ms2tick                               0x00001e71   Thumb Code    50  rt_cmsis.o(i.rt_ms2tick)
    i.rt_pop_req                             0x00001eac   Section        0  rt_system.o(i.rt_pop_req)
    i.rt_psh_req                             0x00001f24   Section        0  rt_system.o(i.rt_psh_req)
    i.rt_psq_enq                             0x00001f44   Section        0  rt_list.o(i.rt_psq_enq)
    i.rt_put_dly                             0x00001f9c   Section        0  rt_list.o(i.rt_put_dly)
    i.rt_put_prio                            0x00001ff8   Section        0  rt_list.o(i.rt_put_prio)
    i.rt_put_rdy_first                       0x00002030   Section        0  rt_list.o(i.rt_put_rdy_first)
    i.rt_resort_prio                         0x00002044   Section        0  rt_list.o(i.rt_resort_prio)
    i.rt_ret_regs                            0x00002078   Section        0  hal_cm.o(i.rt_ret_regs)
    rt_ret_regs                              0x00002079   Thumb Code    16  hal_cm.o(i.rt_ret_regs)
    i.rt_ret_val                             0x00002088   Section        0  hal_cm.o(i.rt_ret_val)
    i.rt_ret_val2                            0x00002094   Section        0  hal_cm.o(i.rt_ret_val2)
    i.rt_rmv_dly                             0x000020a4   Section        0  rt_list.o(i.rt_rmv_dly)
    i.rt_rmv_list                            0x000020cc   Section        0  rt_list.o(i.rt_rmv_list)
    i.rt_sem_psh                             0x000020fc   Section        0  rt_semaphore.o(i.rt_sem_psh)
    i.rt_stk_check                           0x00002130   Section        0  rt_system.o(i.rt_stk_check)
    i.rt_switch_req                          0x00002154   Section        0  rt_task.o(i.rt_switch_req)
    i.rt_sys_init                            0x0000217c   Section        0  rt_task.o(i.rt_sys_init)
    i.rt_sys_start                           0x00002288   Section        0  rt_task.o(i.rt_sys_start)
    i.rt_systick                             0x000022bc   Section        0  rt_system.o(i.rt_systick)
    i.rt_tid2ptcb                            0x000022f8   Section        0  rt_cmsis.o(i.rt_tid2ptcb)
    rt_tid2ptcb                              0x000022f9   Thumb Code    18  rt_cmsis.o(i.rt_tid2ptcb)
    i.rt_timer_insert                        0x0000230c   Section        0  rt_cmsis.o(i.rt_timer_insert)
    rt_timer_insert                          0x0000230d   Thumb Code    56  rt_cmsis.o(i.rt_timer_insert)
    i.rt_tsk_create                          0x00002348   Section        0  rt_task.o(i.rt_tsk_create)
    i.rt_tsk_delete                          0x000023c8   Section        0  rt_task.o(i.rt_tsk_delete)
    i.rt_tsk_prio                            0x00002530   Section        0  rt_task.o(i.rt_tsk_prio)
    i.rt_tsk_self                            0x000025ac   Section        0  rt_task.o(i.rt_tsk_self)
    i.svcDelay                               0x000025bc   Section        0  rt_cmsis.o(i.svcDelay)
    i.svcKernelInitialize                    0x000025d0   Section        0  rt_cmsis.o(i.svcKernelInitialize)
    i.svcKernelStart                         0x00002640   Section        0  rt_cmsis.o(i.svcKernelStart)
    i.svcMessageCreate                       0x00002688   Section        0  rt_cmsis.o(i.svcMessageCreate)
    i.svcMessageGet                          0x000026ac   Section        0  rt_cmsis.o(i.svcMessageGet)
    i.svcSignalSet                           0x000026e6   Section        0  rt_cmsis.o(i.svcSignalSet)
    i.svcSignalWait                          0x0000270c   Section        0  rt_cmsis.o(i.svcSignalWait)
    i.svcThreadCreate                        0x00002760   Section        0  rt_cmsis.o(i.svcThreadCreate)
    i.svcThreadGetId                         0x000027d0   Section        0  rt_cmsis.o(i.svcThreadGetId)
    i.svcThreadTerminate                     0x000027ec   Section        0  rt_cmsis.o(i.svcThreadTerminate)
    i.svcTimerCall                           0x00002824   Section        0  rt_cmsis.o(i.svcTimerCall)
    i.sysTimerTick                           0x0000283c   Section        0  rt_cmsis.o(i.sysTimerTick)
    .constdata                               0x00002890   Section       80  blinky.o(.constdata)
    .constdata                               0x000028e0   Section       32  led.o(.constdata)
    .constdata                               0x00002900   Section       48  uart.o(.constdata)
    .constdata                               0x00002930   Section       86  rtx_conf_cm.o(.constdata)
    __tagsym$$used                           0x0000294c   Number         0  rtx_conf_cm.o(.constdata)
    __tagsym$$used                           0x00002950   Number         0  rtx_conf_cm.o(.constdata)
    __tagsym$$used                           0x00002954   Number         0  rtx_conf_cm.o(.constdata)
    __tagsym$$used                           0x00002958   Number         0  rtx_conf_cm.o(.constdata)
    .data                                    0x20000000   Section       44  system_nuc472_442.o(.data)
    u32EscapeFrame                           0x20000000   Data           4  system_nuc472_442.o(.data)
    .data                                    0x2000002c   Section       24  blinky.o(.data)
    u32EscapeFrame                           0x2000002c   Data           4  blinky.o(.data)
    .data                                    0x20000044   Section       12  retarget.o(.data)
    u32EscapeFrame                           0x20000044   Data           4  retarget.o(.data)
    .data                                    0x20000050   Section       32  rtx_conf_cm.o(.data)
    .data                                    0x20000070   Section        8  rt_cmsis.o(.data)
    .data                                    0x20000078   Section        8  rt_task.o(.data)
    .data                                    0x20000080   Section        8  rt_system.o(.data)
    os_lock                                  0x20000080   Data           1  rt_system.o(.data)
    os_psh_flag                              0x20000081   Data           1  rt_system.o(.data)
    pend_flags                               0x20000082   Data           1  rt_system.o(.data)
    .data                                    0x20000088   Section        4  rt_time.o(.data)
    .data                                    0x2000008c   Section        1  hal_cm.o(.data)
    .data                                    0x20000090   Section        8  rt_robin.o(.data)
    .bss                                     0x20000098   Section     2216  rtx_conf_cm.o(.bss)
    .bss                                     0x20000940   Section       52  rt_task.o(.bss)
    .bss                                     0x20000974   Section       48  rt_list.o(.bss)
    STACK                                    0x200009a8   Section     4096  startup_nuc472_442.o(STACK)

    Global Symbols

    Symbol Name                              Value     Ov Type        Size  Object(Section)

    BuildAttributes$$THM_ISAv4$E$P$D$K$B$S$7EM$VFPi3$EXTD16$VFPS$VFMA$PE$A:L22UL41UL21$X:L11$S22US41US21$IEEE1$IW$USESV6$~STKCKD$USESV7$~SHL$OSPACE$ROPI$EBA8$MICROLIB$REQ8$PRES8$EABIv2 0x00000000   Number         0  anon$$obj.o ABSOLUTE
    __ARM_use_no_argv                        0x00000000   Number         0  blinky.o ABSOLUTE
    __Vectors                                0x00000000   Data           4  startup_nuc472_442.o(RESET)
    _printf_a                                0x00000000   Number         0  stubs.o ABSOLUTE
    _printf_c                                0x00000000   Number         0  stubs.o ABSOLUTE
    _printf_charcount                        0x00000000   Number         0  stubs.o ABSOLUTE
    _printf_d                                0x00000000   Number         0  stubs.o ABSOLUTE
    _printf_e                                0x00000000   Number         0  stubs.o ABSOLUTE
    _printf_f                                0x00000000   Number         0  stubs.o ABSOLUTE
    _printf_flags                            0x00000000   Number         0  stubs.o ABSOLUTE
    _printf_fp_dec                           0x00000000   Number         0  stubs.o ABSOLUTE
    _printf_fp_hex                           0x00000000   Number         0  stubs.o ABSOLUTE
    _printf_g                                0x00000000   Number         0  stubs.o ABSOLUTE
    _printf_i                                0x00000000   Number         0  stubs.o ABSOLUTE
    _printf_int_dec                          0x00000000   Number         0  stubs.o ABSOLUTE
    _printf_l                                0x00000000   Number         0  stubs.o ABSOLUTE
    _printf_lc                               0x00000000   Number         0  stubs.o ABSOLUTE
    _printf_ll                               0x00000000   Number         0  stubs.o ABSOLUTE
    _printf_lld                              0x00000000   Number         0  stubs.o ABSOLUTE
    _printf_lli                              0x00000000   Number         0  stubs.o ABSOLUTE
    _printf_llo                              0x00000000   Number         0  stubs.o ABSOLUTE
    _printf_llu                              0x00000000   Number         0  stubs.o ABSOLUTE
    _printf_llx                              0x00000000   Number         0  stubs.o ABSOLUTE
    _printf_longlong_dec                     0x00000000   Number         0  stubs.o ABSOLUTE
    _printf_longlong_hex                     0x00000000   Number         0  stubs.o ABSOLUTE
    _printf_longlong_oct                     0x00000000   Number         0  stubs.o ABSOLUTE
    _printf_ls                               0x00000000   Number         0  stubs.o ABSOLUTE
    _printf_mbtowc                           0x00000000   Number         0  stubs.o ABSOLUTE
    _printf_n                                0x00000000   Number         0  stubs.o ABSOLUTE
    _printf_o                                0x00000000   Number         0  stubs.o ABSOLUTE
    _printf_p                                0x00000000   Number         0  stubs.o ABSOLUTE
    _printf_percent                          0x00000000   Number         0  stubs.o ABSOLUTE
    _printf_pre_padding                      0x00000000   Number         0  stubs.o ABSOLUTE
    _printf_return_value                     0x00000000   Number         0  stubs.o ABSOLUTE
    _printf_s                                0x00000000   Number         0  stubs.o ABSOLUTE
    _printf_sizespec                         0x00000000   Number         0  stubs.o ABSOLUTE
    _printf_str                              0x00000000   Number         0  stubs.o ABSOLUTE
    _printf_truncate_signed                  0x00000000   Number         0  stubs.o ABSOLUTE
    _printf_truncate_unsigned                0x00000000   Number         0  stubs.o ABSOLUTE
    _printf_u                                0x00000000   Number         0  stubs.o ABSOLUTE
    _printf_wc                               0x00000000   Number         0  stubs.o ABSOLUTE
    _printf_wctomb                           0x00000000   Number         0  stubs.o ABSOLUTE
    _printf_widthprec                        0x00000000   Number         0  stubs.o ABSOLUTE
    _printf_x                                0x00000000   Number         0  stubs.o ABSOLUTE
    __cpp_initialize__aeabi_                  - Undefined Weak Reference
    __cxa_finalize                            - Undefined Weak Reference
    __decompress                              - Undefined Weak Reference
    _clock_init                               - Undefined Weak Reference
    _microlib_exit                            - Undefined Weak Reference
    __Vectors_End                            0x00000278   Data           0  startup_nuc472_442.o(RESET)
    __Vectors_Size                           0x00000278   Number         0  startup_nuc472_442.o ABSOLUTE
    __main                                   0x00000279   Thumb Code     0  entry.o(.ARM.Collect$$$$00000000)
    _main_stk                                0x00000279   Thumb Code     0  entry2.o(.ARM.Collect$$$$00000001)
    _main_scatterload                        0x0000027d   Thumb Code     0  entry5.o(.ARM.Collect$$$$00000004)
    __main_after_scatterload                 0x00000281   Thumb Code     0  entry5.o(.ARM.Collect$$$$00000004)
    __rt_final_cpp                           0x00000281   Thumb Code     0  entry10a.o(.ARM.Collect$$$$0000000D)
    __rt_final_exit                          0x00000281   Thumb Code     0  entry11a.o(.ARM.Collect$$$$0000000F)
    _main_clock                              0x00000281   Thumb Code     0  entry7b.o(.ARM.Collect$$$$00000008)
    _main_cpp_init                           0x00000281   Thumb Code     0  entry8b.o(.ARM.Collect$$$$0000000A)
    _main_init                               0x00000281   Thumb Code    18  rtx_conf_cm.o(.ARM.Collect$$$$000000FF)
    HardFault_Handler                        0x0000029d   Thumb Code    24  retarget.o(.emb_text)
    rt_set_PSP                               0x000002b9   Thumb Code     6  hal_cm4.o(.emb_text)
    rt_get_PSP                               0x000002bf   Thumb Code     6  hal_cm4.o(.emb_text)
    os_set_env                               0x000002c5   Thumb Code    24  hal_cm4.o(.emb_text)
    _alloc_box                               0x000002e1   Thumb Code    28  hal_cm4.o(.emb_text)
    _free_box                                0x00000301   Thumb Code    28  hal_cm4.o(.emb_text)
    SVC_Handler                              0x00000321   Thumb Code   148  hal_cm4.o(.emb_text)
    PendSV_Handler                           0x000003c1   Thumb Code    96  hal_cm4.o(.emb_text)
    SysTick_Handler                          0x00000425   Thumb Code     8  hal_cm4.o(.emb_text)
    OS_Tick_Handler                          0x0000042d   Thumb Code    12  hal_cm4.o(.emb_text)
    SystemCoreClockUpdate                    0x00000439   Thumb Code    68  system_nuc472_442.o(.text)
    __RL_RTX_VER                             0x00000473   Number         0  rt_system.o ABSOLUTE
    SystemInit                               0x0000047d   Thumb Code    14  system_nuc472_442.o(.text)
    Reset_Handler                            0x000004a9   Thumb Code    58  startup_nuc472_442.o(.text)
    NMI_Handler                              0x000004e3   Thumb Code     2  startup_nuc472_442.o(.text)
    MemManage_Handler                        0x000004e7   Thumb Code     2  startup_nuc472_442.o(.text)
    BusFault_Handler                         0x000004e9   Thumb Code     2  startup_nuc472_442.o(.text)
    UsageFault_Handler                       0x000004eb   Thumb Code     2  startup_nuc472_442.o(.text)
    DebugMon_Handler                         0x000004ef   Thumb Code     2  startup_nuc472_442.o(.text)
    ACMP_IRQHandler                          0x000004f5   Thumb Code     0  startup_nuc472_442.o(.text)
    ADC_IRQHandler                           0x000004f5   Thumb Code     0  startup_nuc472_442.o(.text)
    BOD_IRQHandler                           0x000004f5   Thumb Code     0  startup_nuc472_442.o(.text)
    CAN0_IRQHandler                          0x000004f5   Thumb Code     0  startup_nuc472_442.o(.text)
    CAN1_IRQHandler                          0x000004f5   Thumb Code     0  startup_nuc472_442.o(.text)
    CAP_IRQHandler                           0x000004f5   Thumb Code     0  startup_nuc472_442.o(.text)
    CLKF_IRQHandler                          0x000004f5   Thumb Code     0  startup_nuc472_442.o(.text)
    CRC_IRQHandler                           0x000004f5   Thumb Code     0  startup_nuc472_442.o(.text)
    CRYPTO_IRQHandler                        0x000004f5   Thumb Code     0  startup_nuc472_442.o(.text)
    EADC0_IRQHandler                         0x000004f5   Thumb Code     0  startup_nuc472_442.o(.text)
    EADC1_IRQHandler                         0x000004f5   Thumb Code     0  startup_nuc472_442.o(.text)
    EADC2_IRQHandler                         0x000004f5   Thumb Code     0  startup_nuc472_442.o(.text)
    EADC3_IRQHandler                         0x000004f5   Thumb Code     0  startup_nuc472_442.o(.text)
    EINT0_IRQHandler                         0x000004f5   Thumb Code     0  startup_nuc472_442.o(.text)
    EINT1_IRQHandler                         0x000004f5   Thumb Code     0  startup_nuc472_442.o(.text)
    EINT2_IRQHandler                         0x000004f5   Thumb Code     0  startup_nuc472_442.o(.text)
    EINT3_IRQHandler                         0x000004f5   Thumb Code     0  startup_nuc472_442.o(.text)
    EINT4_IRQHandler                         0x000004f5   Thumb Code     0  startup_nuc472_442.o(.text)
    EINT5_IRQHandler                         0x000004f5   Thumb Code     0  startup_nuc472_442.o(.text)
    EINT6_IRQHandler                         0x000004f5   Thumb Code     0  startup_nuc472_442.o(.text)
    EINT7_IRQHandler                         0x000004f5   Thumb Code     0  startup_nuc472_442.o(.text)
    EMAC_RX_IRQHandler                       0x000004f5   Thumb Code     0  startup_nuc472_442.o(.text)
    EMAC_TX_IRQHandler                       0x000004f5   Thumb Code     0  startup_nuc472_442.o(.text)
    EPWM0BRK_IRQHandler                      0x000004f5   Thumb Code     0  startup_nuc472_442.o(.text)
    EPWM0_IRQHandler                         0x000004f5   Thumb Code     0  startup_nuc472_442.o(.text)
    EPWM1BRK_IRQHandler                      0x000004f5   Thumb Code     0  startup_nuc472_442.o(.text)
    EPWM1_IRQHandler                         0x000004f5   Thumb Code     0  startup_nuc472_442.o(.text)
    GPA_IRQHandler                           0x000004f5   Thumb Code     0  startup_nuc472_442.o(.text)
    GPB_IRQHandler                           0x000004f5   Thumb Code     0  startup_nuc472_442.o(.text)
    GPC_IRQHandler                           0x000004f5   Thumb Code     0  startup_nuc472_442.o(.text)
    GPD_IRQHandler                           0x000004f5   Thumb Code     0  startup_nuc472_442.o(.text)
    GPE_IRQHandler                           0x000004f5   Thumb Code     0  startup_nuc472_442.o(.text)
    GPF_IRQHandler                           0x000004f5   Thumb Code     0  startup_nuc472_442.o(.text)
    GPG_IRQHandler                           0x000004f5   Thumb Code     0  startup_nuc472_442.o(.text)
    GPH_IRQHandler                           0x000004f5   Thumb Code     0  startup_nuc472_442.o(.text)
    GPI_IRQHandler                           0x000004f5   Thumb Code     0  startup_nuc472_442.o(.text)
    I2C0_IRQHandler                          0x000004f5   Thumb Code     0  startup_nuc472_442.o(.text)
    I2C1_IRQHandler                          0x000004f5   Thumb Code     0  startup_nuc472_442.o(.text)
    I2C2_IRQHandler                          0x000004f5   Thumb Code     0  startup_nuc472_442.o(.text)
    I2C3_IRQHandler                          0x000004f5   Thumb Code     0  startup_nuc472_442.o(.text)
    I2C4_IRQHandler                          0x000004f5   Thumb Code     0  startup_nuc472_442.o(.text)
    I2S0_IRQHandler                          0x000004f5   Thumb Code     0  startup_nuc472_442.o(.text)
    I2S1_IRQHandler                          0x000004f5   Thumb Code     0  startup_nuc472_442.o(.text)
    ICAP0_IRQHandler                         0x000004f5   Thumb Code     0  startup_nuc472_442.o(.text)
    ICAP1_IRQHandler                         0x000004f5   Thumb Code     0  startup_nuc472_442.o(.text)
    IRC_IRQHandler                           0x000004f5   Thumb Code     0  startup_nuc472_442.o(.text)
    OPA0_IRQHandler                          0x000004f5   Thumb Code     0  startup_nuc472_442.o(.text)
    OPA1_IRQHandler                          0x000004f5   Thumb Code     0  startup_nuc472_442.o(.text)
    PDMA_IRQHandler                          0x000004f5   Thumb Code     0  startup_nuc472_442.o(.text)
    PS2D_IRQHandler                          0x000004f5   Thumb Code     0  startup_nuc472_442.o(.text)
    PWM0CH0_IRQHandler                       0x000004f5   Thumb Code     0  startup_nuc472_442.o(.text)
    PWM0CH1_IRQHandler                       0x000004f5   Thumb Code     0  startup_nuc472_442.o(.text)
    PWM0CH2_IRQHandler                       0x000004f5   Thumb Code     0  startup_nuc472_442.o(.text)
    PWM0CH3_IRQHandler                       0x000004f5   Thumb Code     0  startup_nuc472_442.o(.text)
    PWM0CH4_IRQHandler                       0x000004f5   Thumb Code     0  startup_nuc472_442.o(.text)
    PWM0CH5_IRQHandler                       0x000004f5   Thumb Code     0  startup_nuc472_442.o(.text)
    PWM0_BRK_IRQHandler                      0x000004f5   Thumb Code     0  startup_nuc472_442.o(.text)
    PWM1CH0_IRQHandler                       0x000004f5   Thumb Code     0  startup_nuc472_442.o(.text)
    PWM1CH1_IRQHandler                       0x000004f5   Thumb Code     0  startup_nuc472_442.o(.text)
    PWM1CH2_IRQHandler                       0x000004f5   Thumb Code     0  startup_nuc472_442.o(.text)
    PWM1CH3_IRQHandler                       0x000004f5   Thumb Code     0  startup_nuc472_442.o(.text)
    PWM1CH4_IRQHandler                       0x000004f5   Thumb Code     0  startup_nuc472_442.o(.text)
    PWM1CH5_IRQHandler                       0x000004f5   Thumb Code     0  startup_nuc472_442.o(.text)
    PWM1_BRK_IRQHandler                      0x000004f5   Thumb Code     0  startup_nuc472_442.o(.text)
    PWRWU_IRQHandler                         0x000004f5   Thumb Code     0  startup_nuc472_442.o(.text)
    QEI0_IRQHandler                          0x000004f5   Thumb Code     0  startup_nuc472_442.o(.text)
    QEI1_IRQHandler                          0x000004f5   Thumb Code     0  startup_nuc472_442.o(.text)
    RTC_IRQHandler                           0x000004f5   Thumb Code     0  startup_nuc472_442.o(.text)
    SC0_IRQHandler                           0x000004f5   Thumb Code     0  startup_nuc472_442.o(.text)
    SC1_IRQHandler                           0x000004f5   Thumb Code     0  startup_nuc472_442.o(.text)
    SC2_IRQHandler                           0x000004f5   Thumb Code     0  startup_nuc472_442.o(.text)
    SC3_IRQHandler                           0x000004f5   Thumb Code     0  startup_nuc472_442.o(.text)
    SC4_IRQHandler                           0x000004f5   Thumb Code     0  startup_nuc472_442.o(.text)
    SC5_IRQHandler                           0x000004f5   Thumb Code     0  startup_nuc472_442.o(.text)
    SD_IRQHandler                            0x000004f5   Thumb Code     0  startup_nuc472_442.o(.text)
    SPI0_IRQHandler                          0x000004f5   Thumb Code     0  startup_nuc472_442.o(.text)
    SPI1_IRQHandler                          0x000004f5   Thumb Code     0  startup_nuc472_442.o(.text)
    SPI2_IRQHandler                          0x000004f5   Thumb Code     0  startup_nuc472_442.o(.text)
    SPI3_IRQHandler                          0x000004f5   Thumb Code     0  startup_nuc472_442.o(.text)
    SRAMF_IRQHandler                         0x000004f5   Thumb Code     0  startup_nuc472_442.o(.text)
    TAMPER_IRQHandler                        0x000004f5   Thumb Code     0  startup_nuc472_442.o(.text)
    TMR0_IRQHandler                          0x000004f5   Thumb Code     0  startup_nuc472_442.o(.text)
    TMR1_IRQHandler                          0x000004f5   Thumb Code     0  startup_nuc472_442.o(.text)
    TMR2_IRQHandler                          0x000004f5   Thumb Code     0  startup_nuc472_442.o(.text)
    TMR3_IRQHandler                          0x000004f5   Thumb Code     0  startup_nuc472_442.o(.text)
    UART0_IRQHandler                         0x000004f5   Thumb Code     0  startup_nuc472_442.o(.text)
    UART1_IRQHandler                         0x000004f5   Thumb Code     0  startup_nuc472_442.o(.text)
    UART2_IRQHandler                         0x000004f5   Thumb Code     0  startup_nuc472_442.o(.text)
    UART3_IRQHandler                         0x000004f5   Thumb Code     0  startup_nuc472_442.o(.text)
    UART4_IRQHandler                         0x000004f5   Thumb Code     0  startup_nuc472_442.o(.text)
    UART5_IRQHandler                         0x000004f5   Thumb Code     0  startup_nuc472_442.o(.text)
    USBD_IRQHandler                          0x000004f5   Thumb Code     0  startup_nuc472_442.o(.text)
    USBH_IRQHandler                          0x000004f5   Thumb Code     0  startup_nuc472_442.o(.text)
    USB_OTG_IRQHandler                       0x000004f5   Thumb Code     0  startup_nuc472_442.o(.text)
    WDT_IRQHandler                           0x000004f5   Thumb Code     0  startup_nuc472_442.o(.text)
    WWDT_IRQHandler                          0x000004f5   Thumb Code     0  startup_nuc472_442.o(.text)
    LED_on                                   0x00000511   Thumb Code    12  blinky.o(.text)
    LED_off                                  0x0000051d   Thumb Code    12  blinky.o(.text)
    signal_func                              0x00000529   Thumb Code    62  blinky.o(.text)
    phaseA                                   0x00000567   Thumb Code    40  blinky.o(.text)
    phaseB                                   0x0000058f   Thumb Code    40  blinky.o(.text)
    phaseC                                   0x000005b7   Thumb Code    40  blinky.o(.text)
    phaseD                                   0x000005df   Thumb Code    40  blinky.o(.text)
    clock                                    0x00000607   Thumb Code    40  blinky.o(.text)
    UART_Init                                0x0000062f   Thumb Code    62  blinky.o(.text)
    main                                     0x0000066d   Thumb Code    98  blinky.o(.text)
    LED_Init                                 0x00000721   Thumb Code    26  led.o(.text)
    LED_On                                   0x0000073b   Thumb Code    28  led.o(.text)
    LED_Off                                  0x00000757   Thumb Code    28  led.o(.text)
    LED_Out                                  0x00000773   Thumb Code    38  led.o(.text)
    CLK_DisableCKO                           0x000007a5   Thumb Code    18  clk.o(.text)
    CLK_EnableCKO                            0x000007b7   Thumb Code    52  clk.o(.text)
    CLK_PowerDown                            0x000007eb   Thumb Code    26  clk.o(.text)
    CLK_Idle                                 0x00000805   Thumb Code    20  clk.o(.text)
    CLK_GetPCLKFreq                          0x00000819   Thumb Code    30  clk.o(.text)
    CLK_GetHXTFreq                           0x00000837   Thumb Code    18  clk.o(.text)
    CLK_GetLXTFreq                           0x00000849   Thumb Code    20  clk.o(.text)
    CLK_GetHCLKFreq                          0x0000085d   Thumb Code    12  clk.o(.text)
    CLK_GetCPUFreq                           0x00000869   Thumb Code    12  clk.o(.text)
    CLK_GetPLLClockFreq                      0x00000875   Thumb Code    96  clk.o(.text)
    CLK_SetHCLK                              0x000008d5   Thumb Code    48  clk.o(.text)
    CLK_WaitClockReady                       0x00000905   Thumb Code    34  clk.o(.text)
    CLK_SetCoreClock                         0x00000927   Thumb Code   136  clk.o(.text)
    CLK_SetModuleClock                       0x000009af   Thumb Code    88  clk.o(.text)
    CLK_EnableXtalRC                         0x00000a07   Thumb Code    18  clk.o(.text)
    CLK_DisableXtalRC                        0x00000a19   Thumb Code    18  clk.o(.text)
    CLK_EnableModuleClock                    0x00000a2b   Thumb Code    48  clk.o(.text)
    CLK_DisableModuleClock                   0x00000a5b   Thumb Code    48  clk.o(.text)
    CLK_DisablePLL                           0x00000a8b   Thumb Code    18  clk.o(.text)
    CLK_EnablePLL                            0x00000a9d   Thumb Code   424  clk.o(.text)
    CLK_SetSysTickClockSrc                   0x00000c45   Thumb Code    22  clk.o(.text)
    CLK_SysTickDelay                         0x00000c5b   Thumb Code    44  clk.o(.text)
    CLK_EnableSysTick                        0x00000c87   Thumb Code    72  clk.o(.text)
    CLK_DisableSysTick                       0x00000ccf   Thumb Code    10  clk.o(.text)
    SYS_ClearResetSrc                        0x00000ce9   Thumb Code    16  sys.o(.text)
    SYS_GetBODStatus                         0x00000cf9   Thumb Code    12  sys.o(.text)
    SYS_GetResetSrc                          0x00000d05   Thumb Code     8  sys.o(.text)
    SYS_IsRegLocked                          0x00000d0d   Thumb Code    14  sys.o(.text)
    SYS_LockReg                              0x00000d1b   Thumb Code     8  sys.o(.text)
    SYS_UnlockReg                            0x00000d23   Thumb Code    38  sys.o(.text)
    SYS_ReadPDID                             0x00000d49   Thumb Code     8  sys.o(.text)
    SYS_ResetChip                            0x00000d51   Thumb Code    18  sys.o(.text)
    SYS_ResetCPU                             0x00000d63   Thumb Code    18  sys.o(.text)
    SYS_ResetModule                          0x00000d75   Thumb Code    54  sys.o(.text)
    SYS_EnableBOD                            0x00000dab   Thumb Code    38  sys.o(.text)
    SYS_DisableBOD                           0x00000dd1   Thumb Code    18  sys.o(.text)
    UART_ClearIntFlag                        0x00000de9   Thumb Code    66  uart.o(.text)
    UART_Close                               0x00000e2b   Thumb Code     6  uart.o(.text)
    UART_DisableFlowCtrl                     0x00000e31   Thumb Code    10  uart.o(.text)
    UART_DisableInt                          0x00000e3b   Thumb Code     8  uart.o(.text)
    UART_EnableFlowCtrl                      0x00000e43   Thumb Code    34  uart.o(.text)
    UART_EnableInt                           0x00000e65   Thumb Code     8  uart.o(.text)
    UART_Open                                0x00000e6d   Thumb Code   118  uart.o(.text)
    UART_Read                                0x00000ee3   Thumb Code    32  uart.o(.text)
    UART_SetLine_Config                      0x00000f03   Thumb Code   136  uart.o(.text)
    UART_SetTimeoutCnt                       0x00000f8b   Thumb Code    20  uart.o(.text)
    UART_SelectIrDAMode                      0x00000f9f   Thumb Code   128  uart.o(.text)
    UART_SelectRS485Mode                     0x0000101f   Thumb Code    22  uart.o(.text)
    UART_Write                               0x00001035   Thumb Code    32  uart.o(.text)
    Hard_Fault_Handler                       0x000010a7   Thumb Code    18  retarget.o(.text)
    SendChar_ToUART                          0x000010b9   Thumb Code    40  retarget.o(.text)
    SendChar                                 0x000010e1   Thumb Code    12  retarget.o(.text)
    GetChar                                  0x000010ed   Thumb Code    22  retarget.o(.text)
    kbhit                                    0x00001103   Thumb Code    12  retarget.o(.text)
    IsDebugFifoEmpty                         0x0000110f   Thumb Code    10  retarget.o(.text)
    _ttywrch                                 0x00001119   Thumb Code    12  retarget.o(.text)
    fputc                                    0x00001125   Thumb Code    16  retarget.o(.text)
    fgetc                                    0x00001135   Thumb Code    10  retarget.o(.text)
    ferror                                   0x0000113f   Thumb Code     8  retarget.o(.text)
    os_idle_demon                            0x000011c5   Thumb Code     4  rtx_conf_cm.o(.text)
    os_error                                 0x000011c9   Thumb Code    26  rtx_conf_cm.o(.text)
    __aeabi_uldivmod                         0x000011e3   Thumb Code    98  uldiv.o(.text)
    __scatterload                            0x00001245   Thumb Code    28  init.o(.text)
    __scatterload_rt2                        0x00001245   Thumb Code     0  init.o(.text)
    __aeabi_llsl                             0x00001269   Thumb Code    30  llshl.o(.text)
    _ll_shift_l                              0x00001269   Thumb Code     0  llshl.o(.text)
    __aeabi_llsr                             0x00001287   Thumb Code    32  llushr.o(.text)
    _ll_ushift_r                             0x00001287   Thumb Code     0  llushr.o(.text)
    SVC_Count                                0x000012a8   Data           4  SVC_Table.o(SVC_TABLE)
    SVC_Table                                0x000012ac   Data           0  SVC_Table.o(SVC_TABLE)
    __0printf$5                              0x000012ad   Thumb Code    22  printf5.o(i.__0printf$5)
    __1printf$5                              0x000012ad   Thumb Code     0  printf5.o(i.__0printf$5)
    __2printf                                0x000012ad   Thumb Code     0  printf5.o(i.__0printf$5)
    __scatterload_copy                       0x000012cd   Thumb Code    14  handlers.o(i.__scatterload_copy)
    __scatterload_null                       0x000012db   Thumb Code     2  handlers.o(i.__scatterload_null)
    __scatterload_zeroinit                   0x000012dd   Thumb Code    14  handlers.o(i.__scatterload_zeroinit)
    _init_box                                0x000012eb   Thumb Code    70  rt_membox.o(i._init_box)
    dbg_init                                 0x000015f1   Thumb Code    34  hal_cm.o(i.dbg_init)
    dbg_task_notify                          0x00001621   Thumb Code    32  hal_cm.o(i.dbg_task_notify)
    dbg_task_switch                          0x00001641   Thumb Code    16  hal_cm.o(i.dbg_task_switch)
    isr_evt_set                              0x0000167d   Thumb Code    34  rt_event.o(i.isr_evt_set)
    isr_mbx_receive                          0x000016a5   Thumb Code    80  rt_mailbox.o(i.isr_mbx_receive)
    isr_mbx_send                             0x000016f5   Thumb Code    14  rt_mailbox.o(i.isr_mbx_send)
    osDelay                                  0x00001705   Thumb Code    18  rt_cmsis.o(i.osDelay)
    osKernelInitialize                       0x0000171d   Thumb Code    30  rt_cmsis.o(i.osKernelInitialize)
    osKernelStart                            0x00001741   Thumb Code    98  rt_cmsis.o(i.osKernelStart)
    osMessageGet                             0x000017ad   Thumb Code    64  rt_cmsis.o(i.osMessageGet)
    osSignalSet                              0x000017f1   Thumb Code    48  rt_cmsis.o(i.osSignalSet)
    osSignalWait                             0x00001825   Thumb Code    18  rt_cmsis.o(i.osSignalWait)
    osThreadCreate                           0x0000183d   Thumb Code    38  rt_cmsis.o(i.osThreadCreate)
    osThreadExit                             0x0000186d   Thumb Code    14  rt_cmsis.o(i.osThreadExit)
    osTimerCall                              0x00001885   Thumb Code     8  rt_cmsis.o(i.osTimerCall)
    osTimerThread                            0x00001891   Thumb Code    38  rt_cmsis.o(i.osTimerThread)
    os_tick_init                             0x000018bd   Thumb Code    32  rt_system.o(i.os_tick_init)
    os_tick_irqack                           0x000018e5   Thumb Code     2  rt_system.o(i.os_tick_irqack)
    rt_alloc_box                             0x000018e9   Thumb Code    28  rt_membox.o(i.rt_alloc_box)
    rt_alloc_mem                             0x00001905   Thumb Code    60  rt_memory.o(i.rt_alloc_mem)
    rt_block                                 0x00001941   Thumb Code    48  rt_task.o(i.rt_block)
    rt_chk_robin                             0x00001979   Thumb Code    60  rt_robin.o(i.rt_chk_robin)
    rt_dec_dly                               0x000019c1   Thumb Code   104  rt_list.o(i.rt_dec_dly)
    rt_dispatch                              0x00001a31   Thumb Code    60  rt_task.o(i.rt_dispatch)
    rt_dly_wait                              0x00001a75   Thumb Code     6  rt_time.o(i.rt_dly_wait)
    rt_evt_psh                               0x00001a7d   Thumb Code    76  rt_event.o(i.rt_evt_psh)
    rt_evt_set                               0x00001acd   Thumb Code    88  rt_event.o(i.rt_evt_set)
    rt_evt_wait                              0x00001b29   Thumb Code    58  rt_event.o(i.rt_evt_wait)
    rt_free_box                              0x00001b69   Thumb Code    32  rt_membox.o(i.rt_free_box)
    rt_free_mem                              0x00001b89   Thumb Code    40  rt_memory.o(i.rt_free_mem)
    rt_get_first                             0x00001bb1   Thumb Code    40  rt_list.o(i.rt_get_first)
    rt_init_mem                              0x00001c29   Thumb Code    26  rt_memory.o(i.rt_init_mem)
    rt_init_robin                            0x00001c45   Thumb Code    14  rt_robin.o(i.rt_init_robin)
    rt_init_stack                            0x00001c5d   Thumb Code    70  hal_cm.o(i.rt_init_stack)
    rt_mbx_check                             0x00001cad   Thumb Code     8  rt_mailbox.o(i.rt_mbx_check)
    rt_mbx_init                              0x00001cb5   Thumb Code    26  rt_mailbox.o(i.rt_mbx_init)
    rt_mbx_psh                               0x00001cd1   Thumb Code   234  rt_mailbox.o(i.rt_mbx_psh)
    rt_mbx_wait                              0x00001dc1   Thumb Code   170  rt_mailbox.o(i.rt_mbx_wait)
    rt_pop_req                               0x00001ead   Thumb Code   106  rt_system.o(i.rt_pop_req)
    rt_psh_req                               0x00001f25   Thumb Code    22  rt_system.o(i.rt_psh_req)
    rt_psq_enq                               0x00001f45   Thumb Code    82  rt_list.o(i.rt_psq_enq)
    rt_put_dly                               0x00001f9d   Thumb Code    88  rt_list.o(i.rt_put_dly)
    rt_put_prio                              0x00001ff9   Thumb Code    56  rt_list.o(i.rt_put_prio)
    rt_put_rdy_first                         0x00002031   Thumb Code    14  rt_list.o(i.rt_put_rdy_first)
    rt_resort_prio                           0x00002045   Thumb Code    46  rt_list.o(i.rt_resort_prio)
    rt_ret_val                               0x00002089   Thumb Code    12  hal_cm.o(i.rt_ret_val)
    rt_ret_val2                              0x00002095   Thumb Code    16  hal_cm.o(i.rt_ret_val2)
    rt_rmv_dly                               0x000020a5   Thumb Code    40  rt_list.o(i.rt_rmv_dly)
    rt_rmv_list                              0x000020cd   Thumb Code    44  rt_list.o(i.rt_rmv_list)
    rt_sem_psh                               0x000020fd   Thumb Code    48  rt_semaphore.o(i.rt_sem_psh)
    rt_stk_check                             0x00002131   Thumb Code    28  rt_system.o(i.rt_stk_check)
    rt_switch_req                            0x00002155   Thumb Code    30  rt_task.o(i.rt_switch_req)
    rt_sys_init                              0x0000217d   Thumb Code   200  rt_task.o(i.rt_sys_init)
    rt_sys_start                             0x00002289   Thumb Code    44  rt_task.o(i.rt_sys_start)
    rt_systick                               0x000022bd   Thumb Code    48  rt_system.o(i.rt_systick)
    rt_tsk_create                            0x00002349   Thumb Code   112  rt_task.o(i.rt_tsk_create)
    rt_tsk_delete                            0x000023c9   Thumb Code   332  rt_task.o(i.rt_tsk_delete)
    rt_tsk_prio                              0x00002531   Thumb Code   106  rt_task.o(i.rt_tsk_prio)
    rt_tsk_self                              0x000025ad   Thumb Code    12  rt_task.o(i.rt_tsk_self)
    svcDelay                                 0x000025bd   Thumb Code    20  rt_cmsis.o(i.svcDelay)
    svcKernelInitialize                      0x000025d1   Thumb Code    80  rt_cmsis.o(i.svcKernelInitialize)
    svcKernelStart                           0x00002641   Thumb Code    62  rt_cmsis.o(i.svcKernelStart)
    svcMessageCreate                         0x00002689   Thumb Code    36  rt_cmsis.o(i.svcMessageCreate)
    svcMessageGet                            0x000026ad   Thumb Code    58  rt_cmsis.o(i.svcMessageGet)
    svcSignalSet                             0x000026e7   Thumb Code    36  rt_cmsis.o(i.svcSignalSet)
    svcSignalWait                            0x0000270d   Thumb Code    80  rt_cmsis.o(i.svcSignalWait)
    svcThreadCreate                          0x00002761   Thumb Code   100  rt_cmsis.o(i.svcThreadCreate)
    svcThreadGetId                           0x000027d1   Thumb Code    22  rt_cmsis.o(i.svcThreadGetId)
    svcThreadTerminate                       0x000027ed   Thumb Code    50  rt_cmsis.o(i.svcThreadTerminate)
    svcTimerCall                             0x00002825   Thumb Code    24  rt_cmsis.o(i.svcTimerCall)
    sysTimerTick                             0x0000283d   Thumb Code    76  rt_cmsis.o(i.sysTimerTick)
    os_thread_def_phaseA                     0x00002890   Data          16  blinky.o(.constdata)
    os_thread_def_phaseB                     0x000028a0   Data          16  blinky.o(.constdata)
    os_thread_def_phaseC                     0x000028b0   Data          16  blinky.o(.constdata)
    os_thread_def_phaseD                     0x000028c0   Data          16  blinky.o(.constdata)
    os_thread_def_clock                      0x000028d0   Data          16  blinky.o(.constdata)
    led_mask                                 0x000028e0   Data          32  led.o(.constdata)
    os_maxtaskrun                            0x00002930   Data           2  rtx_conf_cm.o(.constdata)
    os_stackinfo                             0x00002934   Data           4  rtx_conf_cm.o(.constdata)
    os_rrobin                                0x00002938   Data           4  rtx_conf_cm.o(.constdata)
    os_tickfreq                              0x0000293c   Data           4  rtx_conf_cm.o(.constdata)
    os_tickus_i                              0x00002940   Data           2  rtx_conf_cm.o(.constdata)
    os_tickus_f                              0x00002942   Data           2  rtx_conf_cm.o(.constdata)
    os_trv                                   0x00002944   Data           4  rtx_conf_cm.o(.constdata)
    os_flags                                 0x00002948   Data           1  rtx_conf_cm.o(.constdata)
    CMSIS_RTOS_API_Version                   0x0000294c   Data           4  rtx_conf_cm.o(.constdata)
    CMSIS_RTOS_RTX_Version                   0x00002950   Data           4  rtx_conf_cm.o(.constdata)
    os_clockrate                             0x00002954   Data           4  rtx_conf_cm.o(.constdata)
    os_timernum                              0x00002958   Data           4  rtx_conf_cm.o(.constdata)
    mp_tcb_size                              0x0000295c   Data           2  rtx_conf_cm.o(.constdata)
    mp_stk_size                              0x00002960   Data           4  rtx_conf_cm.o(.constdata)
    os_stack_sz                              0x00002964   Data           4  rtx_conf_cm.o(.constdata)
    os_fifo_size                             0x00002968   Data           1  rtx_conf_cm.o(.constdata)
    os_thread_def_osTimerThread              0x0000296c   Data          16  rtx_conf_cm.o(.constdata)
    os_messageQ_def_osTimerMessageQ          0x0000297c   Data           8  rtx_conf_cm.o(.constdata)
    mp_tmr_size                              0x00002984   Data           2  rtx_conf_cm.o(.constdata)
    Region$$Table$$Base                      0x00002988   Number         0  anon$$obj.o(Region$$Table)
    Region$$Table$$Limit                     0x000029a8   Number         0  anon$$obj.o(Region$$Table)
    SystemCoreClock                          0x20000004   Data           4  system_nuc472_442.o(.data)
    CyclesPerUs                              0x20000008   Data           4  system_nuc472_442.o(.data)
    gau32ClkSrcTbl                           0x2000000c   Data          32  system_nuc472_442.o(.data)
    t_phaseA                                 0x20000030   Data           4  blinky.o(.data)
    t_phaseB                                 0x20000034   Data           4  blinky.o(.data)
    t_phaseC                                 0x20000038   Data           4  blinky.o(.data)
    t_phaseD                                 0x2000003c   Data           4  blinky.o(.data)
    t_clock                                  0x20000040   Data           4  blinky.o(.data)
    __stdout                                 0x20000048   Data           4  retarget.o(.data)
    __stdin                                  0x2000004c   Data           4  retarget.o(.data)
    os_tmr                                   0x20000050   Data           4  rtx_conf_cm.o(.data)
    m_tmr                                    0x20000054   Data           4  rtx_conf_cm.o(.data)
    os_thread_def_main                       0x20000058   Data          16  rtx_conf_cm.o(.data)
    osThreadId_osTimerThread                 0x20000068   Data           4  rtx_conf_cm.o(.data)
    osMessageQId_osTimerMessageQ             0x2000006c   Data           4  rtx_conf_cm.o(.data)
    os_initialized                           0x20000070   Data           1  rt_cmsis.o(.data)
    os_running                               0x20000071   Data           1  rt_cmsis.o(.data)
    os_timer_head                            0x20000074   Data           4  rt_cmsis.o(.data)
    os_tsk                                   0x20000078   Data           8  rt_task.o(.data)
    os_tick_irqn                             0x20000084   Data           4  rt_system.o(.data)
    os_time                                  0x20000088   Data           4  rt_time.o(.data)
    dbg_msg                                  0x2000008c   Data           1  hal_cm.o(.data)
    os_robin                                 0x20000090   Data           8  rt_robin.o(.data)
    os_messageQ_q_osTimerMessageQ            0x20000098   Data          32  rtx_conf_cm.o(.bss)
    mp_tcb                                   0x200000b8   Data         376  rtx_conf_cm.o(.bss)
    mp_stk                                   0x20000230   Data        1216  rtx_conf_cm.o(.bss)
    os_stack_mem                             0x200006f0   Data         432  rtx_conf_cm.o(.bss)
    os_fifo                                  0x200008a0   Data         132  rtx_conf_cm.o(.bss)
    os_active_TCB                            0x20000924   Data          28  rtx_conf_cm.o(.bss)
    os_idle_TCB                              0x20000940   Data          52  rt_task.o(.bss)
    os_rdy                                   0x20000974   Data          24  rt_list.o(.bss)
    os_dly                                   0x2000098c   Data          24  rt_list.o(.bss)
    __initial_sp                             0x200019a8   Data           0  startup_nuc472_442.o(STACK)



==============================================================================

Memory Map of the image

  Image Entry point : 0x000004a9

  Load Region LR_IROM1 (Base: 0x00000000, Size: 0x00002a40, Max: 0x00080000, ABSOLUTE)

    Execution Region ER_IROM1 (Base: 0x00000000, Size: 0x000029a8, Max: 0x00080000, ABSOLUTE)

    Base Addr    Size         Type   Attr      Idx    E Section Name        Object

    0x00000000   0x00000278   Data   RO          145    RESET               startup_nuc472_442.o
    0x00000278   0x00000000   Code   RO         1623  * .ARM.Collect$$$$00000000  mc_w.l(entry.o)
    0x00000278   0x00000004   Code   RO         1887    .ARM.Collect$$$$00000001  mc_w.l(entry2.o)
    0x0000027c   0x00000004   Code   RO         1890    .ARM.Collect$$$$00000004  mc_w.l(entry5.o)
    0x00000280   0x00000000   Code   RO         1892    .ARM.Collect$$$$00000008  mc_w.l(entry7b.o)
    0x00000280   0x00000000   Code   RO         1894    .ARM.Collect$$$$0000000A  mc_w.l(entry8b.o)
    0x00000280   0x00000000   Code   RO         1895    .ARM.Collect$$$$0000000D  mc_w.l(entry10a.o)
    0x00000280   0x00000000   Code   RO         1897    .ARM.Collect$$$$0000000F  mc_w.l(entry11a.o)
    0x00000280   0x00000018   Code   RO          403    .ARM.Collect$$$$000000FF  rtx_conf_cm.o
    0x00000298   0x00000004   Code   RO         1888    .ARM.Collect$$$$00002712  mc_w.l(entry2.o)
    0x0000029c   0x0000001c   Code   RO          374    .emb_text           retarget.o
    0x000002b8   0x00000180   Code   RO         1610    .emb_text           RTX_CM4.lib(hal_cm4.o)
    0x00000438   0x00000070   Code   RO            3    .text               system_nuc472_442.o
    0x000004a8   0x00000068   Code   RO          146  * .text               startup_nuc472_442.o
    0x00000510   0x00000210   Code   RO          152    .text               blinky.o
    0x00000720   0x00000084   Code   RO          239    .text               led.o
    0x000007a4   0x00000544   Code   RO          285    .text               clk.o
    0x00000ce8   0x00000100   Code   RO          307    .text               sys.o
    0x00000de8   0x00000278   Code   RO          329    .text               uart.o
    0x00001060   0x00000164   Code   RO          375    .text               retarget.o
    0x000011c4   0x0000001e   Code   RO          404    .text               rtx_conf_cm.o
    0x000011e2   0x00000062   Code   RO         1901    .text               mc_w.l(uldiv.o)
    0x00001244   0x00000024   Code   RO         1914    .text               mc_w.l(init.o)
    0x00001268   0x0000001e   Code   RO         1916    .text               mc_w.l(llshl.o)
    0x00001286   0x00000020   Code   RO         1918    .text               mc_w.l(llushr.o)
    0x000012a6   0x00000002   PAD
    0x000012a8   0x00000004   Code   RO         1620    SVC_TABLE           RTX_CM4.lib(SVC_Table.o)
    0x000012ac   0x00000020   Code   RO         1759    i.__0printf$5       mc_w.l(printf5.o)
    0x000012cc   0x0000000e   Code   RO         1926    i.__scatterload_copy  mc_w.l(handlers.o)
    0x000012da   0x00000002   Code   RO         1927    i.__scatterload_null  mc_w.l(handlers.o)
    0x000012dc   0x0000000e   Code   RO         1928    i.__scatterload_zeroinit  mc_w.l(handlers.o)
    0x000012ea   0x00000046   Code   RO         1483    i._init_box         RTX_CM4.lib(rt_membox.o)
    0x00001330   0x000002c0   Code   RO         1766    i._printf_core      mc_w.l(printf5.o)
    0x000015f0   0x00000030   Code   RO         1536    i.dbg_init          RTX_CM4.lib(hal_cm.o)
    0x00001620   0x00000020   Code   RO         1537    i.dbg_task_notify   RTX_CM4.lib(hal_cm.o)
    0x00001640   0x00000010   Code   RO         1538    i.dbg_task_switch   RTX_CM4.lib(hal_cm.o)
    0x00001650   0x0000002c   Code   RO          434    i.isrMessagePut     RTX_CM4.lib(rt_cmsis.o)
    0x0000167c   0x00000028   Code   RO         1211    i.isr_evt_set       RTX_CM4.lib(rt_event.o)
    0x000016a4   0x00000050   Code   RO         1329    i.isr_mbx_receive   RTX_CM4.lib(rt_mailbox.o)
    0x000016f4   0x0000000e   Code   RO         1330    i.isr_mbx_send      RTX_CM4.lib(rt_mailbox.o)
    0x00001702   0x00000002   PAD
    0x00001704   0x00000018   Code   RO          435    i.osDelay           RTX_CM4.lib(rt_cmsis.o)
    0x0000171c   0x00000024   Code   RO          436    i.osKernelInitialize  RTX_CM4.lib(rt_cmsis.o)
    0x00001740   0x0000006c   Code   RO          438    i.osKernelStart     RTX_CM4.lib(rt_cmsis.o)
    0x000017ac   0x00000044   Code   RO          447    i.osMessageGet      RTX_CM4.lib(rt_cmsis.o)
    0x000017f0   0x00000034   Code   RO          462    i.osSignalSet       RTX_CM4.lib(rt_cmsis.o)
    0x00001824   0x00000018   Code   RO          463    i.osSignalWait      RTX_CM4.lib(rt_cmsis.o)
    0x0000183c   0x00000030   Code   RO          464    i.osThreadCreate    RTX_CM4.lib(rt_cmsis.o)
    0x0000186c   0x00000018   Code   RO          465    i.osThreadExit      RTX_CM4.lib(rt_cmsis.o)
    0x00001884   0x0000000c   Code   RO          471    i.osTimerCall       RTX_CM4.lib(rt_cmsis.o)
    0x00001890   0x0000002c   Code   RO          476    i.osTimerThread     RTX_CM4.lib(rt_cmsis.o)
    0x000018bc   0x00000028   Code   RO         1121    i.os_tick_init      RTX_CM4.lib(rt_system.o)
    0x000018e4   0x00000002   Code   RO         1122    i.os_tick_irqack    RTX_CM4.lib(rt_system.o)
    0x000018e6   0x00000002   PAD
    0x000018e8   0x0000001c   Code   RO         1484    i.rt_alloc_box      RTX_CM4.lib(rt_membox.o)
    0x00001904   0x0000003c   Code   RO         1512    i.rt_alloc_mem      RTX_CM4.lib(rt_memory.o)
    0x00001940   0x00000038   Code   RO         1036    i.rt_block          RTX_CM4.lib(rt_task.o)
    0x00001978   0x00000048   Code   RO         1589    i.rt_chk_robin      RTX_CM4.lib(rt_robin.o)
    0x000019c0   0x00000070   Code   RO         1253    i.rt_dec_dly        RTX_CM4.lib(rt_list.o)
    0x00001a30   0x00000044   Code   RO         1037    i.rt_dispatch       RTX_CM4.lib(rt_task.o)
    0x00001a74   0x00000006   Code   RO         1419    i.rt_dly_wait       RTX_CM4.lib(rt_time.o)
    0x00001a7a   0x00000002   PAD
    0x00001a7c   0x00000050   Code   RO         1214    i.rt_evt_psh        RTX_CM4.lib(rt_event.o)
    0x00001acc   0x0000005c   Code   RO         1215    i.rt_evt_set        RTX_CM4.lib(rt_event.o)
    0x00001b28   0x00000040   Code   RO         1216    i.rt_evt_wait       RTX_CM4.lib(rt_event.o)
    0x00001b68   0x00000020   Code   RO         1485    i.rt_free_box       RTX_CM4.lib(rt_membox.o)
    0x00001b88   0x00000028   Code   RO         1513    i.rt_free_mem       RTX_CM4.lib(rt_memory.o)
    0x00001bb0   0x00000028   Code   RO         1254    i.rt_get_first      RTX_CM4.lib(rt_list.o)
    0x00001bd8   0x00000008   Code   RO          481    i.rt_id2obj         RTX_CM4.lib(rt_cmsis.o)
    0x00001be0   0x00000048   Code   RO         1038    i.rt_init_context   RTX_CM4.lib(rt_task.o)
    0x00001c28   0x0000001a   Code   RO         1514    i.rt_init_mem       RTX_CM4.lib(rt_memory.o)
    0x00001c42   0x00000002   PAD
    0x00001c44   0x00000018   Code   RO         1590    i.rt_init_robin     RTX_CM4.lib(rt_robin.o)
    0x00001c5c   0x00000050   Code   RO         1539    i.rt_init_stack     RTX_CM4.lib(hal_cm.o)
    0x00001cac   0x00000008   Code   RO         1331    i.rt_mbx_check      RTX_CM4.lib(rt_mailbox.o)
    0x00001cb4   0x0000001a   Code   RO         1332    i.rt_mbx_init       RTX_CM4.lib(rt_mailbox.o)
    0x00001cce   0x00000002   PAD
    0x00001cd0   0x000000f0   Code   RO         1333    i.rt_mbx_psh        RTX_CM4.lib(rt_mailbox.o)
    0x00001dc0   0x000000b0   Code   RO         1335    i.rt_mbx_wait       RTX_CM4.lib(rt_mailbox.o)
    0x00001e70   0x0000003c   Code   RO          482    i.rt_ms2tick        RTX_CM4.lib(rt_cmsis.o)
    0x00001eac   0x00000078   Code   RO         1125    i.rt_pop_req        RTX_CM4.lib(rt_system.o)
    0x00001f24   0x00000020   Code   RO         1126    i.rt_psh_req        RTX_CM4.lib(rt_system.o)
    0x00001f44   0x00000058   Code   RO         1256    i.rt_psq_enq        RTX_CM4.lib(rt_list.o)
    0x00001f9c   0x0000005c   Code   RO         1257    i.rt_put_dly        RTX_CM4.lib(rt_list.o)
    0x00001ff8   0x00000038   Code   RO         1258    i.rt_put_prio       RTX_CM4.lib(rt_list.o)
    0x00002030   0x00000014   Code   RO         1259    i.rt_put_rdy_first  RTX_CM4.lib(rt_list.o)
    0x00002044   0x00000034   Code   RO         1260    i.rt_resort_prio    RTX_CM4.lib(rt_list.o)
    0x00002078   0x00000010   Code   RO         1540    i.rt_ret_regs       RTX_CM4.lib(hal_cm.o)
    0x00002088   0x0000000c   Code   RO         1541    i.rt_ret_val        RTX_CM4.lib(hal_cm.o)
    0x00002094   0x00000010   Code   RO         1542    i.rt_ret_val2       RTX_CM4.lib(hal_cm.o)
    0x000020a4   0x00000028   Code   RO         1261    i.rt_rmv_dly        RTX_CM4.lib(rt_list.o)
    0x000020cc   0x00000030   Code   RO         1262    i.rt_rmv_list       RTX_CM4.lib(rt_list.o)
    0x000020fc   0x00000034   Code   RO         1380    i.rt_sem_psh        RTX_CM4.lib(rt_semaphore.o)
    0x00002130   0x00000024   Code   RO         1128    i.rt_stk_check      RTX_CM4.lib(rt_system.o)
    0x00002154   0x00000028   Code   RO         1039    i.rt_switch_req     RTX_CM4.lib(rt_task.o)
    0x0000217c   0x0000010c   Code   RO         1040    i.rt_sys_init       RTX_CM4.lib(rt_task.o)
    0x00002288   0x00000034   Code   RO         1041    i.rt_sys_start      RTX_CM4.lib(rt_task.o)
    0x000022bc   0x0000003c   Code   RO         1130    i.rt_systick        RTX_CM4.lib(rt_system.o)
    0x000022f8   0x00000012   Code   RO          483    i.rt_tid2ptcb       RTX_CM4.lib(rt_cmsis.o)
    0x0000230a   0x00000002   PAD
    0x0000230c   0x0000003c   Code   RO          484    i.rt_timer_insert   RTX_CM4.lib(rt_cmsis.o)
    0x00002348   0x00000080   Code   RO         1042    i.rt_tsk_create     RTX_CM4.lib(rt_task.o)
    0x000023c8   0x00000168   Code   RO         1043    i.rt_tsk_delete     RTX_CM4.lib(rt_task.o)
    0x00002530   0x0000007c   Code   RO         1045    i.rt_tsk_prio       RTX_CM4.lib(rt_task.o)
    0x000025ac   0x00000010   Code   RO         1046    i.rt_tsk_self       RTX_CM4.lib(rt_task.o)
    0x000025bc   0x00000014   Code   RO          486    i.svcDelay          RTX_CM4.lib(rt_cmsis.o)
    0x000025d0   0x00000070   Code   RO          487    i.svcKernelInitialize  RTX_CM4.lib(rt_cmsis.o)
    0x00002640   0x00000048   Code   RO          489    i.svcKernelStart    RTX_CM4.lib(rt_cmsis.o)
    0x00002688   0x00000024   Code   RO          492    i.svcMessageCreate  RTX_CM4.lib(rt_cmsis.o)
    0x000026ac   0x0000003a   Code   RO          493    i.svcMessageGet     RTX_CM4.lib(rt_cmsis.o)
    0x000026e6   0x00000024   Code   RO          505    i.svcSignalSet      RTX_CM4.lib(rt_cmsis.o)
    0x0000270a   0x00000002   PAD
    0x0000270c   0x00000054   Code   RO          506    i.svcSignalWait     RTX_CM4.lib(rt_cmsis.o)
    0x00002760   0x00000070   Code   RO          507    i.svcThreadCreate   RTX_CM4.lib(rt_cmsis.o)
    0x000027d0   0x0000001c   Code   RO          508    i.svcThreadGetId    RTX_CM4.lib(rt_cmsis.o)
    0x000027ec   0x00000038   Code   RO          511    i.svcThreadTerminate  RTX_CM4.lib(rt_cmsis.o)
    0x00002824   0x00000018   Code   RO          513    i.svcTimerCall      RTX_CM4.lib(rt_cmsis.o)
    0x0000283c   0x00000054   Code   RO          522    i.sysTimerTick      RTX_CM4.lib(rt_cmsis.o)
    0x00002890   0x00000050   Data   RO          153    .constdata          blinky.o
    0x000028e0   0x00000020   Data   RO          240    .constdata          led.o
    0x00002900   0x00000030   Data   RO          330    .constdata          uart.o
    0x00002930   0x00000056   Data   RO          406    .constdata          rtx_conf_cm.o
    0x00002986   0x00000002   PAD
    0x00002988   0x00000020   Data   RO         1924    Region$$Table       anon$$obj.o


    Execution Region RW_IRAM1 (Base: 0x20000000, Size: 0x000019a8, Max: 0x00010000, ABSOLUTE)

    Base Addr    Size         Type   Attr      Idx    E Section Name        Object

    0x20000000   0x0000002c   Data   RW            4    .data               system_nuc472_442.o
    0x2000002c   0x00000018   Data   RW          154    .data               blinky.o
    0x20000044   0x0000000c   Data   RW          376    .data               retarget.o
    0x20000050   0x00000020   Data   RW          407    .data               rtx_conf_cm.o
    0x20000070   0x00000008   Data   RW          525    .data               RTX_CM4.lib(rt_cmsis.o)
    0x20000078   0x00000008   Data   RW         1048    .data               RTX_CM4.lib(rt_task.o)
    0x20000080   0x00000008   Data   RW         1133    .data               RTX_CM4.lib(rt_system.o)
    0x20000088   0x00000004   Data   RW         1423    .data               RTX_CM4.lib(rt_time.o)
    0x2000008c   0x00000001   Data   RW         1543    .data               RTX_CM4.lib(hal_cm.o)
    0x2000008d   0x00000003   PAD
    0x20000090   0x00000008   Data   RW         1591    .data               RTX_CM4.lib(rt_robin.o)
    0x20000098   0x000008a8   Zero   RW          405    .bss                rtx_conf_cm.o
    0x20000940   0x00000034   Zero   RW         1047    .bss                RTX_CM4.lib(rt_task.o)
    0x20000974   0x00000030   Zero   RW         1263    .bss                RTX_CM4.lib(rt_list.o)
    0x200009a4   0x00000004   PAD
    0x200009a8   0x00001000   Zero   RW          143    STACK               startup_nuc472_442.o


==============================================================================

Image component sizes


      Code (inc. data)   RO Data    RW Data    ZI Data      Debug   Object Name

       528         82         80         24          0       6826   blinky.o
      1348        106          0          0          0       6232   clk.o
       132         12         32          0          0       1581   led.o
       384        130          0         12          0       4751   retarget.o
        54          6         86         32       2216       7158   rtx_conf_cm.o
       104         26        632          0       4096        904   startup_nuc472_442.o
       256          6          0          0          0       2160   sys.o
       112         30          0         44          0       5844   system_nuc472_442.o
       632         12         48          0          0     304146   uart.o

    ----------------------------------------------------------------------
      3550        410        912        112       6312     339602   Object Totals
         0          0         32          0          0          0   (incl. Generated)
         0          0          2          0          0          0   (incl. Padding)

    ----------------------------------------------------------------------

      Code (inc. data)   RO Data    RW Data    ZI Data      Debug   Library Member Name

         4          4          0          0          0        148   SVC_Table.o
       220         24          0          1          0       4020   hal_cm.o
       384         28          0          0          0        744   hal_cm4.o
      1352        158          0          8          0      32599   rt_cmsis.o
       276         20          0          0          0       2614   rt_event.o
       548         34          0          0         48       7945   rt_list.o
       544         12          0          0          0       3901   rt_mailbox.o
       130          0          0          0          0       1897   rt_membox.o
       126          0          0          0          0       2235   rt_memory.o
        96         22          0          8          0       1106   rt_robin.o
        52          4          0          0          0        573   rt_semaphore.o
       290         52          0          8          0       5839   rt_system.o
      1184        174          0          8         52       9105   rt_task.o
         6          0          0          4          0        604   rt_time.o
         0          0          0          0          0          0   entry.o
         0          0          0          0          0          0   entry10a.o
         0          0          0          0          0          0   entry11a.o
         8          4          0          0          0          0   entry2.o
         4          0          0          0          0          0   entry5.o
         0          0          0          0          0          0   entry7b.o
         0          0          0          0          0          0   entry8b.o
        30          0          0          0          0          0   handlers.o
        36          8          0          0          0         68   init.o
        30          0          0          0          0         68   llshl.o
        32          0          0          0          0         68   llushr.o
       736         56          0          0          0        184   printf5.o
        98          0          0          0          0         92   uldiv.o

    ----------------------------------------------------------------------
      6202        600          0         40        104      73810   Library Totals
        16          0          0          3          4          0   (incl. Padding)

    ----------------------------------------------------------------------

      Code (inc. data)   RO Data    RW Data    ZI Data      Debug   Library Name

      5212        532          0         37        100      73330   RTX_CM4.lib
       974         68          0          0          0        480   mc_w.l

    ----------------------------------------------------------------------
      6202        600          0         40        104      73810   Library Totals

    ----------------------------------------------------------------------

==============================================================================


      Code (inc. data)   RO Data    RW Data    ZI Data      Debug   

      9752       1010        912        152       6416     403456   Grand Totals
      9752       1010        912        152       6416     403456   ELF Image Totals
      9752       1010        912        152          0          0   ROM Totals

==============================================================================

    Total RO  Size (Code + RO Data)                10664 (  10.41kB)
    Total RW  Size (RW Data + ZI Data)              6568 (   6.41kB)
    Total ROM Size (Code + RO Data + RW Data)      10816 (  10.56kB)

==============================================================================

